Archive member included to satisfy reference by file (symbol)

e:/stm32/stm32cubeide_1.7.0/stm32cubeide/plugins/com.st.stm32cube.ide.mcu.externaltools.gnu-tools-for-stm32.9-2020-q2-update.win32_2.0.0.202105311346/tools/bin/../lib/gcc/arm-none-eabi/9.3.1/../../../../arm-none-eabi/lib/thumb/v7-m/nofp\libc_nano.a(lib_a-errno.o)
                              ./Core/Src/syscalls.o (__errno)
e:/stm32/stm32cubeide_1.7.0/stm32cubeide/plugins/com.st.stm32cube.ide.mcu.externaltools.gnu-tools-for-stm32.9-2020-q2-update.win32_2.0.0.202105311346/tools/bin/../lib/gcc/arm-none-eabi/9.3.1/../../../../arm-none-eabi/lib/thumb/v7-m/nofp\libc_nano.a(lib_a-exit.o)
                              e:/stm32/stm32cubeide_1.7.0/stm32cubeide/plugins/com.st.stm32cube.ide.mcu.externaltools.gnu-tools-for-stm32.9-2020-q2-update.win32_2.0.0.202105311346/tools/bin/../lib/gcc/arm-none-eabi/9.3.1/../../../../arm-none-eabi/lib/thumb/v7-m/nofp/crt0.o (exit)
e:/stm32/stm32cubeide_1.7.0/stm32cubeide/plugins/com.st.stm32cube.ide.mcu.externaltools.gnu-tools-for-stm32.9-2020-q2-update.win32_2.0.0.202105311346/tools/bin/../lib/gcc/arm-none-eabi/9.3.1/../../../../arm-none-eabi/lib/thumb/v7-m/nofp\libc_nano.a(lib_a-impure.o)
                              e:/stm32/stm32cubeide_1.7.0/stm32cubeide/plugins/com.st.stm32cube.ide.mcu.externaltools.gnu-tools-for-stm32.9-2020-q2-update.win32_2.0.0.202105311346/tools/bin/../lib/gcc/arm-none-eabi/9.3.1/../../../../arm-none-eabi/lib/thumb/v7-m/nofp\libc_nano.a(lib_a-exit.o) (_global_impure_ptr)
e:/stm32/stm32cubeide_1.7.0/stm32cubeide/plugins/com.st.stm32cube.ide.mcu.externaltools.gnu-tools-for-stm32.9-2020-q2-update.win32_2.0.0.202105311346/tools/bin/../lib/gcc/arm-none-eabi/9.3.1/../../../../arm-none-eabi/lib/thumb/v7-m/nofp\libc_nano.a(lib_a-init.o)
                              e:/stm32/stm32cubeide_1.7.0/stm32cubeide/plugins/com.st.stm32cube.ide.mcu.externaltools.gnu-tools-for-stm32.9-2020-q2-update.win32_2.0.0.202105311346/tools/bin/../lib/gcc/arm-none-eabi/9.3.1/../../../../arm-none-eabi/lib/thumb/v7-m/nofp/crt0.o (__libc_init_array)
e:/stm32/stm32cubeide_1.7.0/stm32cubeide/plugins/com.st.stm32cube.ide.mcu.externaltools.gnu-tools-for-stm32.9-2020-q2-update.win32_2.0.0.202105311346/tools/bin/../lib/gcc/arm-none-eabi/9.3.1/../../../../arm-none-eabi/lib/thumb/v7-m/nofp\libc_nano.a(lib_a-memset.o)
                              e:/stm32/stm32cubeide_1.7.0/stm32cubeide/plugins/com.st.stm32cube.ide.mcu.externaltools.gnu-tools-for-stm32.9-2020-q2-update.win32_2.0.0.202105311346/tools/bin/../lib/gcc/arm-none-eabi/9.3.1/../../../../arm-none-eabi/lib/thumb/v7-m/nofp/crt0.o (memset)
e:/stm32/stm32cubeide_1.7.0/stm32cubeide/plugins/com.st.stm32cube.ide.mcu.externaltools.gnu-tools-for-stm32.9-2020-q2-update.win32_2.0.0.202105311346/tools/bin/../lib/gcc/arm-none-eabi/9.3.1/../../../../arm-none-eabi/lib/thumb/v7-m/nofp\libc_nano.a(lib_a-nano-vfprintf_float.o)
                              (_printf_float)
e:/stm32/stm32cubeide_1.7.0/stm32cubeide/plugins/com.st.stm32cube.ide.mcu.externaltools.gnu-tools-for-stm32.9-2020-q2-update.win32_2.0.0.202105311346/tools/bin/../lib/gcc/arm-none-eabi/9.3.1/../../../../arm-none-eabi/lib/thumb/v7-m/nofp\libc_nano.a(lib_a-nano-vfprintf_i.o)
                              e:/stm32/stm32cubeide_1.7.0/stm32cubeide/plugins/com.st.stm32cube.ide.mcu.externaltools.gnu-tools-for-stm32.9-2020-q2-update.win32_2.0.0.202105311346/tools/bin/../lib/gcc/arm-none-eabi/9.3.1/../../../../arm-none-eabi/lib/thumb/v7-m/nofp\libc_nano.a(lib_a-nano-vfprintf_float.o) (_printf_common)
e:/stm32/stm32cubeide_1.7.0/stm32cubeide/plugins/com.st.stm32cube.ide.mcu.externaltools.gnu-tools-for-stm32.9-2020-q2-update.win32_2.0.0.202105311346/tools/bin/../lib/gcc/arm-none-eabi/9.3.1/../../../../arm-none-eabi/lib/thumb/v7-m/nofp\libc_nano.a(lib_a-sprintf.o)
                              ./Core/Src/main.o (sprintf)
e:/stm32/stm32cubeide_1.7.0/stm32cubeide/plugins/com.st.stm32cube.ide.mcu.externaltools.gnu-tools-for-stm32.9-2020-q2-update.win32_2.0.0.202105311346/tools/bin/../lib/gcc/arm-none-eabi/9.3.1/../../../../arm-none-eabi/lib/thumb/v7-m/nofp\libc_nano.a(lib_a-strlen.o)
                              e:/stm32/stm32cubeide_1.7.0/stm32cubeide/plugins/com.st.stm32cube.ide.mcu.externaltools.gnu-tools-for-stm32.9-2020-q2-update.win32_2.0.0.202105311346/tools/bin/../lib/gcc/arm-none-eabi/9.3.1/../../../../arm-none-eabi/lib/thumb/v7-m/nofp\libc_nano.a(lib_a-nano-vfprintf_float.o) (strlen)
e:/stm32/stm32cubeide_1.7.0/stm32cubeide/plugins/com.st.stm32cube.ide.mcu.externaltools.gnu-tools-for-stm32.9-2020-q2-update.win32_2.0.0.202105311346/tools/bin/../lib/gcc/arm-none-eabi/9.3.1/../../../../arm-none-eabi/lib/thumb/v7-m/nofp\libc_nano.a(lib_a-dtoa.o)
[...]
Memory Configuration

Name             Origin             Length             Attributes
RAM              0x0000000020000000 0x0000000000002800 xrw
FLASH            0x0000000008000000 0x0000000000008000 xr
*default*        0x0000000000000000 0xffffffffffffffff

Linker script and memory map

LOAD e:/stm32/stm32cubeide_1.7.0/stm32cubeide/plugins/com.st.stm32cube.ide.mcu.externaltools.gnu-tools-for-stm32.9-2020-q2-update.win32_2.0.0.202105311346/tools/bin/../lib/gcc/arm-none-eabi/9.3.1/thumb/v7-m/nofp/crti.o
LOAD e:/stm32/stm32cubeide_1.7.0/stm32cubeide/plugins/com.st.stm32cube.ide.mcu.externaltools.gnu-tools-for-stm32.9-2020-q2-update.win32_2.0.0.202105311346/tools/bin/../lib/gcc/arm-none-eabi/9.3.1/thumb/v7-m/nofp/crtbegin.o
LOAD e:/stm32/stm32cubeide_1.7.0/stm32cubeide/plugins/com.st.stm32cube.ide.mcu.externaltools.gnu-tools-for-stm32.9-2020-q2-update.win32_2.0.0.202105311346/tools/bin/../lib/gcc/arm-none-eabi/9.3.1/../../../../arm-none-eabi/lib/thumb/v7-m/nofp/crt0.o
LOAD ./Core/Src/button.o
LOAD ./Core/Src/main.o
LOAD ./Core/Src/process_uart.o
LOAD ./Core/Src/software_timer.o
LOAD ./Core/Src/stm32f1xx_hal_msp.o
LOAD ./Core/Src/stm32f1xx_it.o
LOAD ./Core/Src/syscalls.o
LOAD ./Core/Src/sysmem.o
LOAD ./Core/Src/system_stm32f1xx.o
LOAD ./Core/Startup/startup_stm32f103c6tx.o
LOAD ./Drivers/STM32F1xx_HAL_Driver/Src/stm32f1xx_hal.o
LOAD ./Drivers/STM32F1xx_HAL_Driver/Src/stm32f1xx_hal_adc.o
LOAD ./Drivers/STM32F1xx_HAL_Driver/Src/stm32f1xx_hal_adc_ex.o
LOAD ./Drivers/STM32F1xx_HAL_Driver/Src/stm32f1xx_hal_cortex.o
LOAD ./Drivers/STM32F1xx_HAL_Driver/Src/stm32f1xx_hal_dma.o
LOAD ./Drivers/STM32F1xx_HAL_Driver/Src/stm32f1xx_hal_exti.o
LOAD ./Drivers/STM32F1xx_HAL_Driver/Src/stm32f1xx_hal_flash.o
LOAD ./Drivers/STM32F1xx_HAL_Driver/Src/stm32f1xx_hal_flash_ex.o
LOAD ./Drivers/STM32F1xx_HAL_Driver/Src/stm32f1xx_hal_gpio.o
LOAD ./Drivers/STM32F1xx_HAL_Driver/Src/stm32f1xx_hal_gpio_ex.o
LOAD ./Drivers/STM32F1xx_HAL_Driver/Src/stm32f1xx_hal_pwr.o
LOAD ./Drivers/STM32F1xx_HAL_Driver/Src/stm32f1xx_hal_rcc.o
LOAD ./Drivers/STM32F1xx_HAL_Driver/Src/stm32f1xx_hal_rcc_ex.o
LOAD ./Drivers/STM32F1xx_HAL_Driver/Src/stm32f1xx_hal_tim.o
LOAD ./Drivers/STM32F1xx_HAL_Driver/Src/stm32f1xx_hal_tim_ex.o
LOAD ./Drivers/STM32F1xx_HAL_Driver/Src/stm32f1xx_hal_uart.o
START GROUP
LOAD e:/stm32/stm32cubeide_1.7.0/stm32cubeide/plugins/com.st.stm32cube.ide.mcu.externaltools.gnu-tools-for-stm32.9-2020-q2-update.win32_2.0.0.202105311346/tools/bin/../lib/gcc/arm-none-eabi/9.3.1/../../../../arm-none-eabi/lib/thumb/v7-m/nofp\libc_nano.a
LOAD e:/stm32/stm32cubeide_1.7.0/stm32cubeide/plugins/com.st.stm32cube.ide.mcu.externaltools.gnu-tools-for-stm32.9-2020-q2-update.win32_2.0.0.202105311346/tools/bin/../lib/gcc/arm-none-eabi/9.3.1/../../../../arm-none-eabi/lib/thumb/v7-m/nofp\libm.a
END GROUP
START GROUP
LOAD e:/stm32/stm32cubeide_1.7.0/stm32cubeide/plugins/com.st.stm32cube.ide.mcu.externaltools.gnu-tools-for-stm32.9-2020-q2-update.win32_2.0.0.202105311346/tools/bin/../lib/gcc/arm-none-eabi/9.3.1/thumb/v7-m/nofp\libgcc.a
LOAD e:/stm32/stm32cubeide_1.7.0/stm32cubeide/plugins/com.st.stm32cube.ide.mcu.externaltools.gnu-tools-for-stm32.9-2020-q2-update.win32_2.0.0.202105311346/tools/bin/../lib/gcc/arm-none-eabi/9.3.1/../../../../arm-none-eabi/lib/thumb/v7-m/nofp\libc_nano.a
END GROUP
START GROUP
LOAD e:/stm32/stm32cubeide_1.7.0/stm32cubeide/plugins/com.st.stm32cube.ide.mcu.externaltools.gnu-tools-for-stm32.9-2020-q2-update.win32_2.0.0.202105311346/tools/bin/../lib/gcc/arm-none-eabi/9.3.1/thumb/v7-m/nofp\libgcc.a
LOAD e:/stm32/stm32cubeide_1.7.0/stm32cubeide/plugins/com.st.stm32cube.ide.mcu.externaltools.gnu-tools-for-stm32.9-2020-q2-update.win32_2.0.0.202105311346/tools/bin/../lib/gcc/arm-none-eabi/9.3.1/../../../../arm-none-eabi/lib/thumb/v7-m/nofp\libc_nano.a
LOAD e:/stm32/stm32cubeide_1.7.0/stm32cubeide/plugins/com.st.stm32cube.ide.mcu.externaltools.gnu-tools-for-stm32.9-2020-q2-update.win32_2.0.0.202105311346/tools/bin/../lib/gcc/arm-none-eabi/9.3.1/../../../../arm-none-eabi/lib/thumb/v7-m/nofp\libnosys.a
END GROUP
START GROUP
LOAD e:/stm32/stm32cubeide_1.7.0/stm32cubeide/plugins/com.st.stm32cube.ide.mcu.externaltools.gnu-tools-for-stm32.9-2020-q2-update.win32_2.0.0.202105311346/tools/bin/../lib/gcc/arm-none-eabi/9.3.1/thumb/v7-m/nofp\libgcc.a
LOAD e:/stm32/stm32cubeide_1.7.0/stm32cubeide/plugins/com.st.stm32cube.ide.mcu.externaltools.gnu-tools-for-stm32.9-2020-q2-update.win32_2.0.0.202105311346/tools/bin/../lib/gcc/arm-none-eabi/9.3.1/../../../../arm-none-eabi/lib/thumb/v7-m/nofp\libc_nano.a
LOAD e:/stm32/stm32cubeide_1.7.0/stm32cubeide/plugins/com.st.stm32cube.ide.mcu.externaltools.gnu-tools-for-stm32.9-2020-q2-update.win32_2.0.0.202105311346/tools/bin/../lib/gcc/arm-none-eabi/9.3.1/../../../../arm-none-eabi/lib/thumb/v7-m/nofp\libnosys.a
END GROUP
LOAD e:/stm32/stm32cubeide_1.7.0/stm32cubeide/plugins/com.st.stm32cube.ide.mcu.externaltools.gnu-tools-for-stm32.9-2020-q2-update.win32_2.0.0.202105311346/tools/bin/../lib/gcc/arm-none-eabi/9.3.1/thumb/v7-m/nofp/crtend.o
LOAD e:/stm32/stm32cubeide_1.7.0/stm32cubeide/plugins/com.st.stm32cube.ide.mcu.externaltools.gnu-tools-for-stm32.9-2020-q2-update.win32_2.0.0.202105311346/tools/bin/../lib/gcc/arm-none-eabi/9.3.1/thumb/v7-m/nofp/crtn.o
                0x0000000020002800                _estack = (ORIGIN (RAM) + LENGTH (RAM))
                0x0000000000000200                _Min_Heap_Size = 0x200
                0x0000000000000400                _Min_Stack_Size = 0x400

.isr_vector     0x0000000008000000      0x10c
                0x0000000008000000                . = ALIGN (0x4)
 *(.isr_vector)
 .isr_vector    0x0000000008000000      0x10c ./Core/Startup/startup_stm32f103c6tx.o
                0x0000000008000000                g_pfnVectors
                0x000000000800010c                . = ALIGN (0x4)

.text           0x0000000008000110     0x717c
                0x0000000008000110                . = ALIGN (0x4)
 *(.text)
 .text          0x0000000008000110       0x40 e:/stm32/stm32cubeide_1.7.0/stm32cubeide/plugins/com.st.stm32cube.ide.mcu.externaltools.gnu-tools-for-stm32.9-2020-q2-update.win32_2.0.0.202105311346/tools/bin/../lib/gcc/arm-none-eabi/9.3.1/thumb/v7-m/nofp/crtbegin.o
 .text          0x0000000008000150       0x10 e:/stm32/stm32cubeide_1.7.0/stm32cubeide/plugins/com.st.stm32cube.ide.mcu.externaltools.gnu-tools-for-stm32.9-2020-q2-update.win32_2.0.0.202105311346/tools/bin/../lib/gcc/arm-none-eabi/9.3.1/../../../../arm-none-eabi/lib/thumb/v7-m/nofp\libc_nano.a(lib_a-strlen.o)
                0x0000000008000150                strlen
 .text          0x0000000008000160      0x378 e:/stm32/stm32cubeide_1.7.0/stm32cubeide/plugins/com.st.stm32cube.ide.mcu.externaltools.gnu-tools-for-stm32.9-2020-q2-update.win32_2.0.0.202105311346/tools/bin/../lib/gcc/arm-none-eabi/9.3.1/thumb/v7-m/nofp\libgcc.a(_arm_addsubdf3.o)
                0x0000000008000160                __aeabi_drsub
                0x0000000008000168                __aeabi_dsub
                0x0000000008000168                __subdf3
                0x000000000800016c                __aeabi_dadd
                0x000000000800016c                __adddf3
                0x00000000080003e4                __floatunsidf
                0x00000000080003e4                __aeabi_ui2d
                0x0000000008000404                __floatsidf
                0x0000000008000404                __aeabi_i2d
                0x0000000008000428                __aeabi_f2d
                0x0000000008000428                __extendsfdf2
                0x000000000800046c                __floatundidf
                0x000000000800046c                __aeabi_ul2d
                0x000000000800047c                __floatdidf
                0x000000000800047c                __aeabi_l2d
 .text          0x00000000080004d8      0x424 e:/stm32/stm32cubeide_1.7.0/stm32cubeide/plugins/com.st.stm32cube.ide.mcu.externaltools.gnu-tools-for-stm32.9-2020-q2-update.win32_2.0.0.202105311346/tools/bin/../lib/gcc/arm-none-eabi/9.3.1/thumb/v7-m/nofp\libgcc.a(_arm_muldivdf3.o)
                0x00000000080004d8                __aeabi_dmul
                0x00000000080004d8                __muldf3
                0x000000000800072c                __divdf3
                0x000000000800072c                __aeabi_ddiv
 .text          0x00000000080008fc      0x110 e:/stm32/stm32cubeide_1.7.0/stm32cubeide/plugins/com.st.stm32cube.ide.mcu.externaltools.gnu-tools-for-stm32.9-2020-q2-update.win32_2.0.0.202105311346/tools/bin/../lib/gcc/arm-none-eabi/9.3.1/thumb/v7-m/nofp\libgcc.a(_arm_cmpdf2.o)
                0x00000000080008fc                __gtdf2
                0x00000000080008fc                __gedf2
                0x0000000008000904                __ltdf2
                0x0000000008000904                __ledf2
                0x000000000800090c                __nedf2
                0x000000000800090c                __eqdf2
                0x000000000800090c                __cmpdf2
                0x0000000008000988                __aeabi_cdrcmple
                0x0000000008000998                __aeabi_cdcmpeq
                0x0000000008000998                __aeabi_cdcmple
                0x00000000080009a8                __aeabi_dcmpeq
                0x00000000080009bc                __aeabi_dcmplt
                0x00000000080009d0                __aeabi_dcmple
                0x00000000080009e4                __aeabi_dcmpge
                0x00000000080009f8                __aeabi_dcmpgt
 .text          0x0000000008000a0c       0x2c e:/stm32/stm32cubeide_1.7.0/stm32cubeide/plugins/com.st.stm32cube.ide.mcu.externaltools.gnu-tools-for-stm32.9-2020-q2-update.win32_2.0.0.202105311346/tools/bin/../lib/gcc/arm-none-eabi/9.3.1/thumb/v7-m/nofp\libgcc.a(_arm_unorddf2.o)
                0x0000000008000a0c                __unorddf2
                0x0000000008000a0c                __aeabi_dcmpun
 .text          0x0000000008000a38       0x50 e:/stm32/stm32cubeide_1.7.0/stm32cubeide/plugins/com.st.stm32cube.ide.mcu.externaltools.gnu-tools-for-stm32.9-2020-q2-update.win32_2.0.0.202105311346/tools/bin/../lib/gcc/arm-none-eabi/9.3.1/thumb/v7-m/nofp\libgcc.a(_arm_fixdfsi.o)
                0x0000000008000a38                __aeabi_d2iz
                0x0000000008000a38                __fixdfsi
 *(.text*)
 .text.init_button_state
                0x0000000008000a88       0x68 ./Core/Src/button.o
                0x0000000008000a88                init_button_state
 .text.checkState
                0x0000000008000af0       0x48 ./Core/Src/button.o
                0x0000000008000af0                checkState
 .text.getKey   0x0000000008000b38       0xfc ./Core/Src/button.o
                0x0000000008000b38                getKey
 .text.HAL_UART_RxCpltCallback
                0x0000000008000c34       0x48 ./Core/Src/main.o
                0x0000000008000c34                HAL_UART_RxCpltCallback
 .text.main     0x0000000008000c7c      0x148 ./Core/Src/main.o
                0x0000000008000c7c                main
 .text.SystemClock_Config
                0x0000000008000dc4       0xa0 ./Core/Src/main.o
                0x0000000008000dc4                SystemClock_Config
 .text.MX_ADC1_Init
                0x0000000008000e64       0x7c ./Core/Src/main.o
 .text.MX_TIM2_Init
                0x0000000008000ee0       0x98 ./Core/Src/main.o
 .text.MX_USART2_UART_Init
                0x0000000008000f78       0x54 ./Core/Src/main.o
 .text.MX_GPIO_Init
                0x0000000008000fcc       0x98 ./Core/Src/main.o
 .text.HAL_TIM_PeriodElapsedCallback
                0x0000000008001064       0x28 ./Core/Src/main.o
                0x0000000008001064                HAL_TIM_PeriodElapsedCallback
 .text.Error_Handler
                0x000000000800108c        0xa ./Core/Src/main.o
                0x000000000800108c                Error_Handler
 *fill*         0x0000000008001096        0x2 
 .text.get_state
                0x0000000008001098       0x14 ./Core/Src/process_uart.o
                0x0000000008001098                get_state
 .text.init_uart
                0x00000000080010ac       0x50 ./Core/Src/process_uart.o
                0x00000000080010ac                init_uart
 .text.get_input
                0x00000000080010fc       0x40 ./Core/Src/process_uart.o
                0x00000000080010fc                get_input
 .text.fsm_RST  0x000000000800113c      0x14c ./Core/Src/process_uart.o
                0x000000000800113c                fsm_RST
 .text.fsm_OK   0x0000000008001288       0xec ./Core/Src/process_uart.o
                0x0000000008001288                fsm_OK
 .text.proccess_buffer
                0x0000000008001374       0x44 ./Core/Src/process_uart.o
                0x0000000008001374                proccess_buffer
 .text.isRST    0x00000000080013b8       0x14 ./Core/Src/process_uart.o
                0x00000000080013b8                isRST
 .text.get_flag
                0x00000000080013cc       0x20 ./Core/Src/software_timer.o
                0x00000000080013cc                get_flag
 .text.run_timer
                0x00000000080013ec       0x50 ./Core/Src/software_timer.o
                0x00000000080013ec                run_timer
 .text.set_timer
                0x000000000800143c       0x30 ./Core/Src/software_timer.o
                0x000000000800143c                set_timer
 .text.HAL_MspInit
                0x000000000800146c       0x64 ./Core/Src/stm32f1xx_hal_msp.o
                0x000000000800146c                HAL_MspInit
 .text.HAL_ADC_MspInit
                0x00000000080014d0       0x78 ./Core/Src/stm32f1xx_hal_msp.o
                0x00000000080014d0                HAL_ADC_MspInit
 .text.HAL_TIM_Base_MspInit
                0x0000000008001548       0x48 ./Core/Src/stm32f1xx_hal_msp.o
                0x0000000008001548                HAL_TIM_Base_MspInit
 .text.HAL_UART_MspInit
                0x0000000008001590       0xa4 ./Core/Src/stm32f1xx_hal_msp.o
                0x0000000008001590                HAL_UART_MspInit
 .text.NMI_Handler
                0x0000000008001634        0x6 ./Core/Src/stm32f1xx_it.o
                0x0000000008001634                NMI_Handler
 .text.HardFault_Handler
                0x000000000800163a        0x6 ./Core/Src/stm32f1xx_it.o
                0x000000000800163a                HardFault_Handler
 .text.MemManage_Handler
                0x0000000008001640        0x6 ./Core/Src/stm32f1xx_it.o
                0x0000000008001640                MemManage_Handler
 .text.BusFault_Handler
                0x0000000008001646        0x6 ./Core/Src/stm32f1xx_it.o
                0x0000000008001646                BusFault_Handler
 .text.UsageFault_Handler
                0x000000000800164c        0x6 ./Core/Src/stm32f1xx_it.o
                0x000000000800164c                UsageFault_Handler
 .text.SVC_Handler
                0x0000000008001652        0xc ./Core/Src/stm32f1xx_it.o
                0x0000000008001652                SVC_Handler
 .text.DebugMon_Handler
                0x000000000800165e        0xc ./Core/Src/stm32f1xx_it.o
                0x000000000800165e                DebugMon_Handler
 .text.PendSV_Handler
                0x000000000800166a        0xc ./Core/Src/stm32f1xx_it.o
                0x000000000800166a                PendSV_Handler
 .text.SysTick_Handler
                0x0000000008001676        0xc ./Core/Src/stm32f1xx_it.o
                0x0000000008001676                SysTick_Handler
 *fill*         0x0000000008001682        0x2 
 .text.TIM2_IRQHandler
                0x0000000008001684       0x14 ./Core/Src/stm32f1xx_it.o
                0x0000000008001684                TIM2_IRQHandler
 .text.USART2_IRQHandler
                0x0000000008001698       0x14 ./Core/Src/stm32f1xx_it.o
                0x0000000008001698                USART2_IRQHandler
 .text._getpid  0x00000000080016ac        0xe ./Core/Src/syscalls.o
                0x00000000080016ac                _getpid
 .text._kill    0x00000000080016ba       0x20 ./Core/Src/syscalls.o
                0x00000000080016ba                _kill
 .text._exit    0x00000000080016da       0x14 ./Core/Src/syscalls.o
                0x00000000080016da                _exit
 .text._read    0x00000000080016ee       0x3a ./Core/Src/syscalls.o
                0x00000000080016ee                _read
 .text._write   0x0000000008001728       0x38 ./Core/Src/syscalls.o
                0x0000000008001728                _write
 .text._close   0x0000000008001760       0x16 ./Core/Src/syscalls.o
                0x0000000008001760                _close
 .text._fstat   0x0000000008001776       0x1e ./Core/Src/syscalls.o
                0x0000000008001776                _fstat
 .text._isatty  0x0000000008001794       0x14 ./Core/Src/syscalls.o
                0x0000000008001794                _isatty
 .text._lseek   0x00000000080017a8       0x18 ./Core/Src/syscalls.o
                0x00000000080017a8                _lseek
 .text._sbrk    0x00000000080017c0       0x6c ./Core/Src/sysmem.o
                0x00000000080017c0                _sbrk
 .text.SystemInit
                0x000000000800182c        0xc ./Core/Src/system_stm32f1xx.o
                0x000000000800182c                SystemInit
 .text.Reset_Handler
                0x0000000008001838       0x48 ./Core/Startup/startup_stm32f103c6tx.o
                0x0000000008001838                Reset_Handler
 .text.Default_Handler
                0x0000000008001880        0x2 ./Core/Startup/startup_stm32f103c6tx.o
                0x0000000008001880                RTC_Alarm_IRQHandler
                0x0000000008001880                EXTI2_IRQHandler
                0x0000000008001880                TIM1_CC_IRQHandler
                0x0000000008001880                PVD_IRQHandler
                0x0000000008001880                EXTI3_IRQHandler
                0x0000000008001880                EXTI0_IRQHandler
                0x0000000008001880                ADC1_2_IRQHandler
                0x0000000008001880                SPI1_IRQHandler
                0x0000000008001880                TAMPER_IRQHandler
                0x0000000008001880                DMA1_Channel4_IRQHandler
                0x0000000008001880                RTC_IRQHandler
                0x0000000008001880                DMA1_Channel7_IRQHandler
                0x0000000008001880                CAN1_RX1_IRQHandler
                0x0000000008001880                I2C1_EV_IRQHandler
                0x0000000008001880                DMA1_Channel6_IRQHandler
                0x0000000008001880                TIM3_IRQHandler
                0x0000000008001880                RCC_IRQHandler
                0x0000000008001880                TIM1_TRG_COM_IRQHandler
                0x0000000008001880                DMA1_Channel1_IRQHandler
                0x0000000008001880                Default_Handler
                0x0000000008001880                EXTI15_10_IRQHandler
                0x0000000008001880                EXTI9_5_IRQHandler
                0x0000000008001880                DMA1_Channel5_IRQHandler
                0x0000000008001880                EXTI4_IRQHandler
                0x0000000008001880                USB_LP_CAN1_RX0_IRQHandler
                0x0000000008001880                USB_HP_CAN1_TX_IRQHandler
                0x0000000008001880                DMA1_Channel3_IRQHandler
                0x0000000008001880                TIM1_UP_IRQHandler
                0x0000000008001880                WWDG_IRQHandler
                0x0000000008001880                TIM1_BRK_IRQHandler
                0x0000000008001880                EXTI1_IRQHandler
                0x0000000008001880                DMA1_Channel2_IRQHandler
                0x0000000008001880                CAN1_SCE_IRQHandler
                0x0000000008001880                FLASH_IRQHandler
                0x0000000008001880                USART1_IRQHandler
                0x0000000008001880                I2C1_ER_IRQHandler
                0x0000000008001880                USBWakeUp_IRQHandler
 *fill*         0x0000000008001882        0x2 
 .text.HAL_Init
                0x0000000008001884       0x2c ./Drivers/STM32F1xx_HAL_Driver/Src/stm32f1xx_hal.o
                0x0000000008001884                HAL_Init
 .text.HAL_InitTick
                0x00000000080018b0       0x60 ./Drivers/STM32F1xx_HAL_Driver/Src/stm32f1xx_hal.o
                0x00000000080018b0                HAL_InitTick
 .text.HAL_IncTick
                0x0000000008001910       0x24 ./Drivers/STM32F1xx_HAL_Driver/Src/stm32f1xx_hal.o
                0x0000000008001910                HAL_IncTick
 .text.HAL_GetTick
                0x0000000008001934       0x14 ./Drivers/STM32F1xx_HAL_Driver/Src/stm32f1xx_hal.o
                0x0000000008001934                HAL_GetTick
 .text.HAL_ADC_Init
                0x0000000008001948      0x1b0 ./Drivers/STM32F1xx_HAL_Driver/Src/stm32f1xx_hal_adc.o
                0x0000000008001948                HAL_ADC_Init
 .text.HAL_ADC_Start
                0x0000000008001af8      0x15c ./Drivers/STM32F1xx_HAL_Driver/Src/stm32f1xx_hal_adc.o
                0x0000000008001af8                HAL_ADC_Start
 .text.HAL_ADC_GetValue
                0x0000000008001c54       0x18 ./Drivers/STM32F1xx_HAL_Driver/Src/stm32f1xx_hal_adc.o
                0x0000000008001c54                HAL_ADC_GetValue
 .text.HAL_ADC_ConfigChannel
                0x0000000008001c6c      0x1f0 ./Drivers/STM32F1xx_HAL_Driver/Src/stm32f1xx_hal_adc.o
                0x0000000008001c6c                HAL_ADC_ConfigChannel
 .text.ADC_Enable
                0x0000000008001e5c       0xb4 ./Drivers/STM32F1xx_HAL_Driver/Src/stm32f1xx_hal_adc.o
                0x0000000008001e5c                ADC_Enable
 .text.ADC_ConversionStop_Disable
                0x0000000008001f10       0x82 ./Drivers/STM32F1xx_HAL_Driver/Src/stm32f1xx_hal_adc.o
                0x0000000008001f10                ADC_ConversionStop_Disable
 *fill*         0x0000000008001f92        0x2 
 .text.__NVIC_SetPriorityGrouping
                0x0000000008001f94       0x48 ./Drivers/STM32F1xx_HAL_Driver/Src/stm32f1xx_hal_cortex.o
 .text.__NVIC_GetPriorityGrouping
                0x0000000008001fdc       0x1c ./Drivers/STM32F1xx_HAL_Driver/Src/stm32f1xx_hal_cortex.o
 .text.__NVIC_EnableIRQ
                0x0000000008001ff8       0x38 ./Drivers/STM32F1xx_HAL_Driver/Src/stm32f1xx_hal_cortex.o
 .text.__NVIC_SetPriority
                0x0000000008002030       0x54 ./Drivers/STM32F1xx_HAL_Driver/Src/stm32f1xx_hal_cortex.o
 .text.NVIC_EncodePriority
                0x0000000008002084       0x64 ./Drivers/STM32F1xx_HAL_Driver/Src/stm32f1xx_hal_cortex.o
 .text.SysTick_Config
                0x00000000080020e8       0x44 ./Drivers/STM32F1xx_HAL_Driver/Src/stm32f1xx_hal_cortex.o
 .text.HAL_NVIC_SetPriorityGrouping
                0x000000000800212c       0x16 ./Drivers/STM32F1xx_HAL_Driver/Src/stm32f1xx_hal_cortex.o
                0x000000000800212c                HAL_NVIC_SetPriorityGrouping
 .text.HAL_NVIC_SetPriority
                0x0000000008002142       0x38 ./Drivers/STM32F1xx_HAL_Driver/Src/stm32f1xx_hal_cortex.o
                0x0000000008002142                HAL_NVIC_SetPriority
 .text.HAL_NVIC_EnableIRQ
                0x000000000800217a       0x1c ./Drivers/STM32F1xx_HAL_Driver/Src/stm32f1xx_hal_cortex.o
                0x000000000800217a                HAL_NVIC_EnableIRQ
 .text.HAL_SYSTICK_Config
                0x0000000008002196       0x18 ./Drivers/STM32F1xx_HAL_Driver/Src/stm32f1xx_hal_cortex.o
                0x0000000008002196                HAL_SYSTICK_Config
 .text.HAL_DMA_Abort
                0x00000000080021ae       0x76 ./Drivers/STM32F1xx_HAL_Driver/Src/stm32f1xx_hal_dma.o
                0x00000000080021ae                HAL_DMA_Abort
 .text.HAL_DMA_Abort_IT
                0x0000000008002224       0xf0 ./Drivers/STM32F1xx_HAL_Driver/Src/stm32f1xx_hal_dma.o
                0x0000000008002224                HAL_DMA_Abort_IT
 .text.HAL_GPIO_Init
                0x0000000008002314      0x2f4 ./Drivers/STM32F1xx_HAL_Driver/Src/stm32f1xx_hal_gpio.o
                0x0000000008002314                HAL_GPIO_Init
 .text.HAL_GPIO_ReadPin
                0x0000000008002608       0x2e ./Drivers/STM32F1xx_HAL_Driver/Src/stm32f1xx_hal_gpio.o
                0x0000000008002608                HAL_GPIO_ReadPin
 .text.HAL_GPIO_WritePin
                0x0000000008002636       0x30 ./Drivers/STM32F1xx_HAL_Driver/Src/stm32f1xx_hal_gpio.o
                0x0000000008002636                HAL_GPIO_WritePin
 .text.HAL_GPIO_TogglePin
                0x0000000008002666       0x32 ./Drivers/STM32F1xx_HAL_Driver/Src/stm32f1xx_hal_gpio.o
                0x0000000008002666                HAL_GPIO_TogglePin
 .text.HAL_RCC_OscConfig
                0x0000000008002698      0x500 ./Drivers/STM32F1xx_HAL_Driver/Src/stm32f1xx_hal_rcc.o
                0x0000000008002698                HAL_RCC_OscConfig
 .text.HAL_RCC_ClockConfig
                0x0000000008002b98      0x1d4 ./Drivers/STM32F1xx_HAL_Driver/Src/stm32f1xx_hal_rcc.o
                0x0000000008002b98                HAL_RCC_ClockConfig
 .text.HAL_RCC_GetSysClockFreq
                0x0000000008002d6c       0xa8 ./Drivers/STM32F1xx_HAL_Driver/Src/stm32f1xx_hal_rcc.o
                0x0000000008002d6c                HAL_RCC_GetSysClockFreq
 .text.HAL_RCC_GetHCLKFreq
                0x0000000008002e14       0x14 ./Drivers/STM32F1xx_HAL_Driver/Src/stm32f1xx_hal_rcc.o
                0x0000000008002e14                HAL_RCC_GetHCLKFreq
 .text.HAL_RCC_GetPCLK1Freq
                0x0000000008002e28       0x28 ./Drivers/STM32F1xx_HAL_Driver/Src/stm32f1xx_hal_rcc.o
                0x0000000008002e28                HAL_RCC_GetPCLK1Freq
 .text.HAL_RCC_GetPCLK2Freq
                0x0000000008002e50       0x28 ./Drivers/STM32F1xx_HAL_Driver/Src/stm32f1xx_hal_rcc.o
                0x0000000008002e50                HAL_RCC_GetPCLK2Freq
 .text.RCC_Delay
                0x0000000008002e78       0x3c ./Drivers/STM32F1xx_HAL_Driver/Src/stm32f1xx_hal_rcc.o
 .text.HAL_RCCEx_PeriphCLKConfig
                0x0000000008002eb4      0x16c ./Drivers/STM32F1xx_HAL_Driver/Src/stm32f1xx_hal_rcc_ex.o
                0x0000000008002eb4                HAL_RCCEx_PeriphCLKConfig
 .text.HAL_TIM_Base_Init
                0x0000000008003020       0x9e ./Drivers/STM32F1xx_HAL_Driver/Src/stm32f1xx_hal_tim.o
                0x0000000008003020                HAL_TIM_Base_Init
 *fill*         0x00000000080030be        0x2 
 .text.HAL_TIM_Base_Start_IT
                0x00000000080030c0       0x98 ./Drivers/STM32F1xx_HAL_Driver/Src/stm32f1xx_hal_tim.o
                0x00000000080030c0                HAL_TIM_Base_Start_IT
 .text.HAL_TIM_IRQHandler
                0x0000000008003158      0x210 ./Drivers/STM32F1xx_HAL_Driver/Src/stm32f1xx_hal_tim.o
                0x0000000008003158                HAL_TIM_IRQHandler
 .text.HAL_TIM_ConfigClockSource
                0x0000000008003368      0x18e ./Drivers/STM32F1xx_HAL_Driver/Src/stm32f1xx_hal_tim.o
                0x0000000008003368                HAL_TIM_ConfigClockSource
 .text.HAL_TIM_OC_DelayElapsedCallback
                0x00000000080034f6       0x12 ./Drivers/STM32F1xx_HAL_Driver/Src/stm32f1xx_hal_tim.o
                0x00000000080034f6                HAL_TIM_OC_DelayElapsedCallback
 .text.HAL_TIM_IC_CaptureCallback
                0x0000000008003508       0x12 ./Drivers/STM32F1xx_HAL_Driver/Src/stm32f1xx_hal_tim.o
                0x0000000008003508                HAL_TIM_IC_CaptureCallback
 .text.HAL_TIM_PWM_PulseFinishedCallback
                0x000000000800351a       0x12 ./Drivers/STM32F1xx_HAL_Driver/Src/stm32f1xx_hal_tim.o
                0x000000000800351a                HAL_TIM_PWM_PulseFinishedCallback
 .text.HAL_TIM_TriggerCallback
                0x000000000800352c       0x12 ./Drivers/STM32F1xx_HAL_Driver/Src/stm32f1xx_hal_tim.o
                0x000000000800352c                HAL_TIM_TriggerCallback
 *fill*         0x000000000800353e        0x2 
 .text.TIM_Base_SetConfig
                0x0000000008003540       0xb0 ./Drivers/STM32F1xx_HAL_Driver/Src/stm32f1xx_hal_tim.o
                0x0000000008003540                TIM_Base_SetConfig
 .text.TIM_TI1_ConfigInputStage
                0x00000000080035f0       0x5c ./Drivers/STM32F1xx_HAL_Driver/Src/stm32f1xx_hal_tim.o
 .text.TIM_TI2_ConfigInputStage
                0x000000000800364c       0x5e ./Drivers/STM32F1xx_HAL_Driver/Src/stm32f1xx_hal_tim.o
 .text.TIM_ITRx_SetConfig
                0x00000000080036aa       0x34 ./Drivers/STM32F1xx_HAL_Driver/Src/stm32f1xx_hal_tim.o
 .text.TIM_ETR_SetConfig
                0x00000000080036de       0x3e ./Drivers/STM32F1xx_HAL_Driver/Src/stm32f1xx_hal_tim.o
                0x00000000080036de                TIM_ETR_SetConfig
 .text.HAL_TIMEx_MasterConfigSynchronization
                0x000000000800371c       0xb0 ./Drivers/STM32F1xx_HAL_Driver/Src/stm32f1xx_hal_tim_ex.o
                0x000000000800371c                HAL_TIMEx_MasterConfigSynchronization
 .text.HAL_TIMEx_CommutCallback
                0x00000000080037cc       0x12 ./Drivers/STM32F1xx_HAL_Driver/Src/stm32f1xx_hal_tim_ex.o
                0x00000000080037cc                HAL_TIMEx_CommutCallback
 .text.HAL_TIMEx_BreakCallback
                0x00000000080037de       0x12 ./Drivers/STM32F1xx_HAL_Driver/Src/stm32f1xx_hal_tim_ex.o
                0x00000000080037de                HAL_TIMEx_BreakCallback
 .text.HAL_UART_Init
                0x00000000080037f0       0xa0 ./Drivers/STM32F1xx_HAL_Driver/Src/stm32f1xx_hal_uart.o
                0x00000000080037f0                HAL_UART_Init
 .text.HAL_UART_Transmit
                0x0000000008003890      0x106 ./Drivers/STM32F1xx_HAL_Driver/Src/stm32f1xx_hal_uart.o
                0x0000000008003890                HAL_UART_Transmit
 .text.HAL_UART_Receive_IT
                0x0000000008003996       0x4a ./Drivers/STM32F1xx_HAL_Driver/Src/stm32f1xx_hal_uart.o
                0x0000000008003996                HAL_UART_Receive_IT
 .text.HAL_UART_IRQHandler
                0x00000000080039e0      0x524 ./Drivers/STM32F1xx_HAL_Driver/Src/stm32f1xx_hal_uart.o
                0x00000000080039e0                HAL_UART_IRQHandler
 .text.HAL_UART_TxCpltCallback
                0x0000000008003f04       0x12 ./Drivers/STM32F1xx_HAL_Driver/Src/stm32f1xx_hal_uart.o
                0x0000000008003f04                HAL_UART_TxCpltCallback
 .text.HAL_UART_ErrorCallback
                0x0000000008003f16       0x12 ./Drivers/STM32F1xx_HAL_Driver/Src/stm32f1xx_hal_uart.o
                0x0000000008003f16                HAL_UART_ErrorCallback
 .text.HAL_UARTEx_RxEventCallback
                0x0000000008003f28       0x16 ./Drivers/STM32F1xx_HAL_Driver/Src/stm32f1xx_hal_uart.o
                0x0000000008003f28                HAL_UARTEx_RxEventCallback
 .text.UART_WaitOnFlagUntilTimeout
                0x0000000008003f3e       0xdc ./Drivers/STM32F1xx_HAL_Driver/Src/stm32f1xx_hal_uart.o
 .text.UART_Start_Receive_IT
                0x000000000800401a       0x72 ./Drivers/STM32F1xx_HAL_Driver/Src/stm32f1xx_hal_uart.o
                0x000000000800401a                UART_Start_Receive_IT
 .text.UART_EndRxTransfer
                0x000000000800408c       0xc4 ./Drivers/STM32F1xx_HAL_Driver/Src/stm32f1xx_hal_uart.o
 .text.UART_DMAAbortOnError
                0x0000000008004150       0x28 ./Drivers/STM32F1xx_HAL_Driver/Src/stm32f1xx_hal_uart.o
 .text.UART_Transmit_IT
                0x0000000008004178       0x9e ./Drivers/STM32F1xx_HAL_Driver/Src/stm32f1xx_hal_uart.o
 .text.UART_EndTransmit_IT
                0x0000000008004216       0x30 ./Drivers/STM32F1xx_HAL_Driver/Src/stm32f1xx_hal_uart.o
 .text.UART_Receive_IT
                0x0000000008004246      0x17c ./Drivers/STM32F1xx_HAL_Driver/Src/stm32f1xx_hal_uart.o
 *fill*         0x00000000080043c2        0x2 
 .text.UART_SetConfig
                0x00000000080043c4      0x11c ./Drivers/STM32F1xx_HAL_Driver/Src/stm32f1xx_hal_uart.o
 .text.__errno  0x00000000080044e0        0xc e:/stm32/stm32cubeide_1.7.0/stm32cubeide/plugins/com.st.stm32cube.ide.mcu.externaltools.gnu-tools-for-stm32.9-2020-q2-update.win32_2.0.0.202105311346/tools/bin/../lib/gcc/arm-none-eabi/9.3.1/../../../../arm-none-eabi/lib/thumb/v7-m/nofp\libc_nano.a(lib_a-errno.o)
                0x00000000080044e0                __errno
 .text.__libc_init_array
                0x00000000080044ec       0x48 e:/stm32/stm32cubeide_1.7.0/stm32cubeide/plugins/com.st.stm32cube.ide.mcu.externaltools.gnu-tools-for-stm32.9-2020-q2-update.win32_2.0.0.202105311346/tools/bin/../lib/gcc/arm-none-eabi/9.3.1/../../../../arm-none-eabi/lib/thumb/v7-m/nofp\libc_nano.a(lib_a-init.o)
                0x00000000080044ec                __libc_init_array
 .text.memset   0x0000000008004534       0x10 e:/stm32/stm32cubeide_1.7.0/stm32cubeide/plugins/com.st.stm32cube.ide.mcu.externaltools.gnu-tools-for-stm32.9-2020-q2-update.win32_2.0.0.202105311346/tools/bin/../lib/gcc/arm-none-eabi/9.3.1/../../../../arm-none-eabi/lib/thumb/v7-m/nofp\libc_nano.a(lib_a-memset.o)
                0x0000000008004534                memset
 .text.__cvt    0x0000000008004544       0xbe e:/stm32/stm32cubeide_1.7.0/stm32cubeide/plugins/com.st.stm32cube.ide.mcu.externaltools.gnu-tools-for-stm32.9-2020-q2-update.win32_2.0.0.202105311346/tools/bin/../lib/gcc/arm-none-eabi/9.3.1/../../../../arm-none-eabi/lib/thumb/v7-m/nofp\libc_nano.a(lib_a-nano-vfprintf_float.o)
                0x0000000008004544                __cvt
 .text.__exponent
                0x0000000008004602       0x7c e:/stm32/stm32cubeide_1.7.0/stm32cubeide/plugins/com.st.stm32cube.ide.mcu.externaltools.gnu-tools-for-stm32.9-2020-q2-update.win32_2.0.0.202105311346/tools/bin/../lib/gcc/arm-none-eabi/9.3.1/../../../../arm-none-eabi/lib/thumb/v7-m/nofp\libc_nano.a(lib_a-nano-vfprintf_float.o)
                0x0000000008004602                __exponent
 *fill*         0x000000000800467e        0x2 
 .text._printf_float
                0x0000000008004680      0x458 e:/stm32/stm32cubeide_1.7.0/stm32cubeide/plugins/com.st.stm32cube.ide.mcu.externaltools.gnu-tools-for-stm32.9-2020-q2-update.win32_2.0.0.202105311346/tools/bin/../lib/gcc/arm-none-eabi/9.3.1/../../../../arm-none-eabi/lib/thumb/v7-m/nofp\libc_nano.a(lib_a-nano-vfprintf_float.o)
                0x0000000008004680                _printf_float
 .text._printf_common
                0x0000000008004ad8       0xde e:/stm32/stm32cubeide_1.7.0/stm32cubeide/plugins/com.st.stm32cube.ide.mcu.externaltools.gnu-tools-for-stm32.9-2020-q2-update.win32_2.0.0.202105311346/tools/bin/../lib/gcc/arm-none-eabi/9.3.1/../../../../arm-none-eabi/lib/thumb/v7-m/nofp\libc_nano.a(lib_a-nano-vfprintf_i.o)
                0x0000000008004ad8                _printf_common
 *fill*         0x0000000008004bb6        0x2 
 .text._printf_i
                0x0000000008004bb8      0x24c e:/stm32/stm32cubeide_1.7.0/stm32cubeide/plugins/com.st.stm32cube.ide.mcu.externaltools.gnu-tools-for-stm32.9-2020-q2-update.win32_2.0.0.202105311346/tools/bin/../lib/gcc/arm-none-eabi/9.3.1/../../../../arm-none-eabi/lib/thumb/v7-m/nofp\libc_nano.a(lib_a-nano-vfprintf_i.o)
                0x0000000008004bb8                _printf_i
 .text.sprintf  0x0000000008004e04       0x40 e:/stm32/stm32cubeide_1.7.0/stm32cubeide/plugins/com.st.stm32cube.ide.mcu.externaltools.gnu-tools-for-stm32.9-2020-q2-update.win32_2.0.0.202105311346/tools/bin/../lib/gcc/arm-none-eabi/9.3.1/../../../../arm-none-eabi/lib/thumb/v7-m/nofp\libc_nano.a(lib_a-sprintf.o)
                0x0000000008004e04                siprintf
                0x0000000008004e04                sprintf
 .text.quorem   0x0000000008004e44      0x11a e:/stm32/stm32cubeide_1.7.0/stm32cubeide/plugins/com.st.stm32cube.ide.mcu.externaltools.gnu-tools-for-stm32.9-2020-q2-update.win32_2.0.0.202105311346/tools/bin/../lib/gcc/arm-none-eabi/9.3.1/../../../../arm-none-eabi/lib/thumb/v7-m/nofp\libc_nano.a(lib_a-dtoa.o)
 *fill*         0x0000000008004f5e        0x2 
 .text._dtoa_r  0x0000000008004f60      0xbdc e:/stm32/stm32cubeide_1.7.0/stm32cubeide/plugins/com.st.stm32cube.ide.mcu.externaltools.gnu-tools-for-stm32.9-2020-q2-update.win32_2.0.0.202105311346/tools/bin/../lib/gcc/arm-none-eabi/9.3.1/../../../../arm-none-eabi/lib/thumb/v7-m/nofp\libc_nano.a(lib_a-dtoa.o)
                0x0000000008004f60                _dtoa_r
 .text._localeconv_r
                0x0000000008005b3c        0x8 e:/stm32/stm32cubeide_1.7.0/stm32cubeide/plugins/com.st.stm32cube.ide.mcu.externaltools.gnu-tools-for-stm32.9-2020-q2-update.win32_2.0.0.202105311346/tools/bin/../lib/gcc/arm-none-eabi/9.3.1/../../../../arm-none-eabi/lib/thumb/v7-m/nofp\libc_nano.a(lib_a-localeconv.o)
                0x0000000008005b3c                _localeconv_r
 .text.malloc   0x0000000008005b44       0x10 e:/stm32/stm32cubeide_1.7.0/stm32cubeide/plugins/com.st.stm32cube.ide.mcu.externaltools.gnu-tools-for-stm32.9-2020-q2-update.win32_2.0.0.202105311346/tools/bin/../lib/gcc/arm-none-eabi/9.3.1/../../../../arm-none-eabi/lib/thumb/v7-m/nofp\libc_nano.a(lib_a-malloc.o)
                0x0000000008005b44                malloc
 .text.memchr   0x0000000008005b54       0x1c e:/stm32/stm32cubeide_1.7.0/stm32cubeide/plugins/com.st.stm32cube.ide.mcu.externaltools.gnu-tools-for-stm32.9-2020-q2-update.win32_2.0.0.202105311346/tools/bin/../lib/gcc/arm-none-eabi/9.3.1/../../../../arm-none-eabi/lib/thumb/v7-m/nofp\libc_nano.a(lib_a-memchr-stub.o)
                0x0000000008005b54                memchr
 .text.memcpy   0x0000000008005b70       0x1c e:/stm32/stm32cubeide_1.7.0/stm32cubeide/plugins/com.st.stm32cube.ide.mcu.externaltools.gnu-tools-for-stm32.9-2020-q2-update.win32_2.0.0.202105311346/tools/bin/../lib/gcc/arm-none-eabi/9.3.1/../../../../arm-none-eabi/lib/thumb/v7-m/nofp\libc_nano.a(lib_a-memcpy-stub.o)
                0x0000000008005b70                memcpy
 .text._Balloc  0x0000000008005b8c       0x80 e:/stm32/stm32cubeide_1.7.0/stm32cubeide/plugins/com.st.stm32cube.ide.mcu.externaltools.gnu-tools-for-stm32.9-2020-q2-update.win32_2.0.0.202105311346/tools/bin/../lib/gcc/arm-none-eabi/9.3.1/../../../../arm-none-eabi/lib/thumb/v7-m/nofp\libc_nano.a(lib_a-mprec.o)
                0x0000000008005b8c                _Balloc
 .text._Bfree   0x0000000008005c0c       0x44 e:/stm32/stm32cubeide_1.7.0/stm32cubeide/plugins/com.st.stm32cube.ide.mcu.externaltools.gnu-tools-for-stm32.9-2020-q2-update.win32_2.0.0.202105311346/tools/bin/../lib/gcc/arm-none-eabi/9.3.1/../../../../arm-none-eabi/lib/thumb/v7-m/nofp\libc_nano.a(lib_a-mprec.o)
                0x0000000008005c0c                _Bfree
 .text.__multadd
                0x0000000008005c50       0x94 e:/stm32/stm32cubeide_1.7.0/stm32cubeide/plugins/com.st.stm32cube.ide.mcu.externaltools.gnu-tools-for-stm32.9-2020-q2-update.win32_2.0.0.202105311346/tools/bin/../lib/gcc/arm-none-eabi/9.3.1/../../../../arm-none-eabi/lib/thumb/v7-m/nofp\libc_nano.a(lib_a-mprec.o)
                0x0000000008005c50                __multadd
 .text.__hi0bits
                0x0000000008005ce4       0x40 e:/stm32/stm32cubeide_1.7.0/stm32cubeide/plugins/com.st.stm32cube.ide.mcu.externaltools.gnu-tools-for-stm32.9-2020-q2-update.win32_2.0.0.202105311346/tools/bin/../lib/gcc/arm-none-eabi/9.3.1/../../../../arm-none-eabi/lib/thumb/v7-m/nofp\libc_nano.a(lib_a-mprec.o)
                0x0000000008005ce4                __hi0bits
 .text.__lo0bits
                0x0000000008005d24       0x5c e:/stm32/stm32cubeide_1.7.0/stm32cubeide/plugins/com.st.stm32cube.ide.mcu.externaltools.gnu-tools-for-stm32.9-2020-q2-update.win32_2.0.0.202105311346/tools/bin/../lib/gcc/arm-none-eabi/9.3.1/../../../../arm-none-eabi/lib/thumb/v7-m/nofp\libc_nano.a(lib_a-mprec.o)
                0x0000000008005d24                __lo0bits
 .text.__i2b    0x0000000008005d80       0x2c e:/stm32/stm32cubeide_1.7.0/stm32cubeide/plugins/com.st.stm32cube.ide.mcu.externaltools.gnu-tools-for-stm32.9-2020-q2-update.win32_2.0.0.202105311346/tools/bin/../lib/gcc/arm-none-eabi/9.3.1/../../../../arm-none-eabi/lib/thumb/v7-m/nofp\libc_nano.a(lib_a-mprec.o)
                0x0000000008005d80                __i2b
 .text.__multiply
                0x0000000008005dac      0x148 e:/stm32/stm32cubeide_1.7.0/stm32cubeide/plugins/com.st.stm32cube.ide.mcu.externaltools.gnu-tools-for-stm32.9-2020-q2-update.win32_2.0.0.202105311346/tools/bin/../lib/gcc/arm-none-eabi/9.3.1/../../../../arm-none-eabi/lib/thumb/v7-m/nofp\libc_nano.a(lib_a-mprec.o)
                0x0000000008005dac                __multiply
 .text.__pow5mult
                0x0000000008005ef4       0xb4 e:/stm32/stm32cubeide_1.7.0/stm32cubeide/plugins/com.st.stm32cube.ide.mcu.externaltools.gnu-tools-for-stm32.9-2020-q2-update.win32_2.0.0.202105311346/tools/bin/../lib/gcc/arm-none-eabi/9.3.1/../../../../arm-none-eabi/lib/thumb/v7-m/nofp\libc_nano.a(lib_a-mprec.o)
                0x0000000008005ef4                __pow5mult
 .text.__lshift
                0x0000000008005fa8       0xd8 e:/stm32/stm32cubeide_1.7.0/stm32cubeide/plugins/com.st.stm32cube.ide.mcu.externaltools.gnu-tools-for-stm32.9-2020-q2-update.win32_2.0.0.202105311346/tools/bin/../lib/gcc/arm-none-eabi/9.3.1/../../../../arm-none-eabi/lib/thumb/v7-m/nofp\libc_nano.a(lib_a-mprec.o)
                0x0000000008005fa8                __lshift
 .text.__mcmp   0x0000000008006080       0x36 e:/stm32/stm32cubeide_1.7.0/stm32cubeide/plugins/com.st.stm32cube.ide.mcu.externaltools.gnu-tools-for-stm32.9-2020-q2-update.win32_2.0.0.202105311346/tools/bin/../lib/gcc/arm-none-eabi/9.3.1/../../../../arm-none-eabi/lib/thumb/v7-m/nofp\libc_nano.a(lib_a-mprec.o)
                0x0000000008006080                __mcmp
 *fill*         0x00000000080060b6        0x2 
 .text.__mdiff  0x00000000080060b8      0x120 e:/stm32/stm32cubeide_1.7.0/stm32cubeide/plugins/com.st.stm32cube.ide.mcu.externaltools.gnu-tools-for-stm32.9-2020-q2-update.win32_2.0.0.202105311346/tools/bin/../lib/gcc/arm-none-eabi/9.3.1/../../../../arm-none-eabi/lib/thumb/v7-m/nofp\libc_nano.a(lib_a-mprec.o)
                0x00000000080060b8                __mdiff
 .text.__d2b    0x00000000080061d8       0xb8 e:/stm32/stm32cubeide_1.7.0/stm32cubeide/plugins/com.st.stm32cube.ide.mcu.externaltools.gnu-tools-for-stm32.9-2020-q2-update.win32_2.0.0.202105311346/tools/bin/../lib/gcc/arm-none-eabi/9.3.1/../../../../arm-none-eabi/lib/thumb/v7-m/nofp\libc_nano.a(lib_a-mprec.o)
                0x00000000080061d8                __d2b
 .text._calloc_r
                0x0000000008006290       0x1c e:/stm32/stm32cubeide_1.7.0/stm32cubeide/plugins/com.st.stm32cube.ide.mcu.externaltools.gnu-tools-for-stm32.9-2020-q2-update.win32_2.0.0.202105311346/tools/bin/../lib/gcc/arm-none-eabi/9.3.1/../../../../arm-none-eabi/lib/thumb/v7-m/nofp\libc_nano.a(lib_a-nano-callocr.o)
                0x0000000008006290                _calloc_r
 .text._free_r  0x00000000080062ac       0x98 e:/stm32/stm32cubeide_1.7.0/stm32cubeide/plugins/com.st.stm32cube.ide.mcu.externaltools.gnu-tools-for-stm32.9-2020-q2-update.win32_2.0.0.202105311346/tools/bin/../lib/gcc/arm-none-eabi/9.3.1/../../../../arm-none-eabi/lib/thumb/v7-m/nofp\libc_nano.a(lib_a-nano-freer.o)
                0x00000000080062ac                _free_r
 .text._malloc_r
                0x0000000008006344       0xb4 e:/stm32/stm32cubeide_1.7.0/stm32cubeide/plugins/com.st.stm32cube.ide.mcu.externaltools.gnu-tools-for-stm32.9-2020-q2-update.win32_2.0.0.202105311346/tools/bin/../lib/gcc/arm-none-eabi/9.3.1/../../../../arm-none-eabi/lib/thumb/v7-m/nofp\libc_nano.a(lib_a-nano-mallocr.o)
                0x0000000008006344                _malloc_r
 .text.__ssputs_r
                0x00000000080063f8       0xb6 e:/stm32/stm32cubeide_1.7.0/stm32cubeide/plugins/com.st.stm32cube.ide.mcu.externaltools.gnu-tools-for-stm32.9-2020-q2-update.win32_2.0.0.202105311346/tools/bin/../lib/gcc/arm-none-eabi/9.3.1/../../../../arm-none-eabi/lib/thumb/v7-m/nofp\libc_nano.a(lib_a-nano-svfprintf.o)
                0x00000000080063f8                __ssputs_r
 *fill*         0x00000000080064ae        0x2 
 .text._svfprintf_r
                0x00000000080064b0      0x200 e:/stm32/stm32cubeide_1.7.0/stm32cubeide/plugins/com.st.stm32cube.ide.mcu.externaltools.gnu-tools-for-stm32.9-2020-q2-update.win32_2.0.0.202105311346/tools/bin/../lib/gcc/arm-none-eabi/9.3.1/../../../../arm-none-eabi/lib/thumb/v7-m/nofp\libc_nano.a(lib_a-nano-svfprintf.o)
                0x00000000080064b0                _svfiprintf_r
                0x00000000080064b0                _svfprintf_r
 .text._sbrk_r  0x00000000080066b0       0x20 e:/stm32/stm32cubeide_1.7.0/stm32cubeide/plugins/com.st.stm32cube.ide.mcu.externaltools.gnu-tools-for-stm32.9-2020-q2-update.win32_2.0.0.202105311346/tools/bin/../lib/gcc/arm-none-eabi/9.3.1/../../../../arm-none-eabi/lib/thumb/v7-m/nofp\libc_nano.a(lib_a-sbrkr.o)
                0x00000000080066b0                _sbrk_r
 .text.__assert_func
                0x00000000080066d0       0x3c e:/stm32/stm32cubeide_1.7.0/stm32cubeide/plugins/com.st.stm32cube.ide.mcu.externaltools.gnu-tools-for-stm32.9-2020-q2-update.win32_2.0.0.202105311346/tools/bin/../lib/gcc/arm-none-eabi/9.3.1/../../../../arm-none-eabi/lib/thumb/v7-m/nofp\libc_nano.a(lib_a-assert.o)
                0x00000000080066d0                __assert_func
 .text.fprintf  0x000000000800670c       0x24 e:/stm32/stm32cubeide_1.7.0/stm32cubeide/plugins/com.st.stm32cube.ide.mcu.externaltools.gnu-tools-for-stm32.9-2020-q2-update.win32_2.0.0.202105311346/tools/bin/../lib/gcc/arm-none-eabi/9.3.1/../../../../arm-none-eabi/lib/thumb/v7-m/nofp\libc_nano.a(lib_a-fprintf.o)
                0x000000000800670c                fiprintf
                0x000000000800670c                fprintf
 .text.__ascii_mbtowc
                0x0000000008006730       0x24 e:/stm32/stm32cubeide_1.7.0/stm32cubeide/plugins/com.st.stm32cube.ide.mcu.externaltools.gnu-tools-for-stm32.9-2020-q2-update.win32_2.0.0.202105311346/tools/bin/../lib/gcc/arm-none-eabi/9.3.1/../../../../arm-none-eabi/lib/thumb/v7-m/nofp\libc_nano.a(lib_a-mbtowc_r.o)
                0x0000000008006730                __ascii_mbtowc
 .text.memmove  0x0000000008006754       0x34 e:/stm32/stm32cubeide_1.7.0/stm32cubeide/plugins/com.st.stm32cube.ide.mcu.externaltools.gnu-tools-for-stm32.9-2020-q2-update.win32_2.0.0.202105311346/tools/bin/../lib/gcc/arm-none-eabi/9.3.1/../../../../arm-none-eabi/lib/thumb/v7-m/nofp\libc_nano.a(lib_a-memmove.o)
                0x0000000008006754                memmove
 .text.__malloc_lock
                0x0000000008006788        0xc e:/stm32/stm32cubeide_1.7.0/stm32cubeide/plugins/com.st.stm32cube.ide.mcu.externaltools.gnu-tools-for-stm32.9-2020-q2-update.win32_2.0.0.202105311346/tools/bin/../lib/gcc/arm-none-eabi/9.3.1/../../../../arm-none-eabi/lib/thumb/v7-m/nofp\libc_nano.a(lib_a-mlock.o)
                0x0000000008006788                __malloc_lock
 .text.__malloc_unlock
                0x0000000008006794        0xc e:/stm32/stm32cubeide_1.7.0/stm32cubeide/plugins/com.st.stm32cube.ide.mcu.externaltools.gnu-tools-for-stm32.9-2020-q2-update.win32_2.0.0.202105311346/tools/bin/../lib/gcc/arm-none-eabi/9.3.1/../../../../arm-none-eabi/lib/thumb/v7-m/nofp\libc_nano.a(lib_a-mlock.o)
                0x0000000008006794                __malloc_unlock
 .text._realloc_r
                0x00000000080067a0       0x4c e:/stm32/stm32cubeide_1.7.0/stm32cubeide/plugins/com.st.stm32cube.ide.mcu.externaltools.gnu-tools-for-stm32.9-2020-q2-update.win32_2.0.0.202105311346/tools/bin/../lib/gcc/arm-none-eabi/9.3.1/../../../../arm-none-eabi/lib/thumb/v7-m/nofp\libc_nano.a(lib_a-nano-reallocr.o)
                0x00000000080067a0                _realloc_r
 .text.__sfputc_r
                0x00000000080067ec       0x2a e:/stm32/stm32cubeide_1.7.0/stm32cubeide/plugins/com.st.stm32cube.ide.mcu.externaltools.gnu-tools-for-stm32.9-2020-q2-update.win32_2.0.0.202105311346/tools/bin/../lib/gcc/arm-none-eabi/9.3.1/../../../../arm-none-eabi/lib/thumb/v7-m/nofp\libc_nano.a(lib_a-nano-vfprintf.o)
 .text.__sfputs_r
                0x0000000008006816       0x24 e:/stm32/stm32cubeide_1.7.0/stm32cubeide/plugins/com.st.stm32cube.ide.mcu.externaltools.gnu-tools-for-stm32.9-2020-q2-update.win32_2.0.0.202105311346/tools/bin/../lib/gcc/arm-none-eabi/9.3.1/../../../../arm-none-eabi/lib/thumb/v7-m/nofp\libc_nano.a(lib_a-nano-vfprintf.o)
                0x0000000008006816                __sfputs_r
 *fill*         0x000000000800683a        0x2 
 .text._vfprintf_r
                0x000000000800683c      0x260 e:/stm32/stm32cubeide_1.7.0/stm32cubeide/plugins/com.st.stm32cube.ide.mcu.externaltools.gnu-tools-for-stm32.9-2020-q2-update.win32_2.0.0.202105311346/tools/bin/../lib/gcc/arm-none-eabi/9.3.1/../../../../arm-none-eabi/lib/thumb/v7-m/nofp\libc_nano.a(lib_a-nano-vfprintf.o)
                0x000000000800683c                _vfprintf_r
                0x000000000800683c                _vfiprintf_r
 .text.__swbuf_r
                0x0000000008006a9c       0xa4 e:/stm32/stm32cubeide_1.7.0/stm32cubeide/plugins/com.st.stm32cube.ide.mcu.externaltools.gnu-tools-for-stm32.9-2020-q2-update.win32_2.0.0.202105311346/tools/bin/../lib/gcc/arm-none-eabi/9.3.1/../../../../arm-none-eabi/lib/thumb/v7-m/nofp\libc_nano.a(lib_a-wbuf.o)
                0x0000000008006a9c                __swbuf_r
 .text.__ascii_wctomb
                0x0000000008006b40       0x1a e:/stm32/stm32cubeide_1.7.0/stm32cubeide/plugins/com.st.stm32cube.ide.mcu.externaltools.gnu-tools-for-stm32.9-2020-q2-update.win32_2.0.0.202105311346/tools/bin/../lib/gcc/arm-none-eabi/9.3.1/../../../../arm-none-eabi/lib/thumb/v7-m/nofp\libc_nano.a(lib_a-wctomb_r.o)
                0x0000000008006b40                __ascii_wctomb
 *fill*         0x0000000008006b5a        0x2 
 .text.__swsetup_r
                0x0000000008006b5c       0xdc e:/stm32/stm32cubeide_1.7.0/stm32cubeide/plugins/com.st.stm32cube.ide.mcu.externaltools.gnu-tools-for-stm32.9-2020-q2-update.win32_2.0.0.202105311346/tools/bin/../lib/gcc/arm-none-eabi/9.3.1/../../../../arm-none-eabi/lib/thumb/v7-m/nofp\libc_nano.a(lib_a-wsetup.o)
                0x0000000008006b5c                __swsetup_r
 .text.abort    0x0000000008006c38        0xe e:/stm32/stm32cubeide_1.7.0/stm32cubeide/plugins/com.st.stm32cube.ide.mcu.externaltools.gnu-tools-for-stm32.9-2020-q2-update.win32_2.0.0.202105311346/tools/bin/../lib/gcc/arm-none-eabi/9.3.1/../../../../arm-none-eabi/lib/thumb/v7-m/nofp\libc_nano.a(lib_a-abort.o)
                0x0000000008006c38                abort
 *fill*         0x0000000008006c46        0x2 
 .text.__sflush_r
                0x0000000008006c48      0x10c e:/stm32/stm32cubeide_1.7.0/stm32cubeide/plugins/com.st.stm32cube.ide.mcu.externaltools.gnu-tools-for-stm32.9-2020-q2-update.win32_2.0.0.202105311346/tools/bin/../lib/gcc/arm-none-eabi/9.3.1/../../../../arm-none-eabi/lib/thumb/v7-m/nofp\libc_nano.a(lib_a-fflush.o)
                0x0000000008006c48                __sflush_r
 .text._fflush_r
                0x0000000008006d54       0x78 e:/stm32/stm32cubeide_1.7.0/stm32cubeide/plugins/com.st.stm32cube.ide.mcu.externaltools.gnu-tools-for-stm32.9-2020-q2-update.win32_2.0.0.202105311346/tools/bin/../lib/gcc/arm-none-eabi/9.3.1/../../../../arm-none-eabi/lib/thumb/v7-m/nofp\libc_nano.a(lib_a-fflush.o)
                0x0000000008006d54                _fflush_r
 .text.std      0x0000000008006dcc       0x48 e:/stm32/stm32cubeide_1.7.0/stm32cubeide/plugins/com.st.stm32cube.ide.mcu.externaltools.gnu-tools-for-stm32.9-2020-q2-update.win32_2.0.0.202105311346/tools/bin/../lib/gcc/arm-none-eabi/9.3.1/../../../../arm-none-eabi/lib/thumb/v7-m/nofp\libc_nano.a(lib_a-findfp.o)
 .text._cleanup_r
                0x0000000008006e14        0xc e:/stm32/stm32cubeide_1.7.0/stm32cubeide/plugins/com.st.stm32cube.ide.mcu.externaltools.gnu-tools-for-stm32.9-2020-q2-update.win32_2.0.0.202105311346/tools/bin/../lib/gcc/arm-none-eabi/9.3.1/../../../../arm-none-eabi/lib/thumb/v7-m/nofp\libc_nano.a(lib_a-findfp.o)
                0x0000000008006e14                _cleanup_r
 .text.__sfmoreglue
                0x0000000008006e20       0x2c e:/stm32/stm32cubeide_1.7.0/stm32cubeide/plugins/com.st.stm32cube.ide.mcu.externaltools.gnu-tools-for-stm32.9-2020-q2-update.win32_2.0.0.202105311346/tools/bin/../lib/gcc/arm-none-eabi/9.3.1/../../../../arm-none-eabi/lib/thumb/v7-m/nofp\libc_nano.a(lib_a-findfp.o)
                0x0000000008006e20                __sfmoreglue
 .text.__sfp_lock_acquire
                0x0000000008006e4c        0xc e:/stm32/stm32cubeide_1.7.0/stm32cubeide/plugins/com.st.stm32cube.ide.mcu.externaltools.gnu-tools-for-stm32.9-2020-q2-update.win32_2.0.0.202105311346/tools/bin/../lib/gcc/arm-none-eabi/9.3.1/../../../../arm-none-eabi/lib/thumb/v7-m/nofp\libc_nano.a(lib_a-findfp.o)
                0x0000000008006e4c                __sfp_lock_acquire
 .text.__sfp_lock_release
                0x0000000008006e58        0xc e:/stm32/stm32cubeide_1.7.0/stm32cubeide/plugins/com.st.stm32cube.ide.mcu.externaltools.gnu-tools-for-stm32.9-2020-q2-update.win32_2.0.0.202105311346/tools/bin/../lib/gcc/arm-none-eabi/9.3.1/../../../../arm-none-eabi/lib/thumb/v7-m/nofp\libc_nano.a(lib_a-findfp.o)
                0x0000000008006e58                __sfp_lock_release
 .text.__sinit_lock_acquire
                0x0000000008006e64        0xc e:/stm32/stm32cubeide_1.7.0/stm32cubeide/plugins/com.st.stm32cube.ide.mcu.externaltools.gnu-tools-for-stm32.9-2020-q2-update.win32_2.0.0.202105311346/tools/bin/../lib/gcc/arm-none-eabi/9.3.1/../../../../arm-none-eabi/lib/thumb/v7-m/nofp\libc_nano.a(lib_a-findfp.o)
                0x0000000008006e64                __sinit_lock_acquire
 .text.__sinit_lock_release
                0x0000000008006e70        0xc e:/stm32/stm32cubeide_1.7.0/stm32cubeide/plugins/com.st.stm32cube.ide.mcu.externaltools.gnu-tools-for-stm32.9-2020-q2-update.win32_2.0.0.202105311346/tools/bin/../lib/gcc/arm-none-eabi/9.3.1/../../../../arm-none-eabi/lib/thumb/v7-m/nofp\libc_nano.a(lib_a-findfp.o)
                0x0000000008006e70                __sinit_lock_release
 .text.__sinit  0x0000000008006e7c       0x70 e:/stm32/stm32cubeide_1.7.0/stm32cubeide/plugins/com.st.stm32cube.ide.mcu.externaltools.gnu-tools-for-stm32.9-2020-q2-update.win32_2.0.0.202105311346/tools/bin/../lib/gcc/arm-none-eabi/9.3.1/../../../../arm-none-eabi/lib/thumb/v7-m/nofp\libc_nano.a(lib_a-findfp.o)
                0x0000000008006e7c                __sinit
 .text.__sfp    0x0000000008006eec       0x8c e:/stm32/stm32cubeide_1.7.0/stm32cubeide/plugins/com.st.stm32cube.ide.mcu.externaltools.gnu-tools-for-stm32.9-2020-q2-update.win32_2.0.0.202105311346/tools/bin/../lib/gcc/arm-none-eabi/9.3.1/../../../../arm-none-eabi/lib/thumb/v7-m/nofp\libc_nano.a(lib_a-findfp.o)
                0x0000000008006eec                __sfp
 .text._fwalk_reent
                0x0000000008006f78       0x3e e:/stm32/stm32cubeide_1.7.0/stm32cubeide/plugins/com.st.stm32cube.ide.mcu.externaltools.gnu-tools-for-stm32.9-2020-q2-update.win32_2.0.0.202105311346/tools/bin/../lib/gcc/arm-none-eabi/9.3.1/../../../../arm-none-eabi/lib/thumb/v7-m/nofp\libc_nano.a(lib_a-fwalk.o)
                0x0000000008006f78                _fwalk_reent
 .text.__retarget_lock_init_recursive
                0x0000000008006fb6        0x2 e:/stm32/stm32cubeide_1.7.0/stm32cubeide/plugins/com.st.stm32cube.ide.mcu.externaltools.gnu-tools-for-stm32.9-2020-q2-update.win32_2.0.0.202105311346/tools/bin/../lib/gcc/arm-none-eabi/9.3.1/../../../../arm-none-eabi/lib/thumb/v7-m/nofp\libc_nano.a(lib_a-lock.o)
                0x0000000008006fb6                __retarget_lock_init_recursive
 .text.__retarget_lock_acquire_recursive
                0x0000000008006fb8        0x2 e:/stm32/stm32cubeide_1.7.0/stm32cubeide/plugins/com.st.stm32cube.ide.mcu.externaltools.gnu-tools-for-stm32.9-2020-q2-update.win32_2.0.0.202105311346/tools/bin/../lib/gcc/arm-none-eabi/9.3.1/../../../../arm-none-eabi/lib/thumb/v7-m/nofp\libc_nano.a(lib_a-lock.o)
                0x0000000008006fb8                __retarget_lock_acquire_recursive
 .text.__retarget_lock_release_recursive
                0x0000000008006fba        0x2 e:/stm32/stm32cubeide_1.7.0/stm32cubeide/plugins/com.st.stm32cube.ide.mcu.externaltools.gnu-tools-for-stm32.9-2020-q2-update.win32_2.0.0.202105311346/tools/bin/../lib/gcc/arm-none-eabi/9.3.1/../../../../arm-none-eabi/lib/thumb/v7-m/nofp\libc_nano.a(lib_a-lock.o)
                0x0000000008006fba                __retarget_lock_release_recursive
 .text.__swhatbuf_r
                0x0000000008006fbc       0x48 e:/stm32/stm32cubeide_1.7.0/stm32cubeide/plugins/com.st.stm32cube.ide.mcu.externaltools.gnu-tools-for-stm32.9-2020-q2-update.win32_2.0.0.202105311346/tools/bin/../lib/gcc/arm-none-eabi/9.3.1/../../../../arm-none-eabi/lib/thumb/v7-m/nofp\libc_nano.a(lib_a-makebuf.o)
                0x0000000008006fbc                __swhatbuf_r
 .text.__smakebuf_r
                0x0000000008007004       0x80 e:/stm32/stm32cubeide_1.7.0/stm32cubeide/plugins/com.st.stm32cube.ide.mcu.externaltools.gnu-tools-for-stm32.9-2020-q2-update.win32_2.0.0.202105311346/tools/bin/../lib/gcc/arm-none-eabi/9.3.1/../../../../arm-none-eabi/lib/thumb/v7-m/nofp\libc_nano.a(lib_a-makebuf.o)
                0x0000000008007004                __smakebuf_r
 .text._malloc_usable_size_r
                0x0000000008007084       0x10 e:/stm32/stm32cubeide_1.7.0/stm32cubeide/plugins/com.st.stm32cube.ide.mcu.externaltools.gnu-tools-for-stm32.9-2020-q2-update.win32_2.0.0.202105311346/tools/bin/../lib/gcc/arm-none-eabi/9.3.1/../../../../arm-none-eabi/lib/thumb/v7-m/nofp\libc_nano.a(lib_a-nano-msizer.o)
                0x0000000008007084                _malloc_usable_size_r
 .text._raise_r
                0x0000000008007094       0x50 e:/stm32/stm32cubeide_1.7.0/stm32cubeide/plugins/com.st.stm32cube.ide.mcu.externaltools.gnu-tools-for-stm32.9-2020-q2-update.win32_2.0.0.202105311346/tools/bin/../lib/gcc/arm-none-eabi/9.3.1/../../../../arm-none-eabi/lib/thumb/v7-m/nofp\libc_nano.a(lib_a-signal.o)
                0x0000000008007094                _raise_r
 .text.raise    0x00000000080070e4       0x10 e:/stm32/stm32cubeide_1.7.0/stm32cubeide/plugins/com.st.stm32cube.ide.mcu.externaltools.gnu-tools-for-stm32.9-2020-q2-update.win32_2.0.0.202105311346/tools/bin/../lib/gcc/arm-none-eabi/9.3.1/../../../../arm-none-eabi/lib/thumb/v7-m/nofp\libc_nano.a(lib_a-signal.o)
                0x00000000080070e4                raise
 .text._kill_r  0x00000000080070f4       0x24 e:/stm32/stm32cubeide_1.7.0/stm32cubeide/plugins/com.st.stm32cube.ide.mcu.externaltools.gnu-tools-for-stm32.9-2020-q2-update.win32_2.0.0.202105311346/tools/bin/../lib/gcc/arm-none-eabi/9.3.1/../../../../arm-none-eabi/lib/thumb/v7-m/nofp\libc_nano.a(lib_a-signalr.o)
                0x00000000080070f4                _kill_r
 .text._getpid_r
                0x0000000008007118        0x4 e:/stm32/stm32cubeide_1.7.0/stm32cubeide/plugins/com.st.stm32cube.ide.mcu.externaltools.gnu-tools-for-stm32.9-2020-q2-update.win32_2.0.0.202105311346/tools/bin/../lib/gcc/arm-none-eabi/9.3.1/../../../../arm-none-eabi/lib/thumb/v7-m/nofp\libc_nano.a(lib_a-signalr.o)
                0x0000000008007118                _getpid_r
 .text.__sread  0x000000000800711c       0x22 e:/stm32/stm32cubeide_1.7.0/stm32cubeide/plugins/com.st.stm32cube.ide.mcu.externaltools.gnu-tools-for-stm32.9-2020-q2-update.win32_2.0.0.202105311346/tools/bin/../lib/gcc/arm-none-eabi/9.3.1/../../../../arm-none-eabi/lib/thumb/v7-m/nofp\libc_nano.a(lib_a-stdio.o)
                0x000000000800711c                __sread
 .text.__swrite
                0x000000000800713e       0x38 e:/stm32/stm32cubeide_1.7.0/stm32cubeide/plugins/com.st.stm32cube.ide.mcu.externaltools.gnu-tools-for-stm32.9-2020-q2-update.win32_2.0.0.202105311346/tools/bin/../lib/gcc/arm-none-eabi/9.3.1/../../../../arm-none-eabi/lib/thumb/v7-m/nofp\libc_nano.a(lib_a-stdio.o)
                0x000000000800713e                __swrite
 .text.__sseek  0x0000000008007176       0x24 e:/stm32/stm32cubeide_1.7.0/stm32cubeide/plugins/com.st.stm32cube.ide.mcu.externaltools.gnu-tools-for-stm32.9-2020-q2-update.win32_2.0.0.202105311346/tools/bin/../lib/gcc/arm-none-eabi/9.3.1/../../../../arm-none-eabi/lib/thumb/v7-m/nofp\libc_nano.a(lib_a-stdio.o)
                0x0000000008007176                __sseek
 .text.__sclose
                0x000000000800719a        0x8 e:/stm32/stm32cubeide_1.7.0/stm32cubeide/plugins/com.st.stm32cube.ide.mcu.externaltools.gnu-tools-for-stm32.9-2020-q2-update.win32_2.0.0.202105311346/tools/bin/../lib/gcc/arm-none-eabi/9.3.1/../../../../arm-none-eabi/lib/thumb/v7-m/nofp\libc_nano.a(lib_a-stdio.o)
                0x000000000800719a                __sclose
 *fill*         0x00000000080071a2        0x2 
 .text._write_r
                0x00000000080071a4       0x24 e:/stm32/stm32cubeide_1.7.0/stm32cubeide/plugins/com.st.stm32cube.ide.mcu.externaltools.gnu-tools-for-stm32.9-2020-q2-update.win32_2.0.0.202105311346/tools/bin/../lib/gcc/arm-none-eabi/9.3.1/../../../../arm-none-eabi/lib/thumb/v7-m/nofp\libc_nano.a(lib_a-writer.o)
                0x00000000080071a4                _write_r
 .text._close_r
                0x00000000080071c8       0x20 e:/stm32/stm32cubeide_1.7.0/stm32cubeide/plugins/com.st.stm32cube.ide.mcu.externaltools.gnu-tools-for-stm32.9-2020-q2-update.win32_2.0.0.202105311346/tools/bin/../lib/gcc/arm-none-eabi/9.3.1/../../../../arm-none-eabi/lib/thumb/v7-m/nofp\libc_nano.a(lib_a-closer.o)
                0x00000000080071c8                _close_r
 .text._fstat_r
                0x00000000080071e8       0x24 e:/stm32/stm32cubeide_1.7.0/stm32cubeide/plugins/com.st.stm32cube.ide.mcu.externaltools.gnu-tools-for-stm32.9-2020-q2-update.win32_2.0.0.202105311346/tools/bin/../lib/gcc/arm-none-eabi/9.3.1/../../../../arm-none-eabi/lib/thumb/v7-m/nofp\libc_nano.a(lib_a-fstatr.o)
                0x00000000080071e8                _fstat_r
 .text._isatty_r
                0x000000000800720c       0x20 e:/stm32/stm32cubeide_1.7.0/stm32cubeide/plugins/com.st.stm32cube.ide.mcu.externaltools.gnu-tools-for-stm32.9-2020-q2-update.win32_2.0.0.202105311346/tools/bin/../lib/gcc/arm-none-eabi/9.3.1/../../../../arm-none-eabi/lib/thumb/v7-m/nofp\libc_nano.a(lib_a-isattyr.o)
                0x000000000800720c                _isatty_r
 .text._lseek_r
                0x000000000800722c       0x24 e:/stm32/stm32cubeide_1.7.0/stm32cubeide/plugins/com.st.stm32cube.ide.mcu.externaltools.gnu-tools-for-stm32.9-2020-q2-update.win32_2.0.0.202105311346/tools/bin/../lib/gcc/arm-none-eabi/9.3.1/../../../../arm-none-eabi/lib/thumb/v7-m/nofp\libc_nano.a(lib_a-lseekr.o)
                0x000000000800722c                _lseek_r
 .text._read_r  0x0000000008007250       0x24 e:/stm32/stm32cubeide_1.7.0/stm32cubeide/plugins/com.st.stm32cube.ide.mcu.externaltools.gnu-tools-for-stm32.9-2020-q2-update.win32_2.0.0.202105311346/tools/bin/../lib/gcc/arm-none-eabi/9.3.1/../../../../arm-none-eabi/lib/thumb/v7-m/nofp\libc_nano.a(lib_a-readr.o)
                0x0000000008007250                _read_r
 *(.glue_7)
 .glue_7        0x0000000008007274        0x0 linker stubs
 *(.glue_7t)
 .glue_7t       0x0000000008007274        0x0 linker stubs
 *(.eh_frame)
 .eh_frame      0x0000000008007274        0x0 e:/stm32/stm32cubeide_1.7.0/stm32cubeide/plugins/com.st.stm32cube.ide.mcu.externaltools.gnu-tools-for-stm32.9-2020-q2-update.win32_2.0.0.202105311346/tools/bin/../lib/gcc/arm-none-eabi/9.3.1/thumb/v7-m/nofp/crtbegin.o
 *(.init)
 .init          0x0000000008007274        0x4 e:/stm32/stm32cubeide_1.7.0/stm32cubeide/plugins/com.st.stm32cube.ide.mcu.externaltools.gnu-tools-for-stm32.9-2020-q2-update.win32_2.0.0.202105311346/tools/bin/../lib/gcc/arm-none-eabi/9.3.1/thumb/v7-m/nofp/crti.o
                0x0000000008007274                _init
 .init          0x0000000008007278        0x8 e:/stm32/stm32cubeide_1.7.0/stm32cubeide/plugins/com.st.stm32cube.ide.mcu.externaltools.gnu-tools-for-stm32.9-2020-q2-update.win32_2.0.0.202105311346/tools/bin/../lib/gcc/arm-none-eabi/9.3.1/thumb/v7-m/nofp/crtn.o
 *(.fini)
 .fini          0x0000000008007280        0x4 e:/stm32/stm32cubeide_1.7.0/stm32cubeide/plugins/com.st.stm32cube.ide.mcu.externaltools.gnu-tools-for-stm32.9-2020-q2-update.win32_2.0.0.202105311346/tools/bin/../lib/gcc/arm-none-eabi/9.3.1/thumb/v7-m/nofp/crti.o
                0x0000000008007280                _fini
 .fini          0x0000000008007284        0x8 e:/stm32/stm32cubeide_1.7.0/stm32cubeide/plugins/com.st.stm32cube.ide.mcu.externaltools.gnu-tools-for-stm32.9-2020-q2-update.win32_2.0.0.202105311346/tools/bin/../lib/gcc/arm-none-eabi/9.3.1/thumb/v7-m/nofp/crtn.o
                0x000000000800728c                . = ALIGN (0x4)
                0x000000000800728c                _etext = .

.vfp11_veneer   0x000000000800728c        0x0
 .vfp11_veneer  0x000000000800728c        0x0 linker stubs

.v4_bx          0x000000000800728c        0x0
 .v4_bx         0x000000000800728c        0x0 linker stubs

.iplt           0x000000000800728c        0x0
 .iplt          0x000000000800728c        0x0 e:/stm32/stm32cubeide_1.7.0/stm32cubeide/plugins/com.st.stm32cube.ide.mcu.externaltools.gnu-tools-for-stm32.9-2020-q2-update.win32_2.0.0.202105311346/tools/bin/../lib/gcc/arm-none-eabi/9.3.1/thumb/v7-m/nofp/crtbegin.o

.rodata         0x0000000008007290      0x444
                0x0000000008007290                . = ALIGN (0x4)
 *(.rodata)
 .rodata        0x0000000008007290       0x31 ./Core/Src/main.o
 *(.rodata*)
 *fill*         0x00000000080072c1        0x3 
 .rodata.AHBPrescTable
                0x00000000080072c4       0x10 ./Core/Src/system_stm32f1xx.o
                0x00000000080072c4                AHBPrescTable
 .rodata.APBPrescTable
                0x00000000080072d4        0x8 ./Core/Src/system_stm32f1xx.o
                0x00000000080072d4                APBPrescTable
 .rodata.aPLLMULFactorTable.6329
                0x00000000080072dc       0x10 ./Drivers/STM32F1xx_HAL_Driver/Src/stm32f1xx_hal_rcc.o
 .rodata.aPredivFactorTable.6330
                0x00000000080072ec        0x2 ./Drivers/STM32F1xx_HAL_Driver/Src/stm32f1xx_hal_rcc.o
 *fill*         0x00000000080072ee        0x2 
 .rodata._global_impure_ptr
                0x00000000080072f0        0x4 e:/stm32/stm32cubeide_1.7.0/stm32cubeide/plugins/com.st.stm32cube.ide.mcu.externaltools.gnu-tools-for-stm32.9-2020-q2-update.win32_2.0.0.202105311346/tools/bin/../lib/gcc/arm-none-eabi/9.3.1/../../../../arm-none-eabi/lib/thumb/v7-m/nofp\libc_nano.a(lib_a-impure.o)
                0x00000000080072f0                _global_impure_ptr
 .rodata._printf_float.str1.1
                0x00000000080072f4       0x12 e:/stm32/stm32cubeide_1.7.0/stm32cubeide/plugins/com.st.stm32cube.ide.mcu.externaltools.gnu-tools-for-stm32.9-2020-q2-update.win32_2.0.0.202105311346/tools/bin/../lib/gcc/arm-none-eabi/9.3.1/../../../../arm-none-eabi/lib/thumb/v7-m/nofp\libc_nano.a(lib_a-nano-vfprintf_float.o)
 .rodata._printf_i.str1.1
                0x0000000008007306       0x22 e:/stm32/stm32cubeide_1.7.0/stm32cubeide/plugins/com.st.stm32cube.ide.mcu.externaltools.gnu-tools-for-stm32.9-2020-q2-update.win32_2.0.0.202105311346/tools/bin/../lib/gcc/arm-none-eabi/9.3.1/../../../../arm-none-eabi/lib/thumb/v7-m/nofp\libc_nano.a(lib_a-nano-vfprintf_i.o)
 .rodata._dtoa_r.str1.1
                0x0000000008007328       0x94 e:/stm32/stm32cubeide_1.7.0/stm32cubeide/plugins/com.st.stm32cube.ide.mcu.externaltools.gnu-tools-for-stm32.9-2020-q2-update.win32_2.0.0.202105311346/tools/bin/../lib/gcc/arm-none-eabi/9.3.1/../../../../arm-none-eabi/lib/thumb/v7-m/nofp\libc_nano.a(lib_a-dtoa.o)
                                         0x96 (size before relaxing)
 .rodata._Balloc.str1.1
                0x00000000080073bc       0x60 e:/stm32/stm32cubeide_1.7.0/stm32cubeide/plugins/com.st.stm32cube.ide.mcu.externaltools.gnu-tools-for-stm32.9-2020-q2-update.win32_2.0.0.202105311346/tools/bin/../lib/gcc/arm-none-eabi/9.3.1/../../../../arm-none-eabi/lib/thumb/v7-m/nofp\libc_nano.a(lib_a-mprec.o)
                                         0x77 (size before relaxing)
 .rodata.__multadd.str1.1
                0x000000000800741c       0x11 e:/stm32/stm32cubeide_1.7.0/stm32cubeide/plugins/com.st.stm32cube.ide.mcu.externaltools.gnu-tools-for-stm32.9-2020-q2-update.win32_2.0.0.202105311346/tools/bin/../lib/gcc/arm-none-eabi/9.3.1/../../../../arm-none-eabi/lib/thumb/v7-m/nofp\libc_nano.a(lib_a-mprec.o)
 *fill*         0x000000000800741c        0x4 
 .rodata.__mprec_bigtens
                0x0000000008007420       0x28 e:/stm32/stm32cubeide_1.7.0/stm32cubeide/plugins/com.st.stm32cube.ide.mcu.externaltools.gnu-tools-for-stm32.9-2020-q2-update.win32_2.0.0.202105311346/tools/bin/../lib/gcc/arm-none-eabi/9.3.1/../../../../arm-none-eabi/lib/thumb/v7-m/nofp\libc_nano.a(lib_a-mprec.o)
                0x0000000008007420                __mprec_bigtens
 .rodata.__mprec_tens
                0x0000000008007448       0xc8 e:/stm32/stm32cubeide_1.7.0/stm32cubeide/plugins/com.st.stm32cube.ide.mcu.externaltools.gnu-tools-for-stm32.9-2020-q2-update.win32_2.0.0.202105311346/tools/bin/../lib/gcc/arm-none-eabi/9.3.1/../../../../arm-none-eabi/lib/thumb/v7-m/nofp\libc_nano.a(lib_a-mprec.o)
                0x0000000008007448                __mprec_tens
 .rodata.p05.6150
                0x0000000008007510        0xc e:/stm32/stm32cubeide_1.7.0/stm32cubeide/plugins/com.st.stm32cube.ide.mcu.externaltools.gnu-tools-for-stm32.9-2020-q2-update.win32_2.0.0.202105311346/tools/bin/../lib/gcc/arm-none-eabi/9.3.1/../../../../arm-none-eabi/lib/thumb/v7-m/nofp\libc_nano.a(lib_a-mprec.o)
 .rodata._svfprintf_r.str1.1
                0x000000000800751c       0x11 e:/stm32/stm32cubeide_1.7.0/stm32cubeide/plugins/com.st.stm32cube.ide.mcu.externaltools.gnu-tools-for-stm32.9-2020-q2-update.win32_2.0.0.202105311346/tools/bin/../lib/gcc/arm-none-eabi/9.3.1/../../../../arm-none-eabi/lib/thumb/v7-m/nofp\libc_nano.a(lib_a-nano-svfprintf.o)
 .rodata.__assert_func.str1.1
                0x000000000800752d       0x3c e:/stm32/stm32cubeide_1.7.0/stm32cubeide/plugins/com.st.stm32cube.ide.mcu.externaltools.gnu-tools-for-stm32.9-2020-q2-update.win32_2.0.0.202105311346/tools/bin/../lib/gcc/arm-none-eabi/9.3.1/../../../../arm-none-eabi/lib/thumb/v7-m/nofp\libc_nano.a(lib_a-assert.o)
                                         0x3d (size before relaxing)
 .rodata._setlocale_r.str1.1
                0x0000000008007569        0x8 e:/stm32/stm32cubeide_1.7.0/stm32cubeide/plugins/com.st.stm32cube.ide.mcu.externaltools.gnu-tools-for-stm32.9-2020-q2-update.win32_2.0.0.202105311346/tools/bin/../lib/gcc/arm-none-eabi/9.3.1/../../../../arm-none-eabi/lib/thumb/v7-m/nofp\libc_nano.a(lib_a-locale.o)
                                          0x9 (size before relaxing)
 .rodata.str1.1
                0x0000000008007571        0x2 e:/stm32/stm32cubeide_1.7.0/stm32cubeide/plugins/com.st.stm32cube.ide.mcu.externaltools.gnu-tools-for-stm32.9-2020-q2-update.win32_2.0.0.202105311346/tools/bin/../lib/gcc/arm-none-eabi/9.3.1/../../../../arm-none-eabi/lib/thumb/v7-m/nofp\libc_nano.a(lib_a-locale.o)
 .rodata._vfprintf_r.str1.1
                0x0000000008007573       0x11 e:/stm32/stm32cubeide_1.7.0/stm32cubeide/plugins/com.st.stm32cube.ide.mcu.externaltools.gnu-tools-for-stm32.9-2020-q2-update.win32_2.0.0.202105311346/tools/bin/../lib/gcc/arm-none-eabi/9.3.1/../../../../arm-none-eabi/lib/thumb/v7-m/nofp\libc_nano.a(lib_a-nano-vfprintf.o)
 .rodata._ctype_
                0x0000000008007573      0x101 e:/stm32/stm32cubeide_1.7.0/stm32cubeide/plugins/com.st.stm32cube.ide.mcu.externaltools.gnu-tools-for-stm32.9-2020-q2-update.win32_2.0.0.202105311346/tools/bin/../lib/gcc/arm-none-eabi/9.3.1/../../../../arm-none-eabi/lib/thumb/v7-m/nofp\libc_nano.a(lib_a-ctype_.o)
                0x0000000008007573                _ctype_
 .rodata.__sf_fake_stderr
                0x0000000008007674       0x20 e:/stm32/stm32cubeide_1.7.0/stm32cubeide/plugins/com.st.stm32cube.ide.mcu.externaltools.gnu-tools-for-stm32.9-2020-q2-update.win32_2.0.0.202105311346/tools/bin/../lib/gcc/arm-none-eabi/9.3.1/../../../../arm-none-eabi/lib/thumb/v7-m/nofp\libc_nano.a(lib_a-findfp.o)
                0x0000000008007674                __sf_fake_stderr
 .rodata.__sf_fake_stdin
                0x0000000008007694       0x20 e:/stm32/stm32cubeide_1.7.0/stm32cubeide/plugins/com.st.stm32cube.ide.mcu.externaltools.gnu-tools-for-stm32.9-2020-q2-update.win32_2.0.0.202105311346/tools/bin/../lib/gcc/arm-none-eabi/9.3.1/../../../../arm-none-eabi/lib/thumb/v7-m/nofp\libc_nano.a(lib_a-findfp.o)
                0x0000000008007694                __sf_fake_stdin
 .rodata.__sf_fake_stdout
                0x00000000080076b4       0x20 e:/stm32/stm32cubeide_1.7.0/stm32cubeide/plugins/com.st.stm32cube.ide.mcu.externaltools.gnu-tools-for-stm32.9-2020-q2-update.win32_2.0.0.202105311346/tools/bin/../lib/gcc/arm-none-eabi/9.3.1/../../../../arm-none-eabi/lib/thumb/v7-m/nofp\libc_nano.a(lib_a-findfp.o)
                0x00000000080076b4                __sf_fake_stdout
                0x00000000080076d4                . = ALIGN (0x4)

.rel.dyn        0x00000000080076d4        0x0
 .rel.iplt      0x00000000080076d4        0x0 e:/stm32/stm32cubeide_1.7.0/stm32cubeide/plugins/com.st.stm32cube.ide.mcu.externaltools.gnu-tools-for-stm32.9-2020-q2-update.win32_2.0.0.202105311346/tools/bin/../lib/gcc/arm-none-eabi/9.3.1/thumb/v7-m/nofp/crtbegin.o

.ARM.extab      0x00000000080076d4        0x0
                0x00000000080076d4                . = ALIGN (0x4)
 *(.ARM.extab* .gnu.linkonce.armextab.*)
                0x00000000080076d4                . = ALIGN (0x4)

.ARM            0x00000000080076d4        0x0
                0x00000000080076d4                . = ALIGN (0x4)
                0x00000000080076d4                __exidx_start = .
 *(.ARM.exidx*)
                0x00000000080076d4                __exidx_end = .
                0x00000000080076d4                . = ALIGN (0x4)

.preinit_array  0x00000000080076d4        0x0
                0x00000000080076d4                . = ALIGN (0x4)
                0x00000000080076d4                PROVIDE (__preinit_array_start = .)
 *(.preinit_array*)
                0x00000000080076d4                PROVIDE (__preinit_array_end = .)
                0x00000000080076d4                . = ALIGN (0x4)

.init_array     0x00000000080076d4        0x4
                0x00000000080076d4                . = ALIGN (0x4)
                0x00000000080076d4                PROVIDE (__init_array_start = .)
 *(SORT_BY_NAME(.init_array.*))
 *(.init_array*)
 .init_array    0x00000000080076d4        0x4 e:/stm32/stm32cubeide_1.7.0/stm32cubeide/plugins/com.st.stm32cube.ide.mcu.externaltools.gnu-tools-for-stm32.9-2020-q2-update.win32_2.0.0.202105311346/tools/bin/../lib/gcc/arm-none-eabi/9.3.1/thumb/v7-m/nofp/crtbegin.o
                0x00000000080076d8                PROVIDE (__init_array_end = .)
                0x00000000080076d8                . = ALIGN (0x4)

.fini_array     0x00000000080076d8        0x4
                0x00000000080076d8                . = ALIGN (0x4)
                [!provide]                        PROVIDE (__fini_array_start = .)
 *(SORT_BY_NAME(.fini_array.*))
 *(.fini_array*)
 .fini_array    0x00000000080076d8        0x4 e:/stm32/stm32cubeide_1.7.0/stm32cubeide/plugins/com.st.stm32cube.ide.mcu.externaltools.gnu-tools-for-stm32.9-2020-q2-update.win32_2.0.0.202105311346/tools/bin/../lib/gcc/arm-none-eabi/9.3.1/thumb/v7-m/nofp/crtbegin.o
                [!provide]                        PROVIDE (__fini_array_end = .)
                0x00000000080076dc                . = ALIGN (0x4)
                0x00000000080076dc                _sidata = LOADADDR (.data)

.data           0x0000000020000000      0x1dc load address 0x00000000080076dc
                0x0000000020000000                . = ALIGN (0x4)
                0x0000000020000000                _sdata = .
 *(.data)
 *(.data*)
 .data.SystemCoreClock
                0x0000000020000000        0x4 ./Core/Src/system_stm32f1xx.o
                0x0000000020000000                SystemCoreClock
 .data.uwTickPrio
                0x0000000020000004        0x4 ./Drivers/STM32F1xx_HAL_Driver/Src/stm32f1xx_hal.o
                0x0000000020000004                uwTickPrio
 .data.uwTickFreq
                0x0000000020000008        0x1 ./Drivers/STM32F1xx_HAL_Driver/Src/stm32f1xx_hal.o
                0x0000000020000008                uwTickFreq
 *fill*         0x0000000020000009        0x3 
 .data._impure_ptr
                0x000000002000000c        0x4 e:/stm32/stm32cubeide_1.7.0/stm32cubeide/plugins/com.st.stm32cube.ide.mcu.externaltools.gnu-tools-for-stm32.9-2020-q2-update.win32_2.0.0.202105311346/tools/bin/../lib/gcc/arm-none-eabi/9.3.1/../../../../arm-none-eabi/lib/thumb/v7-m/nofp\libc_nano.a(lib_a-impure.o)
                0x000000002000000c                _impure_ptr
 .data.impure_data
                0x0000000020000010       0x60 e:/stm32/stm32cubeide_1.7.0/stm32cubeide/plugins/com.st.stm32cube.ide.mcu.externaltools.gnu-tools-for-stm32.9-2020-q2-update.win32_2.0.0.202105311346/tools/bin/../lib/gcc/arm-none-eabi/9.3.1/../../../../arm-none-eabi/lib/thumb/v7-m/nofp\libc_nano.a(lib_a-impure.o)
 .data.__global_locale
                0x0000000020000070      0x16c e:/stm32/stm32cubeide_1.7.0/stm32cubeide/plugins/com.st.stm32cube.ide.mcu.externaltools.gnu-tools-for-stm32.9-2020-q2-update.win32_2.0.0.202105311346/tools/bin/../lib/gcc/arm-none-eabi/9.3.1/../../../../arm-none-eabi/lib/thumb/v7-m/nofp\libc_nano.a(lib_a-locale.o)
                0x0000000020000070                __global_locale
 *(.RamFunc)
 *(.RamFunc*)
                0x00000000200001dc                . = ALIGN (0x4)
                0x00000000200001dc                _edata = .

.igot.plt       0x00000000200001dc        0x0 load address 0x00000000080078b8
 .igot.plt      0x00000000200001dc        0x0 e:/stm32/stm32cubeide_1.7.0/stm32cubeide/plugins/com.st.stm32cube.ide.mcu.externaltools.gnu-tools-for-stm32.9-2020-q2-update.win32_2.0.0.202105311346/tools/bin/../lib/gcc/arm-none-eabi/9.3.1/thumb/v7-m/nofp/crtbegin.o
                0x00000000200001dc                . = ALIGN (0x4)

.bss            0x00000000200001dc      0x15c load address 0x00000000080078b8
                0x00000000200001dc                _sbss = .
                0x00000000200001dc                __bss_start__ = _sbss
 *(.bss)
 .bss           0x00000000200001dc       0x1c e:/stm32/stm32cubeide_1.7.0/stm32cubeide/plugins/com.st.stm32cube.ide.mcu.externaltools.gnu-tools-for-stm32.9-2020-q2-update.win32_2.0.0.202105311346/tools/bin/../lib/gcc/arm-none-eabi/9.3.1/thumb/v7-m/nofp/crtbegin.o
 *(.bss*)
 .bss.bFlag     0x00000000200001f8        0x1 ./Core/Src/button.o
                0x00000000200001f8                bFlag
 *fill*         0x00000000200001f9        0x3 
 .bss.bLongFlag
                0x00000000200001fc        0x1 ./Core/Src/button.o
                0x00000000200001fc                bLongFlag
 .bss.character_data
                0x00000000200001fd        0x1 ./Core/Src/main.o
                0x00000000200001fd                character_data
 .bss.havingInput
                0x00000000200001fe        0x1 ./Core/Src/main.o
                0x00000000200001fe                havingInput
 *fill*         0x00000000200001ff        0x1 
 .bss.flag      0x0000000020000200       0x14 ./Core/Src/software_timer.o
                0x0000000020000200                flag
 .bss.timer_counter
                0x0000000020000214       0x14 ./Core/Src/software_timer.o
                0x0000000020000214                timer_counter
 .bss.__sbrk_heap_end
                0x0000000020000228        0x4 ./Core/Src/sysmem.o
 .bss.__malloc_free_list
                0x000000002000022c        0x4 e:/stm32/stm32cubeide_1.7.0/stm32cubeide/plugins/com.st.stm32cube.ide.mcu.externaltools.gnu-tools-for-stm32.9-2020-q2-update.win32_2.0.0.202105311346/tools/bin/../lib/gcc/arm-none-eabi/9.3.1/../../../../arm-none-eabi/lib/thumb/v7-m/nofp\libc_nano.a(lib_a-nano-mallocr.o)
                0x000000002000022c                __malloc_free_list
 .bss.__malloc_sbrk_start
                0x0000000020000230        0x4 e:/stm32/stm32cubeide_1.7.0/stm32cubeide/plugins/com.st.stm32cube.ide.mcu.externaltools.gnu-tools-for-stm32.9-2020-q2-update.win32_2.0.0.202105311346/tools/bin/../lib/gcc/arm-none-eabi/9.3.1/../../../../arm-none-eabi/lib/thumb/v7-m/nofp\libc_nano.a(lib_a-nano-mallocr.o)
                0x0000000020000230                __malloc_sbrk_start
 *(COMMON)
 COMMON         0x0000000020000234        0x8 ./Core/Src/button.o
                0x0000000020000234                button
                0x0000000020000238                counter
 COMMON         0x000000002000023c       0xc0 ./Core/Src/main.o
                0x000000002000023c                hadc1
                0x000000002000026c                htim2
                0x00000000200002b4                huart2
 COMMON         0x00000000200002fc       0x28 ./Core/Src/process_uart.o
                0x00000000200002fc                state
                0x0000000020000300                buffer
                0x000000002000031e                cmdRST
                0x0000000020000320                indexBuffer
 COMMON         0x0000000020000324        0x4 ./Drivers/STM32F1xx_HAL_Driver/Src/stm32f1xx_hal.o
                0x0000000020000324                uwTick
 COMMON         0x0000000020000328        0x4 e:/stm32/stm32cubeide_1.7.0/stm32cubeide/plugins/com.st.stm32cube.ide.mcu.externaltools.gnu-tools-for-stm32.9-2020-q2-update.win32_2.0.0.202105311346/tools/bin/../lib/gcc/arm-none-eabi/9.3.1/../../../../arm-none-eabi/lib/thumb/v7-m/nofp\libc_nano.a(lib_a-reent.o)
                0x0000000020000328                errno
 COMMON         0x000000002000032c        0x9 e:/stm32/stm32cubeide_1.7.0/stm32cubeide/plugins/com.st.stm32cube.ide.mcu.externaltools.gnu-tools-for-stm32.9-2020-q2-update.win32_2.0.0.202105311346/tools/bin/../lib/gcc/arm-none-eabi/9.3.1/../../../../arm-none-eabi/lib/thumb/v7-m/nofp\libc_nano.a(lib_a-lock.o)
                0x000000002000032c                __lock___atexit_recursive_mutex
                0x000000002000032d                __lock___arc4random_mutex
                0x000000002000032e                __lock___env_recursive_mutex
                0x000000002000032f                __lock___sinit_recursive_mutex
                0x0000000020000330                __lock___malloc_recursive_mutex
                0x0000000020000331                __lock___at_quick_exit_mutex
                0x0000000020000332                __lock___dd_hash_mutex
                0x0000000020000333                __lock___tz_mutex
                0x0000000020000334                __lock___sfp_recursive_mutex
                0x0000000020000338                . = ALIGN (0x4)
 *fill*         0x0000000020000335        0x3 
                0x0000000020000338                _ebss = .
                0x0000000020000338                __bss_end__ = _ebss

._user_heap_stack
                0x0000000020000338      0x600 load address 0x00000000080078b8
                0x0000000020000338                . = ALIGN (0x8)
                [!provide]                        PROVIDE (end = .)
                0x0000000020000338                PROVIDE (_end = .)
                0x0000000020000538                . = (. + _Min_Heap_Size)
 *fill*         0x0000000020000338      0x200 
                0x0000000020000938                . = (. + _Min_Stack_Size)
 *fill*         0x0000000020000538      0x400 
                0x0000000020000938                . = ALIGN (0x8)

/DISCARD/
 libc.a(*)
 libm.a(*)
 libgcc.a(*)

.ARM.attributes
                0x0000000000000000       0x29
 *(.ARM.attributes)
 .ARM.attributes
                0x0000000000000000       0x1d e:/stm32/stm32cubeide_1.7.0/stm32cubeide/plugins/com.st.stm32cube.ide.mcu.externaltools.gnu-tools-for-stm32.9-2020-q2-update.win32_2.0.0.202105311346/tools/bin/../lib/gcc/arm-none-eabi/9.3.1/thumb/v7-m/nofp/crti.o
 .ARM.attributes
                0x000000000000001d       0x2d e:/stm32/stm32cubeide_1.7.0/stm32cubeide/plugins/com.st.stm32cube.ide.mcu.externaltools.gnu-tools-for-stm32.9-2020-q2-update.win32_2.0.0.202105311346/tools/bin/../lib/gcc/arm-none-eabi/9.3.1/thumb/v7-m/nofp/crtbegin.o
 .ARM.attributes
                0x000000000000004a       0x2d ./Core/Src/button.o
 .ARM.attributes
                0x0000000000000077       0x2d ./Core/Src/main.o
 .ARM.attributes
                0x00000000000000a4       0x2d ./Core/Src/process_uart.o
 .ARM.attributes
                0x00000000000000d1       0x2d ./Core/Src/software_timer.o
 .ARM.attributes
                0x00000000000000fe       0x2d ./Core/Src/stm32f1xx_hal_msp.o
 .ARM.attributes
                0x000000000000012b       0x2d ./Core/Src/stm32f1xx_it.o
 .ARM.attributes
                0x0000000000000158       0x2d ./Core/Src/syscalls.o
 .ARM.attributes
                0x0000000000000185       0x2d ./Core/Src/sysmem.o
 .ARM.attributes
                0x00000000000001b2       0x2d ./Core/Src/system_stm32f1xx.o
 .ARM.attributes
                0x00000000000001df       0x21 ./Core/Startup/startup_stm32f103c6tx.o
 .ARM.attributes
                0x0000000000000200       0x2d ./Drivers/STM32F1xx_HAL_Driver/Src/stm32f1xx_hal.o
 .ARM.attributes
                0x000000000000022d       0x2d ./Drivers/STM32F1xx_HAL_Driver/Src/stm32f1xx_hal_adc.o
 .ARM.attributes
                0x000000000000025a       0x2d ./Drivers/STM32F1xx_HAL_Driver/Src/stm32f1xx_hal_cortex.o
 .ARM.attributes
                0x0000000000000287       0x2d ./Drivers/STM32F1xx_HAL_Driver/Src/stm32f1xx_hal_dma.o
 .ARM.attributes
                0x00000000000002b4       0x2d ./Drivers/STM32F1xx_HAL_Driver/Src/stm32f1xx_hal_gpio.o
 .ARM.attributes
                0x00000000000002e1       0x2d ./Drivers/STM32F1xx_HAL_Driver/Src/stm32f1xx_hal_rcc.o
 .ARM.attributes
                0x000000000000030e       0x2d ./Drivers/STM32F1xx_HAL_Driver/Src/stm32f1xx_hal_rcc_ex.o
 .ARM.attributes
                0x000000000000033b       0x2d ./Drivers/STM32F1xx_HAL_Driver/Src/stm32f1xx_hal_tim.o
 .ARM.attributes
                0x0000000000000368       0x2d ./Drivers/STM32F1xx_HAL_Driver/Src/stm32f1xx_hal_tim_ex.o
 .ARM.attributes
                0x0000000000000395       0x2d ./Drivers/STM32F1xx_HAL_Driver/Src/stm32f1xx_hal_uart.o
 .ARM.attributes
                0x00000000000003c2       0x2d e:/stm32/stm32cubeide_1.7.0/stm32cubeide/plugins/com.st.stm32cube.ide.mcu.externaltools.gnu-tools-for-stm32.9-2020-q2-update.win32_2.0.0.202105311346/tools/bin/../lib/gcc/arm-none-eabi/9.3.1/../../../../arm-none-eabi/lib/thumb/v7-m/nofp\libc_nano.a(lib_a-errno.o)
 .ARM.attributes
                0x00000000000003ef       0x2d e:/stm32/stm32cubeide_1.7.0/stm32cubeide/plugins/com.st.stm32cube.ide.mcu.externaltools.gnu-tools-for-stm32.9-2020-q2-update.win32_2.0.0.202105311346/tools/bin/../lib/gcc/arm-none-eabi/9.3.1/../../../../arm-none-eabi/lib/thumb/v7-m/nofp\libc_nano.a(lib_a-impure.o)
 .ARM.attributes
                0x000000000000041c       0x2d e:/stm32/stm32cubeide_1.7.0/stm32cubeide/plugins/com.st.stm32cube.ide.mcu.externaltools.gnu-tools-for-stm32.9-2020-q2-update.win32_2.0.0.202105311346/tools/bin/../lib/gcc/arm-none-eabi/9.3.1/../../../../arm-none-eabi/lib/thumb/v7-m/nofp\libc_nano.a(lib_a-init.o)
 .ARM.attributes
                0x0000000000000449       0x2d e:/stm32/stm32cubeide_1.7.0/stm32cubeide/plugins/com.st.stm32cube.ide.mcu.externaltools.gnu-tools-for-stm32.9-2020-q2-update.win32_2.0.0.202105311346/tools/bin/../lib/gcc/arm-none-eabi/9.3.1/../../../../arm-none-eabi/lib/thumb/v7-m/nofp\libc_nano.a(lib_a-memset.o)
 .ARM.attributes
                0x0000000000000476       0x2d e:/stm32/stm32cubeide_1.7.0/stm32cubeide/plugins/com.st.stm32cube.ide.mcu.externaltools.gnu-tools-for-stm32.9-2020-q2-update.win32_2.0.0.202105311346/tools/bin/../lib/gcc/arm-none-eabi/9.3.1/../../../../arm-none-eabi/lib/thumb/v7-m/nofp\libc_nano.a(lib_a-nano-vfprintf_float.o)
 .ARM.attributes
                0x00000000000004a3       0x2d e:/stm32/stm32cubeide_1.7.0/stm32cubeide/plugins/com.st.stm32cube.ide.mcu.externaltools.gnu-tools-for-stm32.9-2020-q2-update.win32_2.0.0.202105311346/tools/bin/../lib/gcc/arm-none-eabi/9.3.1/../../../../arm-none-eabi/lib/thumb/v7-m/nofp\libc_nano.a(lib_a-nano-vfprintf_i.o)
 .ARM.attributes
                0x00000000000004d0       0x2d e:/stm32/stm32cubeide_1.7.0/stm32cubeide/plugins/com.st.stm32cube.ide.mcu.externaltools.gnu-tools-for-stm32.9-2020-q2-update.win32_2.0.0.202105311346/tools/bin/../lib/gcc/arm-none-eabi/9.3.1/../../../../arm-none-eabi/lib/thumb/v7-m/nofp\libc_nano.a(lib_a-sprintf.o)
 .ARM.attributes
                0x00000000000004fd       0x17 e:/stm32/stm32cubeide_1.7.0/stm32cubeide/plugins/com.st.stm32cube.ide.mcu.externaltools.gnu-tools-for-stm32.9-2020-q2-update.win32_2.0.0.202105311346/tools/bin/../lib/gcc/arm-none-eabi/9.3.1/../../../../arm-none-eabi/lib/thumb/v7-m/nofp\libc_nano.a(lib_a-strlen.o)
 .ARM.attributes
                0x0000000000000514       0x2d e:/stm32/stm32cubeide_1.7.0/stm32cubeide/plugins/com.st.stm32cube.ide.mcu.externaltools.gnu-tools-for-stm32.9-2020-q2-update.win32_2.0.0.202105311346/tools/bin/../lib/gcc/arm-none-eabi/9.3.1/../../../../arm-none-eabi/lib/thumb/v7-m/nofp\libc_nano.a(lib_a-dtoa.o)
 .ARM.attributes
                0x0000000000000541       0x2d e:/stm32/stm32cubeide_1.7.0/stm32cubeide/plugins/com.st.stm32cube.ide.mcu.externaltools.gnu-tools-for-stm32.9-2020-q2-update.win32_2.0.0.202105311346/tools/bin/../lib/gcc/arm-none-eabi/9.3.1/../../../../arm-none-eabi/lib/thumb/v7-m/nofp\libc_nano.a(lib_a-localeconv.o)
 .ARM.attributes
                0x000000000000056e       0x2d e:/stm32/stm32cubeide_1.7.0/stm32cubeide/plugins/com.st.stm32cube.ide.mcu.externaltools.gnu-tools-for-stm32.9-2020-q2-update.win32_2.0.0.202105311346/tools/bin/../lib/gcc/arm-none-eabi/9.3.1/../../../../arm-none-eabi/lib/thumb/v7-m/nofp\libc_nano.a(lib_a-malloc.o)
 .ARM.attributes
                0x000000000000059b       0x2d e:/stm32/stm32cubeide_1.7.0/stm32cubeide/plugins/com.st.stm32cube.ide.mcu.externaltools.gnu-tools-for-stm32.9-2020-q2-update.win32_2.0.0.202105311346/tools/bin/../lib/gcc/arm-none-eabi/9.3.1/../../../../arm-none-eabi/lib/thumb/v7-m/nofp\libc_nano.a(lib_a-memchr-stub.o)
 .ARM.attributes
                0x00000000000005c8       0x2d e:/stm32/stm32cubeide_1.7.0/stm32cubeide/plugins/com.st.stm32cube.ide.mcu.externaltools.gnu-tools-for-stm32.9-2020-q2-update.win32_2.0.0.202105311346/tools/bin/../lib/gcc/arm-none-eabi/9.3.1/../../../../arm-none-eabi/lib/thumb/v7-m/nofp\libc_nano.a(lib_a-memcpy-stub.o)
 .ARM.attributes
                0x00000000000005f5       0x2d e:/stm32/stm32cubeide_1.7.0/stm32cubeide/plugins/com.st.stm32cube.ide.mcu.externaltools.gnu-tools-for-stm32.9-2020-q2-update.win32_2.0.0.202105311346/tools/bin/../lib/gcc/arm-none-eabi/9.3.1/../../../../arm-none-eabi/lib/thumb/v7-m/nofp\libc_nano.a(lib_a-mprec.o)
 .ARM.attributes
                0x0000000000000622       0x2d e:/stm32/stm32cubeide_1.7.0/stm32cubeide/plugins/com.st.stm32cube.ide.mcu.externaltools.gnu-tools-for-stm32.9-2020-q2-update.win32_2.0.0.202105311346/tools/bin/../lib/gcc/arm-none-eabi/9.3.1/../../../../arm-none-eabi/lib/thumb/v7-m/nofp\libc_nano.a(lib_a-nano-callocr.o)
 .ARM.attributes
                0x000000000000064f       0x2d e:/stm32/stm32cubeide_1.7.0/stm32cubeide/plugins/com.st.stm32cube.ide.mcu.externaltools.gnu-tools-for-stm32.9-2020-q2-update.win32_2.0.0.202105311346/tools/bin/../lib/gcc/arm-none-eabi/9.3.1/../../../../arm-none-eabi/lib/thumb/v7-m/nofp\libc_nano.a(lib_a-nano-freer.o)
 .ARM.attributes
                0x000000000000067c       0x2d e:/stm32/stm32cubeide_1.7.0/stm32cubeide/plugins/com.st.stm32cube.ide.mcu.externaltools.gnu-tools-for-stm32.9-2020-q2-update.win32_2.0.0.202105311346/tools/bin/../lib/gcc/arm-none-eabi/9.3.1/../../../../arm-none-eabi/lib/thumb/v7-m/nofp\libc_nano.a(lib_a-nano-mallocr.o)
 .ARM.attributes
                0x00000000000006a9       0x2d e:/stm32/stm32cubeide_1.7.0/stm32cubeide/plugins/com.st.stm32cube.ide.mcu.externaltools.gnu-tools-for-stm32.9-2020-q2-update.win32_2.0.0.202105311346/tools/bin/../lib/gcc/arm-none-eabi/9.3.1/../../../../arm-none-eabi/lib/thumb/v7-m/nofp\libc_nano.a(lib_a-nano-svfprintf.o)
 .ARM.attributes
                0x00000000000006d6       0x2d e:/stm32/stm32cubeide_1.7.0/stm32cubeide/plugins/com.st.stm32cube.ide.mcu.externaltools.gnu-tools-for-stm32.9-2020-q2-update.win32_2.0.0.202105311346/tools/bin/../lib/gcc/arm-none-eabi/9.3.1/../../../../arm-none-eabi/lib/thumb/v7-m/nofp\libc_nano.a(lib_a-sbrkr.o)
 .ARM.attributes
                0x0000000000000703       0x2d e:/stm32/stm32cubeide_1.7.0/stm32cubeide/plugins/com.st.stm32cube.ide.mcu.externaltools.gnu-tools-for-stm32.9-2020-q2-update.win32_2.0.0.202105311346/tools/bin/../lib/gcc/arm-none-eabi/9.3.1/../../../../arm-none-eabi/lib/thumb/v7-m/nofp\libc_nano.a(lib_a-assert.o)
 .ARM.attributes
                0x0000000000000730       0x2d e:/stm32/stm32cubeide_1.7.0/stm32cubeide/plugins/com.st.stm32cube.ide.mcu.externaltools.gnu-tools-for-stm32.9-2020-q2-update.win32_2.0.0.202105311346/tools/bin/../lib/gcc/arm-none-eabi/9.3.1/../../../../arm-none-eabi/lib/thumb/v7-m/nofp\libc_nano.a(lib_a-fprintf.o)
 .ARM.attributes
                0x000000000000075d       0x2d e:/stm32/stm32cubeide_1.7.0/stm32cubeide/plugins/com.st.stm32cube.ide.mcu.externaltools.gnu-tools-for-stm32.9-2020-q2-update.win32_2.0.0.202105311346/tools/bin/../lib/gcc/arm-none-eabi/9.3.1/../../../../arm-none-eabi/lib/thumb/v7-m/nofp\libc_nano.a(lib_a-locale.o)
 .ARM.attributes
                0x000000000000078a       0x2d e:/stm32/stm32cubeide_1.7.0/stm32cubeide/plugins/com.st.stm32cube.ide.mcu.externaltools.gnu-tools-for-stm32.9-2020-q2-update.win32_2.0.0.202105311346/tools/bin/../lib/gcc/arm-none-eabi/9.3.1/../../../../arm-none-eabi/lib/thumb/v7-m/nofp\libc_nano.a(lib_a-mbtowc_r.o)
 .ARM.attributes
                0x00000000000007b7       0x2d e:/stm32/stm32cubeide_1.7.0/stm32cubeide/plugins/com.st.stm32cube.ide.mcu.externaltools.gnu-tools-for-stm32.9-2020-q2-update.win32_2.0.0.202105311346/tools/bin/../lib/gcc/arm-none-eabi/9.3.1/../../../../arm-none-eabi/lib/thumb/v7-m/nofp\libc_nano.a(lib_a-memmove.o)
 .ARM.attributes
                0x00000000000007e4       0x2d e:/stm32/stm32cubeide_1.7.0/stm32cubeide/plugins/com.st.stm32cube.ide.mcu.externaltools.gnu-tools-for-stm32.9-2020-q2-update.win32_2.0.0.202105311346/tools/bin/../lib/gcc/arm-none-eabi/9.3.1/../../../../arm-none-eabi/lib/thumb/v7-m/nofp\libc_nano.a(lib_a-mlock.o)
 .ARM.attributes