09:06:13 **** Build of configuration Debug for project lab5_uart ****
make -j8 all 
arm-none-eabi-gcc "../Drivers/STM32F1xx_HAL_Driver/Src/stm32f1xx_hal.c" -mcpu=cortex-m3 -std=gnu11 -g3 -DDEBUG -DUSE_HAL_DRIVER -DSTM32F103x6 -c -I../Core/Inc -I../Drivers/STM32F1xx_HAL_Driver/Inc -I../Drivers/STM32F1xx_HAL_Driver/Inc/Legacy -I../Drivers/CMSIS/Device/ST/STM32F1xx/Include -I../Drivers/CMSIS/Include -O0 -ffunction-sections -fdata-sections -Wall -fstack-usage -MMD -MP -MF"Drivers/STM32F1xx_HAL_Driver/Src/stm32f1xx_hal.d" -MT"Drivers/STM32F1xx_HAL_Driver/Src/stm32f1xx_hal.o" --specs=nano.specs -mfloat-abi=soft -mthumb -o "Drivers/STM32F1xx_HAL_Driver/Src/stm32f1xx_hal.o"
arm-none-eabi-gcc "../Drivers/STM32F1xx_HAL_Driver/Src/stm32f1xx_hal_adc.c" -mcpu=cortex-m3 -std=gnu11 -g3 -DDEBUG -DUSE_HAL_DRIVER -DSTM32F103x6 -c -I../Core/Inc -I../Drivers/STM32F1xx_HAL_Driver/Inc -I../Drivers/STM32F1xx_HAL_Driver/Inc/Legacy -I../Drivers/CMSIS/Device/ST/STM32F1xx/Include -I../Drivers/CMSIS/Include -O0 -ffunction-sections -fdata-sections -Wall -fstack-usage -MMD -MP -MF"Drivers/STM32F1xx_HAL_Driver/Src/stm32f1xx_hal_adc.d" -MT"Drivers/STM32F1xx_HAL_Driver/Src/stm32f1xx_hal_adc.o" --specs=nano.specs -mfloat-abi=soft -mthumb -o "Drivers/STM32F1xx_HAL_Driver/Src/stm32f1xx_hal_adc.o"
arm-none-eabi-gcc "../Drivers/STM32F1xx_HAL_Driver/Src/stm32f1xx_hal_adc_ex.c" -mcpu=cortex-m3 -std=gnu11 -g3 -DDEBUG -DUSE_HAL_DRIVER -DSTM32F103x6 -c -I../Core/Inc -I../Drivers/STM32F1xx_HAL_Driver/Inc -I../Drivers/STM32F1xx_HAL_Driver/Inc/Legacy -I../Drivers/CMSIS/Device/ST/STM32F1xx/Include -I../Drivers/CMSIS/Include -O0 -ffunction-sections -fdata-sections -Wall -fstack-usage -MMD -MP -MF"Drivers/STM32F1xx_HAL_Driver/Src/stm32f1xx_hal_adc_ex.d" -MT"Drivers/STM32F1xx_HAL_Driver/Src/stm32f1xx_hal_adc_ex.o" --specs=nano.specs -mfloat-abi=soft -mthumb -o "Drivers/STM32F1xx_HAL_Driver/Src/stm32f1xx_hal_adc_ex.o"
arm-none-eabi-gcc "../Drivers/STM32F1xx_HAL_Driver/Src/stm32f1xx_hal_cortex.c" -mcpu=cortex-m3 -std=gnu11 -g3 -DDEBUG -DUSE_HAL_DRIVER -DSTM32F103x6 -c -I../Core/Inc -I../Drivers/STM32F1xx_HAL_Driver/Inc -I../Drivers/STM32F1xx_HAL_Driver/Inc/Legacy -I../Drivers/CMSIS/Device/ST/STM32F1xx/Include -I../Drivers/CMSIS/Include -O0 -ffunction-sections -fdata-sections -Wall -fstack-usage -MMD -MP -MF"Drivers/STM32F1xx_HAL_Driver/Src/stm32f1xx_hal_cortex.d" -MT"Drivers/STM32F1xx_HAL_Driver/Src/stm32f1xx_hal_cortex.o" --specs=nano.specs -mfloat-abi=soft -mthumb -o "Drivers/STM32F1xx_HAL_Driver/Src/stm32f1xx_hal_cortex.o"
arm-none-eabi-gcc "../Drivers/STM32F1xx_HAL_Driver/Src/stm32f1xx_hal_dma.c" -mcpu=cortex-m3 -std=gnu11 -g3 -DDEBUG -DUSE_HAL_DRIVER -DSTM32F103x6 -c -I../Core/Inc -I../Drivers/STM32F1xx_HAL_Driver/Inc -I../Drivers/STM32F1xx_HAL_Driver/Inc/Legacy -I../Drivers/CMSIS/Device/ST/STM32F1xx/Include -I../Drivers/CMSIS/Include -O0 -ffunction-sections -fdata-sections -Wall -fstack-usage -MMD -MP -MF"Drivers/STM32F1xx_HAL_Driver/Src/stm32f1xx_hal_dma.d" -MT"Drivers/STM32F1xx_HAL_Driver/Src/stm32f1xx_hal_dma.o" --specs=nano.specs -mfloat-abi=soft -mthumb -o "Drivers/STM32F1xx_HAL_Driver/Src/stm32f1xx_hal_dma.o"
arm-none-eabi-gcc "../Drivers/STM32F1xx_HAL_Driver/Src/stm32f1xx_hal_exti.c" -mcpu=cortex-m3 -std=gnu11 -g3 -DDEBUG -DUSE_HAL_DRIVER -DSTM32F103x6 -c -I../Core/Inc -I../Drivers/STM32F1xx_HAL_Driver/Inc -I../Drivers/STM32F1xx_HAL_Driver/Inc/Legacy -I../Drivers/CMSIS/Device/ST/STM32F1xx/Include -I../Drivers/CMSIS/Include -O0 -ffunction-sections -fdata-sections -Wall -fstack-usage -MMD -MP -MF"Drivers/STM32F1xx_HAL_Driver/Src/stm32f1xx_hal_exti.d" -MT"Drivers/STM32F1xx_HAL_Driver/Src/stm32f1xx_hal_exti.o" --specs=nano.specs -mfloat-abi=soft -mthumb -o "Drivers/STM32F1xx_HAL_Driver/Src/stm32f1xx_hal_exti.o"
arm-none-eabi-gcc "../Drivers/STM32F1xx_HAL_Driver/Src/stm32f1xx_hal_flash.c" -mcpu=cortex-m3 -std=gnu11 -g3 -DDEBUG -DUSE_HAL_DRIVER -DSTM32F103x6 -c -I../Core/Inc -I../Drivers/STM32F1xx_HAL_Driver/Inc -I../Drivers/STM32F1xx_HAL_Driver/Inc/Legacy -I../Drivers/CMSIS/Device/ST/STM32F1xx/Include -I../Drivers/CMSIS/Include -O0 -ffunction-sections -fdata-sections -Wall -fstack-usage -MMD -MP -MF"Drivers/STM32F1xx_HAL_Driver/Src/stm32f1xx_hal_flash.d" -MT"Drivers/STM32F1xx_HAL_Driver/Src/stm32f1xx_hal_flash.o" --specs=nano.specs -mfloat-abi=soft -mthumb -o "Drivers/STM32F1xx_HAL_Driver/Src/stm32f1xx_hal_flash.o"
arm-none-eabi-gcc "../Drivers/STM32F1xx_HAL_Driver/Src/stm32f1xx_hal_flash_ex.c" -mcpu=cortex-m3 -std=gnu11 -g3 -DDEBUG -DUSE_HAL_DRIVER -DSTM32F103x6 -c -I../Core/Inc -I../Drivers/STM32F1xx_HAL_Driver/Inc -I../Drivers/STM32F1xx_HAL_Driver/Inc/Legacy -I../Drivers/CMSIS/Device/ST/STM32F1xx/Include -I../Drivers/CMSIS/Include -O0 -ffunction-sections -fdata-sections -Wall -fstack-usage -MMD -MP -MF"Drivers/STM32F1xx_HAL_Driver/Src/stm32f1xx_hal_flash_ex.d" -MT"Drivers/STM32F1xx_HAL_Driver/Src/stm32f1xx_hal_flash_ex.o" --specs=nano.specs -mfloat-abi=soft -mthumb -o "Drivers/STM32F1xx_HAL_Driver/Src/stm32f1xx_hal_flash_ex.o"
arm-none-eabi-gcc "../Drivers/STM32F1xx_HAL_Driver/Src/stm32f1xx_hal_gpio.c" -mcpu=cortex-m3 -std=gnu11 -g3 -DDEBUG -DUSE_HAL_DRIVER -DSTM32F103x6 -c -I../Core/Inc -I../Drivers/STM32F1xx_HAL_Driver/Inc -I../Drivers/STM32F1xx_HAL_Driver/Inc/Legacy -I../Drivers/CMSIS/Device/ST/STM32F1xx/Include -I../Drivers/CMSIS/Include -O0 -ffunction-sections -fdata-sections -Wall -fstack-usage -MMD -MP -MF"Drivers/STM32F1xx_HAL_Driver/Src/stm32f1xx_hal_gpio.d" -MT"Drivers/STM32F1xx_HAL_Driver/Src/stm32f1xx_hal_gpio.o" --specs=nano.specs -mfloat-abi=soft -mthumb -o "Drivers/STM32F1xx_HAL_Driver/Src/stm32f1xx_hal_gpio.o"
arm-none-eabi-gcc "../Drivers/STM32F1xx_HAL_Driver/Src/stm32f1xx_hal_gpio_ex.c" -mcpu=cortex-m3 -std=gnu11 -g3 -DDEBUG -DUSE_HAL_DRIVER -DSTM32F103x6 -c -I../Core/Inc -I../Drivers/STM32F1xx_HAL_Driver/Inc -I../Drivers/STM32F1xx_HAL_Driver/Inc/Legacy -I../Drivers/CMSIS/Device/ST/STM32F1xx/Include -I../Drivers/CMSIS/Include -O0 -ffunction-sections -fdata-sections -Wall -fstack-usage -MMD -MP -MF"Drivers/STM32F1xx_HAL_Driver/Src/stm32f1xx_hal_gpio_ex.d" -MT"Drivers/STM32F1xx_HAL_Driver/Src/stm32f1xx_hal_gpio_ex.o" --specs=nano.specs -mfloat-abi=soft -mthumb -o "Drivers/STM32F1xx_HAL_Driver/Src/stm32f1xx_hal_gpio_ex.o"
arm-none-eabi-gcc "../Drivers/STM32F1xx_HAL_Driver/Src/stm32f1xx_hal_pwr.c" -mcpu=cortex-m3 -std=gnu11 -g3 -DDEBUG -DUSE_HAL_DRIVER -DSTM32F103x6 -c -I../Core/Inc -I../Drivers/STM32F1xx_HAL_Driver/Inc -I../Drivers/STM32F1xx_HAL_Driver/Inc/Legacy -I../Drivers/CMSIS/Device/ST/STM32F1xx/Include -I../Drivers/CMSIS/Include -O0 -ffunction-sections -fdata-sections -Wall -fstack-usage -MMD -MP -MF"Drivers/STM32F1xx_HAL_Driver/Src/stm32f1xx_hal_pwr.d" -MT"Drivers/STM32F1xx_HAL_Driver/Src/stm32f1xx_hal_pwr.o" --specs=nano.specs -mfloat-abi=soft -mthumb -o "Drivers/STM32F1xx_HAL_Driver/Src/stm32f1xx_hal_pwr.o"
arm-none-eabi-gcc "../Drivers/STM32F1xx_HAL_Driver/Src/stm32f1xx_hal_rcc.c" -mcpu=cortex-m3 -std=gnu11 -g3 -DDEBUG -DUSE_HAL_DRIVER -DSTM32F103x6 -c -I../Core/Inc -I../Drivers/STM32F1xx_HAL_Driver/Inc -I../Drivers/STM32F1xx_HAL_Driver/Inc/Legacy -I../Drivers/CMSIS/Device/ST/STM32F1xx/Include -I../Drivers/CMSIS/Include -O0 -ffunction-sections -fdata-sections -Wall -fstack-usage -MMD -MP -MF"Drivers/STM32F1xx_HAL_Driver/Src/stm32f1xx_hal_rcc.d" -MT"Drivers/STM32F1xx_HAL_Driver/Src/stm32f1xx_hal_rcc.o" --specs=nano.specs -mfloat-abi=soft -mthumb -o "Drivers/STM32F1xx_HAL_Driver/Src/stm32f1xx_hal_rcc.o"
arm-none-eabi-gcc "../Drivers/STM32F1xx_HAL_Driver/Src/stm32f1xx_hal_rcc_ex.c" -mcpu=cortex-m3 -std=gnu11 -g3 -DDEBUG -DUSE_HAL_DRIVER -DSTM32F103x6 -c -I../Core/Inc -I../Drivers/STM32F1xx_HAL_Driver/Inc -I../Drivers/STM32F1xx_HAL_Driver/Inc/Legacy -I../Drivers/CMSIS/Device/ST/STM32F1xx/Include -I../Drivers/CMSIS/Include -O0 -ffunction-sections -fdata-sections -Wall -fstack-usage -MMD -MP -MF"Drivers/STM32F1xx_HAL_Driver/Src/stm32f1xx_hal_rcc_ex.d" -MT"Drivers/STM32F1xx_HAL_Driver/Src/stm32f1xx_hal_rcc_ex.o" --specs=nano.specs -mfloat-abi=soft -mthumb -o "Drivers/STM32F1xx_HAL_Driver/Src/stm32f1xx_hal_rcc_ex.o"
arm-none-eabi-gcc "../Drivers/STM32F1xx_HAL_Driver/Src/stm32f1xx_hal_tim.c" -mcpu=cortex-m3 -std=gnu11 -g3 -DDEBUG -DUSE_HAL_DRIVER -DSTM32F103x6 -c -I../Core/Inc -I../Drivers/STM32F1xx_HAL_Driver/Inc -I../Drivers/STM32F1xx_HAL_Driver/Inc/Legacy -I../Drivers/CMSIS/Device/ST/STM32F1xx/Include -I../Drivers/CMSIS/Include -O0 -ffunction-sections -fdata-sections -Wall -fstack-usage -MMD -MP -MF"Drivers/STM32F1xx_HAL_Driver/Src/stm32f1xx_hal_tim.d" -MT"Drivers/STM32F1xx_HAL_Driver/Src/stm32f1xx_hal_tim.o" --specs=nano.specs -mfloat-abi=soft -mthumb -o "Drivers/STM32F1xx_HAL_Driver/Src/stm32f1xx_hal_tim.o"
arm-none-eabi-gcc "../Drivers/STM32F1xx_HAL_Driver/Src/stm32f1xx_hal_tim_ex.c" -mcpu=cortex-m3 -std=gnu11 -g3 -DDEBUG -DUSE_HAL_DRIVER -DSTM32F103x6 -c -I../Core/Inc -I../Drivers/STM32F1xx_HAL_Driver/Inc -I../Drivers/STM32F1xx_HAL_Driver/Inc/Legacy -I../Drivers/CMSIS/Device/ST/STM32F1xx/Include -I../Drivers/CMSIS/Include -O0 -ffunction-sections -fdata-sections -Wall -fstack-usage -MMD -MP -MF"Drivers/STM32F1xx_HAL_Driver/Src/stm32f1xx_hal_tim_ex.d" -MT"Drivers/STM32F1xx_HAL_Driver/Src/stm32f1xx_hal_tim_ex.o" --specs=nano.specs -mfloat-abi=soft -mthumb -o "Drivers/STM32F1xx_HAL_Driver/Src/stm32f1xx_hal_tim_ex.o"
arm-none-eabi-gcc "../Drivers/STM32F1xx_HAL_Driver/Src/stm32f1xx_hal_uart.c" -mcpu=cortex-m3 -std=gnu11 -g3 -DDEBUG -DUSE_HAL_DRIVER -DSTM32F103x6 -c -I../Core/Inc -I../Drivers/STM32F1xx_HAL_Driver/Inc -I../Drivers/STM32F1xx_HAL_Driver/Inc/Legacy -I../Drivers/CMSIS/Device/ST/STM32F1xx/Include -I../Drivers/CMSIS/Include -O0 -ffunction-sections -fdata-sections -Wall -fstack-usage -MMD -MP -MF"Drivers/STM32F1xx_HAL_Driver/Src/stm32f1xx_hal_uart.d" -MT"Drivers/STM32F1xx_HAL_Driver/Src/stm32f1xx_hal_uart.o" --specs=nano.specs -mfloat-abi=soft -mthumb -o "Drivers/STM32F1xx_HAL_Driver/Src/stm32f1xx_hal_uart.o"
arm-none-eabi-gcc -mcpu=cortex-m3 -g3 -DDEBUG -c -x assembler-with-cpp -MMD -MP -MF"Core/Startup/startup_stm32f103c6tx.d" -MT"Core/Startup/startup_stm32f103c6tx.o" --specs=nano.specs -mfloat-abi=soft -mthumb -o "Core/Startup/startup_stm32f103c6tx.o" "../Core/Startup/startup_stm32f103c6tx.s"
arm-none-eabi-gcc "../Core/Src/main.c" -mcpu=cortex-m3 -std=gnu11 -g3 -DDEBUG -DUSE_HAL_DRIVER -DSTM32F103x6 -c -I../Core/Inc -I../Drivers/STM32F1xx_HAL_Driver/Inc -I../Drivers/STM32F1xx_HAL_Driver/Inc/Legacy -I../Drivers/CMSIS/Device/ST/STM32F1xx/Include -I../Drivers/CMSIS/Include -O0 -ffunction-sections -fdata-sections -Wall -fstack-usage -MMD -MP -MF"Core/Src/main.d" -MT"Core/Src/main.o" --specs=nano.specs -mfloat-abi=soft -mthumb -o "Core/Src/main.o"
arm-none-eabi-gcc "../Core/Src/stm32f1xx_hal_msp.c" -mcpu=cortex-m3 -std=gnu11 -g3 -DDEBUG -DUSE_HAL_DRIVER -DSTM32F103x6 -c -I../Core/Inc -I../Drivers/STM32F1xx_HAL_Driver/Inc -I../Drivers/STM32F1xx_HAL_Driver/Inc/Legacy -I../Drivers/CMSIS/Device/ST/STM32F1xx/Include -I../Drivers/CMSIS/Include -O0 -ffunction-sections -fdata-sections -Wall -fstack-usage -MMD -MP -MF"Core/Src/stm32f1xx_hal_msp.d" -MT"Core/Src/stm32f1xx_hal_msp.o" --specs=nano.specs -mfloat-abi=soft -mthumb -o "Core/Src/stm32f1xx_hal_msp.o"
arm-none-eabi-gcc "../Core/Src/stm32f1xx_it.c" -mcpu=cortex-m3 -std=gnu11 -g3 -DDEBUG -DUSE_HAL_DRIVER -DSTM32F103x6 -c -I../Core/Inc -I../Drivers/STM32F1xx_HAL_Driver/Inc -I../Drivers/STM32F1xx_HAL_Driver/Inc/Legacy -I../Drivers/CMSIS/Device/ST/STM32F1xx/Include -I../Drivers/CMSIS/Include -O0 -ffunction-sections -fdata-sections -Wall -fstack-usage -MMD -MP -MF"Core/Src/stm32f1xx_it.d" -MT"Core/Src/stm32f1xx_it.o" --specs=nano.specs -mfloat-abi=soft -mthumb -o "Core/Src/stm32f1xx_it.o"
arm-none-eabi-gcc "../Core/Src/syscalls.c" -mcpu=cortex-m3 -std=gnu11 -g3 -DDEBUG -DUSE_HAL_DRIVER -DSTM32F103x6 -c -I../Core/Inc -I../Drivers/STM32F1xx_HAL_Driver/Inc -I../Drivers/STM32F1xx_HAL_Driver/Inc/Legacy -I../Drivers/CMSIS/Device/ST/STM32F1xx/Include -I../Drivers/CMSIS/Include -O0 -ffunction-sections -fdata-sections -Wall -fstack-usage -MMD -MP -MF"Core/Src/syscalls.d" -MT"Core/Src/syscalls.o" --specs=nano.specs -mfloat-abi=soft -mthumb -o "Core/Src/syscalls.o"
arm-none-eabi-gcc "../Core/Src/sysmem.c" -mcpu=cortex-m3 -std=gnu11 -g3 -DDEBUG -DUSE_HAL_DRIVER -DSTM32F103x6 -c -I../Core/Inc -I../Drivers/STM32F1xx_HAL_Driver/Inc -I../Drivers/STM32F1xx_HAL_Driver/Inc/Legacy -I../Drivers/CMSIS/Device/ST/STM32F1xx/Include -I../Drivers/CMSIS/Include -O0 -ffunction-sections -fdata-sections -Wall -fstack-usage -MMD -MP -MF"Core/Src/sysmem.d" -MT"Core/Src/sysmem.o" --specs=nano.specs -mfloat-abi=soft -mthumb -o "Core/Src/sysmem.o"
arm-none-eabi-gcc "../Core/Src/system_stm32f1xx.c" -mcpu=cortex-m3 -std=gnu11 -g3 -DDEBUG -DUSE_HAL_DRIVER -DSTM32F103x6 -c -I../Core/Inc -I../Drivers/STM32F1xx_HAL_Driver/Inc -I../Drivers/STM32F1xx_HAL_Driver/Inc/Legacy -I../Drivers/CMSIS/Device/ST/STM32F1xx/Include -I../Drivers/CMSIS/Include -O0 -ffunction-sections -fdata-sections -Wall -fstack-usage -MMD -MP -MF"Core/Src/system_stm32f1xx.d" -MT"Core/Src/system_stm32f1xx.o" --specs=nano.specs -mfloat-abi=soft -mthumb -o "Core/Src/system_stm32f1xx.o"
arm-none-eabi-gcc -o "lab5_uart.elf" @"objects.list"   -mcpu=cortex-m3 -T"E:\Microcontroller\lab5_microcontroller\lab5_uart\STM32F103C6TX_FLASH.ld" --specs=nosys.specs -Wl,-Map="lab5_uart.map" -Wl,--gc-sections -static --specs=nano.specs -mfloat-abi=soft -mthumb -Wl,--start-group -lc -lm -Wl,--end-group
Finished building target: lab5_uart.elf
 
arm-none-eabi-size   lab5_uart.elf 
arm-none-eabi-objdump -h -S  lab5_uart.elf  > "lab5_uart.list"
arm-none-eabi-objcopy  -O binary  lab5_uart.elf  "lab5_uart.bin"
   text	   data	    bss	    dec	    hex	filename
  12656	     20	   1764	  14440	   3868	lab5_uart.elf
Finished building: default.size.stdout
 
Finished building: lab5_uart.bin
 
Finished building: lab5_uart.list
 
09:06:51 **** Incremental Build of configuration Debug for project lab5_uart ****
make -j8 all 
arm-none-eabi-gcc -o "lab5_uart.elf" @"objects.list"   -mcpu=cortex-m3 -T"E:\Microcontroller\lab5_microcontroller\lab5_uart\STM32F103C6TX_FLASH.ld" --specs=nosys.specs -Wl,-Map="lab5_uart.map" -Wl,--gc-sections -static --specs=nano.specs -mfloat-abi=soft -mthumb -Wl,--start-group -lc -lm -Wl,--end-group
Finished building target: lab5_uart.elf
 
arm-none-eabi-size   lab5_uart.elf 
arm-none-eabi-objdump -h -S  lab5_uart.elf  > "lab5_uart.list"
arm-none-eabi-objcopy  -O ihex  lab5_uart.elf  "lab5_uart.hex"
   text	   data	    bss	    dec	    hex	filename
  12656	     20	   1764	  14440	   3868	lab5_uart.elf
arm-none-eabi-objcopy  -O binary  lab5_uart.elf  "lab5_uart.bin"
Finished building: default.size.stdout
 
Finished building: lab5_uart.hex
Finished building: lab5_uart.bin
 
 
Finished building: lab5_uart.list
 
09:14:11 **** Incremental Build of configuration Debug for project lab5_uart ****
make -j8 all 
arm-none-eabi-gcc "../Core/Src/main.c" -mcpu=cortex-m3 -std=gnu11 -g3 -DDEBUG -DUSE_HAL_DRIVER -DSTM32F103x6 -c -I../Core/Inc -I../Drivers/STM32F1xx_HAL_Driver/Inc -I../Drivers/STM32F1xx_HAL_Driver/Inc/Legacy -I../Drivers/CMSIS/Device/ST/STM32F1xx/Include -I../Drivers/CMSIS/Include -O0 -ffunction-sections -fdata-sections -Wall -fstack-usage -MMD -MP -MF"Core/Src/main.d" -MT"Core/Src/main.o" --specs=nano.specs -mfloat-abi=soft -mthumb -o "Core/Src/main.o"
arm-none-eabi-gcc "../Core/Src/process_uart.c" -mcpu=cortex-m3 -std=gnu11 -g3 -DDEBUG -DUSE_HAL_DRIVER -DSTM32F103x6 -c -I../Core/Inc -I../Drivers/STM32F1xx_HAL_Driver/Inc -I../Drivers/STM32F1xx_HAL_Driver/Inc/Legacy -I../Drivers/CMSIS/Device/ST/STM32F1xx/Include -I../Drivers/CMSIS/Include -O0 -ffunction-sections -fdata-sections -Wall -fstack-usage -MMD -MP -MF"Core/Src/process_uart.d" -MT"Core/Src/process_uart.o" --specs=nano.specs -mfloat-abi=soft -mthumb -o "Core/Src/process_uart.o"
arm-none-eabi-gcc "../Core/Src/stm32f1xx_hal_msp.c" -mcpu=cortex-m3 -std=gnu11 -g3 -DDEBUG -DUSE_HAL_DRIVER -DSTM32F103x6 -c -I../Core/Inc -I../Drivers/STM32F1xx_HAL_Driver/Inc -I../Drivers/STM32F1xx_HAL_Driver/Inc/Legacy -I../Drivers/CMSIS/Device/ST/STM32F1xx/Include -I../Drivers/CMSIS/Include -O0 -ffunction-sections -fdata-sections -Wall -fstack-usage -MMD -MP -MF"Core/Src/stm32f1xx_hal_msp.d" -MT"Core/Src/stm32f1xx_hal_msp.o" --specs=nano.specs -mfloat-abi=soft -mthumb -o "Core/Src/stm32f1xx_hal_msp.o"
arm-none-eabi-gcc "../Core/Src/stm32f1xx_it.c" -mcpu=cortex-m3 -std=gnu11 -g3 -DDEBUG -DUSE_HAL_DRIVER -DSTM32F103x6 -c -I../Core/Inc -I../Drivers/STM32F1xx_HAL_Driver/Inc -I../Drivers/STM32F1xx_HAL_Driver/Inc/Legacy -I../Drivers/CMSIS/Device/ST/STM32F1xx/Include -I../Drivers/CMSIS/Include -O0 -ffunction-sections -fdata-sections -Wall -fstack-usage -MMD -MP -MF"Core/Src/stm32f1xx_it.d" -MT"Core/Src/stm32f1xx_it.o" --specs=nano.specs -mfloat-abi=soft -mthumb -o "Core/Src/stm32f1xx_it.o"
arm-none-eabi-gcc "../Core/Src/syscalls.c" -mcpu=cortex-m3 -std=gnu11 -g3 -DDEBUG -DUSE_HAL_DRIVER -DSTM32F103x6 -c -I../Core/Inc -I../Drivers/STM32F1xx_HAL_Driver/Inc -I../Drivers/STM32F1xx_HAL_Driver/Inc/Legacy -I../Drivers/CMSIS/Device/ST/STM32F1xx/Include -I../Drivers/CMSIS/Include -O0 -ffunction-sections -fdata-sections -Wall -fstack-usage -MMD -MP -MF"Core/Src/syscalls.d" -MT"Core/Src/syscalls.o" --specs=nano.specs -mfloat-abi=soft -mthumb -o "Core/Src/syscalls.o"
arm-none-eabi-gcc "../Core/Src/sysmem.c" -mcpu=cortex-m3 -std=gnu11 -g3 -DDEBUG -DUSE_HAL_DRIVER -DSTM32F103x6 -c -I../Core/Inc -I../Drivers/STM32F1xx_HAL_Driver/Inc -I../Drivers/STM32F1xx_HAL_Driver/Inc/Legacy -I../Drivers/CMSIS/Device/ST/STM32F1xx/Include -I../Drivers/CMSIS/Include -O0 -ffunction-sections -fdata-sections -Wall -fstack-usage -MMD -MP -MF"Core/Src/sysmem.d" -MT"Core/Src/sysmem.o" --specs=nano.specs -mfloat-abi=soft -mthumb -o "Core/Src/sysmem.o"
arm-none-eabi-gcc "../Core/Src/system_stm32f1xx.c" -mcpu=cortex-m3 -std=gnu11 -g3 -DDEBUG -DUSE_HAL_DRIVER -DSTM32F103x6 -c -I../Core/Inc -I../Drivers/STM32F1xx_HAL_Driver/Inc -I../Drivers/STM32F1xx_HAL_Driver/Inc/Legacy -I../Drivers/CMSIS/Device/ST/STM32F1xx/Include -I../Drivers/CMSIS/Include -O0 -ffunction-sections -fdata-sections -Wall -fstack-usage -MMD -MP -MF"Core/Src/system_stm32f1xx.d" -MT"Core/Src/system_stm32f1xx.o" --specs=nano.specs -mfloat-abi=soft -mthumb -o "Core/Src/system_stm32f1xx.o"
arm-none-eabi-gcc -o "lab5_uart.elf" @"objects.list"   -mcpu=cortex-m3 -T"E:\Microcontroller\lab5_microcontroller\lab5_uart\STM32F103C6TX_FLASH.ld" --specs=nosys.specs -Wl,-Map="lab5_uart.map" -Wl,--gc-sections -static --specs=nano.specs -mfloat-abi=soft -mthumb -Wl,--start-group -lc -lm -Wl,--end-group
Finished building target: lab5_uart.elf
 
arm-none-eabi-size   lab5_uart.elf 
arm-none-eabi-objdump -h -S  lab5_uart.elf  > "lab5_uart.list"
arm-none-eabi-objcopy  -O ihex  lab5_uart.elf  "lab5_uart.hex"
arm-none-eabi-objcopy  -O binary  lab5_uart.elf  "lab5_uart.bin"
   text	   data	    bss	    dec	    hex	filename
  12656	     20	   1764	  14440	   3868	lab5_uart.elf
Finished building: default.size.stdout
 
Finished building: lab5_uart.bin
Finished building: lab5_uart.hex
 
 
Finished building: lab5_uart.list
 
09:33:01 **** Incremental Build of configuration Debug for project lab5_uart ****
make -j8 all 
arm-none-eabi-gcc "../Core/Src/button.c" -mcpu=cortex-m3 -std=gnu11 -g3 -DDEBUG -DUSE_HAL_DRIVER -DSTM32F103x6 -c -I../Core/Inc -I../Drivers/STM32F1xx_HAL_Driver/Inc -I../Drivers/STM32F1xx_HAL_Driver/Inc/Legacy -I../Drivers/CMSIS/Device/ST/STM32F1xx/Include -I../Drivers/CMSIS/Include -O0 -ffunction-sections -fdata-sections -Wall -fstack-usage -MMD -MP -MF"Core/Src/button.d" -MT"Core/Src/button.o" --specs=nano.specs -mfloat-abi=soft -mthumb -o "Core/Src/button.o"
arm-none-eabi-gcc "../Core/Src/main.c" -mcpu=cortex-m3 -std=gnu11 -g3 -DDEBUG -DUSE_HAL_DRIVER -DSTM32F103x6 -c -I../Core/Inc -I../Drivers/STM32F1xx_HAL_Driver/Inc -I../Drivers/STM32F1xx_HAL_Driver/Inc/Legacy -I../Drivers/CMSIS/Device/ST/STM32F1xx/Include -I../Drivers/CMSIS/Include -O0 -ffunction-sections -fdata-sections -Wall -fstack-usage -MMD -MP -MF"Core/Src/main.d" -MT"Core/Src/main.o" --specs=nano.specs -mfloat-abi=soft -mthumb -o "Core/Src/main.o"
arm-none-eabi-gcc "../Core/Src/process_uart.c" -mcpu=cortex-m3 -std=gnu11 -g3 -DDEBUG -DUSE_HAL_DRIVER -DSTM32F103x6 -c -I../Core/Inc -I../Drivers/STM32F1xx_HAL_Driver/Inc -I../Drivers/STM32F1xx_HAL_Driver/Inc/Legacy -I../Drivers/CMSIS/Device/ST/STM32F1xx/Include -I../Drivers/CMSIS/Include -O0 -ffunction-sections -fdata-sections -Wall -fstack-usage -MMD -MP -MF"Core/Src/process_uart.d" -MT"Core/Src/process_uart.o" --specs=nano.specs -mfloat-abi=soft -mthumb -o "Core/Src/process_uart.o"
arm-none-eabi-gcc "../Core/Src/stm32f1xx_hal_msp.c" -mcpu=cortex-m3 -std=gnu11 -g3 -DDEBUG -DUSE_HAL_DRIVER -DSTM32F103x6 -c -I../Core/Inc -I../Drivers/STM32F1xx_HAL_Driver/Inc -I../Drivers/STM32F1xx_HAL_Driver/Inc/Legacy -I../Drivers/CMSIS/Device/ST/STM32F1xx/Include -I../Drivers/CMSIS/Include -O0 -ffunction-sections -fdata-sections -Wall -fstack-usage -MMD -MP -MF"Core/Src/stm32f1xx_hal_msp.d" -MT"Core/Src/stm32f1xx_hal_msp.o" --specs=nano.specs -mfloat-abi=soft -mthumb -o "Core/Src/stm32f1xx_hal_msp.o"
arm-none-eabi-gcc "../Core/Src/stm32f1xx_it.c" -mcpu=cortex-m3 -std=gnu11 -g3 -DDEBUG -DUSE_HAL_DRIVER -DSTM32F103x6 -c -I../Core/Inc -I../Drivers/STM32F1xx_HAL_Driver/Inc -I../Drivers/STM32F1xx_HAL_Driver/Inc/Legacy -I../Drivers/CMSIS/Device/ST/STM32F1xx/Include -I../Drivers/CMSIS/Include -O0 -ffunction-sections -fdata-sections -Wall -fstack-usage -MMD -MP -MF"Core/Src/stm32f1xx_it.d" -MT"Core/Src/stm32f1xx_it.o" --specs=nano.specs -mfloat-abi=soft -mthumb -o "Core/Src/stm32f1xx_it.o"
arm-none-eabi-gcc "../Core/Src/syscalls.c" -mcpu=cortex-m3 -std=gnu11 -g3 -DDEBUG -DUSE_HAL_DRIVER -DSTM32F103x6 -c -I../Core/Inc -I../Drivers/STM32F1xx_HAL_Driver/Inc -I../Drivers/STM32F1xx_HAL_Driver/Inc/Legacy -I../Drivers/CMSIS/Device/ST/STM32F1xx/Include -I../Drivers/CMSIS/Include -O0 -ffunction-sections -fdata-sections -Wall -fstack-usage -MMD -MP -MF"Core/Src/syscalls.d" -MT"Core/Src/syscalls.o" --specs=nano.specs -mfloat-abi=soft -mthumb -o "Core/Src/syscalls.o"
arm-none-eabi-gcc "../Core/Src/sysmem.c" -mcpu=cortex-m3 -std=gnu11 -g3 -DDEBUG -DUSE_HAL_DRIVER -DSTM32F103x6 -c -I../Core/Inc -I../Drivers/STM32F1xx_HAL_Driver/Inc -I../Drivers/STM32F1xx_HAL_Driver/Inc/Legacy -I../Drivers/CMSIS/Device/ST/STM32F1xx/Include -I../Drivers/CMSIS/Include -O0 -ffunction-sections -fdata-sections -Wall -fstack-usage -MMD -MP -MF"Core/Src/sysmem.d" -MT"Core/Src/sysmem.o" --specs=nano.specs -mfloat-abi=soft -mthumb -o "Core/Src/sysmem.o"
arm-none-eabi-gcc "../Core/Src/system_stm32f1xx.c" -mcpu=cortex-m3 -std=gnu11 -g3 -DDEBUG -DUSE_HAL_DRIVER -DSTM32F103x6 -c -I../Core/Inc -I../Drivers/STM32F1xx_HAL_Driver/Inc -I../Drivers/STM32F1xx_HAL_Driver/Inc/Legacy -I../Drivers/CMSIS/Device/ST/STM32F1xx/Include -I../Drivers/CMSIS/Include -O0 -ffunction-sections -fdata-sections -Wall -fstack-usage -MMD -MP -MF"Core/Src/system_stm32f1xx.d" -MT"Core/Src/system_stm32f1xx.o" --specs=nano.specs -mfloat-abi=soft -mthumb -o "Core/Src/system_stm32f1xx.o"
../Core/Src/button.c: In function 'init_button':
../Core/Src/button.c:40:32: error: expected expression before ';' token
   40 |  for (int i = 0; i < MAX_BUTTON; i++)
      |                                ^
../Core/Src/button.c: In function 'get_key':
../Core/Src/button.c:58:32: error: expected expression before ';' token
   58 |  for (int i = 0; i < MAX_BUTTON; i++)
      |                                ^
../Core/Src/button.c:66:32: error: expected expression before ';' token
   66 |  for (int i = 0; i < MAX_BUTTON; i++)
      |                                ^
../Core/Src/button.c: In function 'processKey':
../Core/Src/button.c:103:32: error: expected expression before ';' token
  103 |  for (int i = 0; i < MAX_BUTTON; i++)
      |                                ^
../Core/Src/button.c: At top level:
../Core/Src/button.c:20:12: warning: array 'button' assumed to have one element
   20 | listButton button[MAX_BUTTON];
      |            ^~~~~~
../Core/Src/button.c:21:14: warning: array 'buttonFlag' assumed to have one element
   21 | statusButton buttonFlag[MAX_BUTTON];
      |              ^~~~~~~~~~
../Core/Src/button.c:22:14: warning: array 'previousStatus' assumed to have one element
   22 | statusButton previousStatus[MAX_BUTTON][3];
      |              ^~~~~~~~~~~~~~
../Core/Src/button.c:23:10: warning: array 'counter' assumed to have one element
   23 | uint16_t counter[MAX_BUTTON];
      |          ^~~~~~~
make: *** [Core/Src/subdir.mk:40: Core/Src/button.o] Error 1
make: *** Waiting for unfinished jobs....
"make -j8 all" terminated with exit code 2. Build might be incomplete.
09:33:33 **** Incremental Build of configuration Debug for project lab5_uart ****
make -j8 all 
arm-none-eabi-gcc "../Core/Src/button.c" -mcpu=cortex-m3 -std=gnu11 -g3 -DDEBUG -DUSE_HAL_DRIVER -DSTM32F103x6 -c -I../Core/Inc -I../Drivers/STM32F1xx_HAL_Driver/Inc -I../Drivers/STM32F1xx_HAL_Driver/Inc/Legacy -I../Drivers/CMSIS/Device/ST/STM32F1xx/Include -I../Drivers/CMSIS/Include -O0 -ffunction-sections -fdata-sections -Wall -fstack-usage -MMD -MP -MF"Core/Src/button.d" -MT"Core/Src/button.o" --specs=nano.specs -mfloat-abi=soft -mthumb -o "Core/Src/button.o"
arm-none-eabi-gcc -o "lab5_uart.elf" @"objects.list"   -mcpu=cortex-m3 -T"E:\Microcontroller\lab5_microcontroller\lab5_uart\STM32F103C6TX_FLASH.ld" --specs=nosys.specs -Wl,-Map="lab5_uart.map" -Wl,--gc-sections -static --specs=nano.specs -mfloat-abi=soft -mthumb -Wl,--start-group -lc -lm -Wl,--end-group
Finished building target: lab5_uart.elf
 
arm-none-eabi-size   lab5_uart.elf 
arm-none-eabi-objdump -h -S  lab5_uart.elf  > "lab5_uart.list"
arm-none-eabi-objcopy  -O ihex  lab5_uart.elf  "lab5_uart.hex"
arm-none-eabi-objcopy  -O binary  lab5_uart.elf  "lab5_uart.bin"
   text	   data	    bss	    dec	    hex	filename
  12656	     20	   1764	  14440	   3868	lab5_uart.elf
Finished building: default.size.stdout
 
Finished building: lab5_uart.bin
Finished building: lab5_uart.hex
 
 
Finished building: lab5_uart.list
 
09:35:21 **** Incremental Build of configuration Debug for project lab5_uart ****
make -j8 all 
arm-none-eabi-gcc "../Core/Src/main.c" -mcpu=cortex-m3 -std=gnu11 -g3 -DDEBUG -DUSE_HAL_DRIVER -DSTM32F103x6 -c -I../Core/Inc -I../Drivers/STM32F1xx_HAL_Driver/Inc -I../Drivers/STM32F1xx_HAL_Driver/Inc/Legacy -I../Drivers/CMSIS/Device/ST/STM32F1xx/Include -I../Drivers/CMSIS/Include -O0 -ffunction-sections -fdata-sections -Wall -fstack-usage -MMD -MP -MF"Core/Src/main.d" -MT"Core/Src/main.o" --specs=nano.specs -mfloat-abi=soft -mthumb -o "Core/Src/main.o"
../Core/Src/main.c: In function 'main':
../Core/Src/main.c:116:8: warning: implicit declaration of function 'get_button_flag' [-Wimplicit-function-declaration]
  116 |    if (get_button_flag(0) == PRESSED)
      |        ^~~~~~~~~~~~~~~
../Core/Src/main.c:116:30: error: 'PRESSED' undeclared (first use in this function); did you mean 'RESET'?
  116 |    if (get_button_flag(0) == PRESSED)
      |                              ^~~~~~~
      |                              RESET
../Core/Src/main.c:116:30: note: each undeclared identifier is reported only once for each function it appears in
make: *** [Core/Src/subdir.mk:40: Core/Src/main.o] Error 1
"make -j8 all" terminated with exit code 2. Build might be incomplete.
09:35:37 **** Incremental Build of configuration Debug for project lab5_uart ****
make -j8 all 
arm-none-eabi-gcc "../Core/Src/main.c" -mcpu=cortex-m3 -std=gnu11 -g3 -DDEBUG -DUSE_HAL_DRIVER -DSTM32F103x6 -c -I../Core/Inc -I../Drivers/STM32F1xx_HAL_Driver/Inc -I../Drivers/STM32F1xx_HAL_Driver/Inc/Legacy -I../Drivers/CMSIS/Device/ST/STM32F1xx/Include -I../Drivers/CMSIS/Include -O0 -ffunction-sections -fdata-sections -Wall -fstack-usage -MMD -MP -MF"Core/Src/main.d" -MT"Core/Src/main.o" --specs=nano.specs -mfloat-abi=soft -mthumb -o "Core/Src/main.o"
arm-none-eabi-gcc -o "lab5_uart.elf" @"objects.list"   -mcpu=cortex-m3 -T"E:\Microcontroller\lab5_microcontroller\lab5_uart\STM32F103C6TX_FLASH.ld" --specs=nosys.specs -Wl,-Map="lab5_uart.map" -Wl,--gc-sections -static --specs=nano.specs -mfloat-abi=soft -mthumb -Wl,--start-group -lc -lm -Wl,--end-group
Finished building target: lab5_uart.elf
 
arm-none-eabi-size   lab5_uart.elf 
arm-none-eabi-objdump -h -S  lab5_uart.elf  > "lab5_uart.list"
arm-none-eabi-objcopy  -O ihex  lab5_uart.elf  "lab5_uart.hex"
   text	   data	    bss	    dec	    hex	filename
  12692	     20	   1788	  14500	   38a4	lab5_uart.elf
arm-none-eabi-objcopy  -O binary  lab5_uart.elf  "lab5_uart.bin"
Finished building: default.size.stdout
 
Finished building: lab5_uart.hex
Finished building: lab5_uart.bin
 
 
Finished building: lab5_uart.list
 
09:42:06 **** Incremental Build of configuration Debug for project lab5_uart ****
make -j8 all 
arm-none-eabi-gcc "../Core/Src/main.c" -mcpu=cortex-m3 -std=gnu11 -g3 -DDEBUG -DUSE_HAL_DRIVER -DSTM32F103x6 -c -I../Core/Inc -I../Drivers/STM32F1xx_HAL_Driver/Inc -I../Drivers/STM32F1xx_HAL_Driver/Inc/Legacy -I../Drivers/CMSIS/Device/ST/STM32F1xx/Include -I../Drivers/CMSIS/Include -O0 -ffunction-sections -fdata-sections -Wall -fstack-usage -MMD -MP -MF"Core/Src/main.d" -MT"Core/Src/main.o" --specs=nano.specs -mfloat-abi=soft -mthumb -o "Core/Src/main.o"
arm-none-eabi-gcc -o "lab5_uart.elf" @"objects.list"   -mcpu=cortex-m3 -T"E:\Microcontroller\lab5_microcontroller\lab5_uart\STM32F103C6TX_FLASH.ld" --specs=nosys.specs -Wl,-Map="lab5_uart.map" -Wl,--gc-sections -static --specs=nano.specs -mfloat-abi=soft -mthumb -Wl,--start-group -lc -lm -Wl,--end-group
Finished building target: lab5_uart.elf
 
arm-none-eabi-size   lab5_uart.elf 
arm-none-eabi-objdump -h -S  lab5_uart.elf  > "lab5_uart.list"
arm-none-eabi-objcopy  -O ihex  lab5_uart.elf  "lab5_uart.hex"
   text	   data	    bss	    dec	    hex	filename
  13260	     20	   1788	  15068	   3adc	lab5_uart.elf
arm-none-eabi-objcopy  -O binary  lab5_uart.elf  "lab5_uart.bin"
Finished building: default.size.stdout
 
Finished building: lab5_uart.hex
Finished building: lab5_uart.bin
 
 
Finished building: lab5_uart.list
 
09:43:33 **** Incremental Build of configuration Debug for project lab5_uart ****
make -j8 all 
arm-none-eabi-gcc "../Core/Src/main.c" -mcpu=cortex-m3 -std=gnu11 -g3 -DDEBUG -DUSE_HAL_DRIVER -DSTM32F103x6 -c -I../Core/Inc -I../Drivers/STM32F1xx_HAL_Driver/Inc -I../Drivers/STM32F1xx_HAL_Driver/Inc/Legacy -I../Drivers/CMSIS/Device/ST/STM32F1xx/Include -I../Drivers/CMSIS/Include -O0 -ffunction-sections -fdata-sections -Wall -fstack-usage -MMD -MP -MF"Core/Src/main.d" -MT"Core/Src/main.o" --specs=nano.specs -mfloat-abi=soft -mthumb -o "Core/Src/main.o"
arm-none-eabi-gcc -o "lab5_uart.elf" @"objects.list"   -mcpu=cortex-m3 -T"E:\Microcontroller\lab5_microcontroller\lab5_uart\STM32F103C6TX_FLASH.ld" --specs=nosys.specs -Wl,-Map="lab5_uart.map" -Wl,--gc-sections -static --specs=nano.specs -mfloat-abi=soft -mthumb -Wl,--start-group -lc -lm -Wl,--end-group
Finished building target: lab5_uart.elf
 
arm-none-eabi-size   lab5_uart.elf 
arm-none-eabi-objdump -h -S  lab5_uart.elf  > "lab5_uart.list"
arm-none-eabi-objcopy  -O ihex  lab5_uart.elf  "lab5_uart.hex"
   text	   data	    bss	    dec	    hex	filename
  12692	     20	   1788	  14500	   38a4	lab5_uart.elf
arm-none-eabi-objcopy  -O binary  lab5_uart.elf  "lab5_uart.bin"
Finished building: default.size.stdout
 
Finished building: lab5_uart.hex
Finished building: lab5_uart.bin
 
 
Finished building: lab5_uart.list
 
09:55:52 **** Incremental Build of configuration Debug for project lab5_uart ****
make -j8 all 
arm-none-eabi-gcc "../Core/Src/main.c" -mcpu=cortex-m3 -std=gnu11 -g3 -DDEBUG -DUSE_HAL_DRIVER -DSTM32F103x6 -c -I../Core/Inc -I../Drivers/STM32F1xx_HAL_Driver/Inc -I../Drivers/STM32F1xx_HAL_Driver/Inc/Legacy -I../Drivers/CMSIS/Device/ST/STM32F1xx/Include -I../Drivers/CMSIS/Include -O0 -ffunction-sections -fdata-sections -Wall -fstack-usage -MMD -MP -MF"Core/Src/main.d" -MT"Core/Src/main.o" --specs=nano.specs -mfloat-abi=soft -mthumb -o "Core/Src/main.o"
arm-none-eabi-gcc "../Core/Src/process_uart.c" -mcpu=cortex-m3 -std=gnu11 -g3 -DDEBUG -DUSE_HAL_DRIVER -DSTM32F103x6 -c -I../Core/Inc -I../Drivers/STM32F1xx_HAL_Driver/Inc -I../Drivers/STM32F1xx_HAL_Driver/Inc/Legacy -I../Drivers/CMSIS/Device/ST/STM32F1xx/Include -I../Drivers/CMSIS/Include -O0 -ffunction-sections -fdata-sections -Wall -fstack-usage -MMD -MP -MF"Core/Src/process_uart.d" -MT"Core/Src/process_uart.o" --specs=nano.specs -mfloat-abi=soft -mthumb -o "Core/Src/process_uart.o"
arm-none-eabi-gcc -o "lab5_uart.elf" @"objects.list"   -mcpu=cortex-m3 -T"E:\Microcontroller\lab5_microcontroller\lab5_uart\STM32F103C6TX_FLASH.ld" --specs=nosys.specs -Wl,-Map="lab5_uart.map" -Wl,--gc-sections -static --specs=nano.specs -mfloat-abi=soft -mthumb -Wl,--start-group -lc -lm -Wl,--end-group
Finished building target: lab5_uart.elf
 
arm-none-eabi-size   lab5_uart.elf 
arm-none-eabi-objdump -h -S  lab5_uart.elf  > "lab5_uart.list"
arm-none-eabi-objcopy  -O ihex  lab5_uart.elf  "lab5_uart.hex"
   text	   data	    bss	    dec	    hex	filename
  12736	     20	   1764	  14520	   38b8	lab5_uart.elf
arm-none-eabi-objcopy  -O binary  lab5_uart.elf  "lab5_uart.bin"
Finished building: default.size.stdout
 
Finished building: lab5_uart.hex
Finished building: lab5_uart.bin
 
 
Finished building: lab5_uart.list
 
09:57:13 **** Incremental Build of configuration Debug for project lab5_uart ****
make -j8 all 
arm-none-eabi-gcc "../Core/Src/main.c" -mcpu=cortex-m3 -std=gnu11 -g3 -DDEBUG -DUSE_HAL_DRIVER -DSTM32F103x6 -c -I../Core/Inc -I../Drivers/STM32F1xx_HAL_Driver/Inc -I../Drivers/STM32F1xx_HAL_Driver/Inc/Legacy -I../Drivers/CMSIS/Device/ST/STM32F1xx/Include -I../Drivers/CMSIS/Include -O0 -ffunction-sections -fdata-sections -Wall -fstack-usage -MMD -MP -MF"Core/Src/main.d" -MT"Core/Src/main.o" --specs=nano.specs -mfloat-abi=soft -mthumb -o "Core/Src/main.o"
arm-none-eabi-gcc -o "lab5_uart.elf" @"objects.list"   -mcpu=cortex-m3 -T"E:\Microcontroller\lab5_microcontroller\lab5_uart\STM32F103C6TX_FLASH.ld" --specs=nosys.specs -Wl,-Map="lab5_uart.map" -Wl,--gc-sections -static --specs=nano.specs -mfloat-abi=soft -mthumb -Wl,--start-group -lc -lm -Wl,--end-group
Finished building target: lab5_uart.elf
 
arm-none-eabi-size   lab5_uart.elf 
arm-none-eabi-objdump -h -S  lab5_uart.elf  > "lab5_uart.list"
arm-none-eabi-objcopy  -O ihex  lab5_uart.elf  "lab5_uart.hex"
   text	   data	    bss	    dec	    hex	filename
  12736	     20	   1764	  14520	   38b8	lab5_uart.elf
arm-none-eabi-objcopy  -O binary  lab5_uart.elf  "lab5_uart.bin"
Finished building: default.size.stdout
 
Finished building: lab5_uart.hex
Finished building: lab5_uart.bin
 
 
Finished building: lab5_uart.list
 
09:57:32 **** Incremental Build of configuration Debug for project lab5_uart ****
make -j8 all 
arm-none-eabi-gcc "../Core/Src/main.c" -mcpu=cortex-m3 -std=gnu11 -g3 -DDEBUG -DUSE_HAL_DRIVER -DSTM32F103x6 -c -I../Core/Inc -I../Drivers/STM32F1xx_HAL_Driver/Inc -I../Drivers/STM32F1xx_HAL_Driver/Inc/Legacy -I../Drivers/CMSIS/Device/ST/STM32F1xx/Include -I../Drivers/CMSIS/Include -O0 -ffunction-sections -fdata-sections -Wall -fstack-usage -MMD -MP -MF"Core/Src/main.d" -MT"Core/Src/main.o" --specs=nano.specs -mfloat-abi=soft -mthumb -o "Core/Src/main.o"
arm-none-eabi-gcc -o "lab5_uart.elf" @"objects.list"   -mcpu=cortex-m3 -T"E:\Microcontroller\lab5_microcontroller\lab5_uart\STM32F103C6TX_FLASH.ld" --specs=nosys.specs -Wl,-Map="lab5_uart.map" -Wl,--gc-sections -static --specs=nano.specs -mfloat-abi=soft -mthumb -Wl,--start-group -lc -lm -Wl,--end-group
Finished building target: lab5_uart.elf
 
arm-none-eabi-size   lab5_uart.elf 
arm-none-eabi-objdump -h -S  lab5_uart.elf  > "lab5_uart.list"
arm-none-eabi-objcopy  -O ihex  lab5_uart.elf  "lab5_uart.hex"
   text	   data	    bss	    dec	    hex	filename
  12736	     20	   1764	  14520	   38b8	lab5_uart.elf
arm-none-eabi-objcopy  -O binary  lab5_uart.elf  "lab5_uart.bin"
Finished building: default.size.stdout
 
Finished building: lab5_uart.hex
Finished building: lab5_uart.bin
 
 
Finished building: lab5_uart.list
 
10:08:53 **** Incremental Build of configuration Debug for project lab5_uart ****
make -j8 all 
arm-none-eabi-gcc "../Core/Src/main.c" -mcpu=cortex-m3 -std=gnu11 -g3 -DDEBUG -DUSE_HAL_DRIVER -DSTM32F103x6 -c -I../Core/Inc -I../Drivers/STM32F1xx_HAL_Driver/Inc -I../Drivers/STM32F1xx_HAL_Driver/Inc/Legacy -I../Drivers/CMSIS/Device/ST/STM32F1xx/Include -I../Drivers/CMSIS/Include -O0 -ffunction-sections -fdata-sections -Wall -fstack-usage -MMD -MP -MF"Core/Src/main.d" -MT"Core/Src/main.o" --specs=nano.specs -mfloat-abi=soft -mthumb -o "Core/Src/main.o"
arm-none-eabi-gcc -o "lab5_uart.elf" @"objects.list"   -mcpu=cortex-m3 -T"E:\Microcontroller\lab5_microcontroller\lab5_uart\STM32F103C6TX_FLASH.ld" --specs=nosys.specs -Wl,-Map="lab5_uart.map" -Wl,--gc-sections -static --specs=nano.specs -mfloat-abi=soft -mthumb -Wl,--start-group -lc -lm -Wl,--end-group
Finished building target: lab5_uart.elf
 
arm-none-eabi-size   lab5_uart.elf 
arm-none-eabi-objdump -h -S  lab5_uart.elf  > "lab5_uart.list"
arm-none-eabi-objcopy  -O ihex  lab5_uart.elf  "lab5_uart.hex"
   text	   data	    bss	    dec	    hex	filename
  12776	     20	   1764	  14560	   38e0	lab5_uart.elf
arm-none-eabi-objcopy  -O binary  lab5_uart.elf  "lab5_uart.bin"
Finished building: default.size.stdout
 
Finished building: lab5_uart.hex
Finished building: lab5_uart.bin
 
 
Finished building: lab5_uart.list
 
10:13:37 **** Incremental Build of configuration Debug for project lab5_uart ****
make -j8 all 
arm-none-eabi-gcc "../Core/Src/main.c" -mcpu=cortex-m3 -std=gnu11 -g3 -DDEBUG -DUSE_HAL_DRIVER -DSTM32F103x6 -c -I../Core/Inc -I../Drivers/STM32F1xx_HAL_Driver/Inc -I../Drivers/STM32F1xx_HAL_Driver/Inc/Legacy -I../Drivers/CMSIS/Device/ST/STM32F1xx/Include -I../Drivers/CMSIS/Include -O0 -ffunction-sections -fdata-sections -Wall -fstack-usage -MMD -MP -MF"Core/Src/main.d" -MT"Core/Src/main.o" --specs=nano.specs -mfloat-abi=soft -mthumb -o "Core/Src/main.o"
arm-none-eabi-gcc -o "lab5_uart.elf" @"objects.list"   -mcpu=cortex-m3 -T"E:\Microcontroller\lab5_microcontroller\lab5_uart\STM32F103C6TX_FLASH.ld" --specs=nosys.specs -Wl,-Map="lab5_uart.map" -Wl,--gc-sections -static --specs=nano.specs -mfloat-abi=soft -mthumb -Wl,--start-group -lc -lm -Wl,--end-group
Finished building target: lab5_uart.elf
 
arm-none-eabi-size   lab5_uart.elf 
arm-none-eabi-objdump -h -S  lab5_uart.elf  > "lab5_uart.list"
arm-none-eabi-objcopy  -O ihex  lab5_uart.elf  "lab5_uart.hex"
   text	   data	    bss	    dec	    hex	filename
  12772	     20	   1764	  14556	   38dc	lab5_uart.elf
arm-none-eabi-objcopy  -O binary  lab5_uart.elf  "lab5_uart.bin"
Finished building: default.size.stdout
 
Finished building: lab5_uart.bin
Finished building: lab5_uart.hex
 
 
Finished building: lab5_uart.list
 
10:48:33 **** Incremental Build of configuration Debug for project lab5_uart ****
make -j8 all 
arm-none-eabi-gcc "../Core/Src/main.c" -mcpu=cortex-m3 -std=gnu11 -g3 -DDEBUG -DUSE_HAL_DRIVER -DSTM32F103x6 -c -I../Core/Inc -I../Drivers/STM32F1xx_HAL_Driver/Inc -I../Drivers/STM32F1xx_HAL_Driver/Inc/Legacy -I../Drivers/CMSIS/Device/ST/STM32F1xx/Include -I../Drivers/CMSIS/Include -O0 -ffunction-sections -fdata-sections -Wall -fstack-usage -MMD -MP -MF"Core/Src/main.d" -MT"Core/Src/main.o" --specs=nano.specs -mfloat-abi=soft -mthumb -o "Core/Src/main.o"
../Core/Src/main.c: In function 'main':
../Core/Src/main.c:127:59: warning: pointer targets in passing argument 1 of 'sprintf' differ in signedness [-Wpointer-sign]
  127 |    HAL_UART_Transmit(&huart2, data, sprintf(data, sprintf(data, "%b\r", HAL_ADC_GetValue(&hadc1)), 50);
      |                                                           ^~~~
      |                                                           |
      |                                                           uint8_t * {aka unsigned char *}
In file included from ../Core/Inc/process_uart.h:12,
                 from ../Core/Src/main.c:26:
e:\stm32\stm32cubeide_1.7.0\stm32cubeide\plugins\com.st.stm32cube.ide.mcu.externaltools.gnu-tools-for-stm32.9-2020-q2-update.win32_2.0.0.202105311346\tools\arm-none-eabi\include\stdio.h:244:14: note: expected 'char * restrict' but argument is of type 'uint8_t *' {aka 'unsigned char *'}
  244 | int sprintf (char *__restrict, const char *__restrict, ...)
      |              ^
../Core/Src/main.c:127:67: warning: unknown conversion type character 'b' in format [-Wformat=]
  127 |    HAL_UART_Transmit(&huart2, data, sprintf(data, sprintf(data, "%b\r", HAL_ADC_GetValue(&hadc1)), 50);
      |                                                                   ^
../Core/Src/main.c:127:65: warning: too many arguments for format [-Wformat-extra-args]
  127 |    HAL_UART_Transmit(&huart2, data, sprintf(data, sprintf(data, "%b\r", HAL_ADC_GetValue(&hadc1)), 50);
      |                                                                 ^~~~~~
../Core/Src/main.c:127:45: warning: pointer targets in passing argument 1 of 'sprintf' differ in signedness [-Wpointer-sign]
  127 |    HAL_UART_Transmit(&huart2, data, sprintf(data, sprintf(data, "%b\r", HAL_ADC_GetValue(&hadc1)), 50);
      |                                             ^~~~
      |                                             |
      |                                             uint8_t * {aka unsigned char *}
In file included from ../Core/Inc/process_uart.h:12,
                 from ../Core/Src/main.c:26:
e:\stm32\stm32cubeide_1.7.0\stm32cubeide\plugins\com.st.stm32cube.ide.mcu.externaltools.gnu-tools-for-stm32.9-2020-q2-update.win32_2.0.0.202105311346\tools\arm-none-eabi\include\stdio.h:244:14: note: expected 'char * restrict' but argument is of type 'uint8_t *' {aka 'unsigned char *'}
  244 | int sprintf (char *__restrict, const char *__restrict, ...)
      |              ^
../Core/Src/main.c:127:51: warning: passing argument 2 of 'sprintf' makes pointer from integer without a cast [-Wint-conversion]
  127 |    HAL_UART_Transmit(&huart2, data, sprintf(data, sprintf(data, "%b\r", HAL_ADC_GetValue(&hadc1)), 50);
      |                                                   ^~~~~~~~~~~~~~~~~~~~~~~~~~~~~~~~~~~~~~~~~~~~~~~
      |                                                   |
      |                                                   int
In file included from ../Core/Inc/process_uart.h:12,
                 from ../Core/Src/main.c:26:
e:\stm32\stm32cubeide_1.7.0\stm32cubeide\plugins\com.st.stm32cube.ide.mcu.externaltools.gnu-tools-for-stm32.9-2020-q2-update.win32_2.0.0.202105311346\tools\arm-none-eabi\include\stdio.h:244:32: note: expected 'const char * restrict' but argument is of type 'int'
  244 | int sprintf (char *__restrict, const char *__restrict, ...)
      |                                ^
../Core/Src/main.c:127:103: error: expected ')' before ';' token
  127 |    HAL_UART_Transmit(&huart2, data, sprintf(data, sprintf(data, "%b\r", HAL_ADC_GetValue(&hadc1)), 50);
      |                                                                                                       ^
      |                                                                                                       )
../Core/Src/main.c:127:4: error: too few arguments to function 'HAL_UART_Transmit'
  127 |    HAL_UART_Transmit(&huart2, data, sprintf(data, sprintf(data, "%b\r", HAL_ADC_GetValue(&hadc1)), 50);
      |    ^~~~~~~~~~~~~~~~~
In file included from ../Core/Inc/stm32f1xx_hal_conf.h:337,
                 from ../Drivers/STM32F1xx_HAL_Driver/Inc/stm32f1xx_hal.h:29,
                 from ../Core/Inc/main.h:31,
                 from ../Core/Src/main.c:21:
../Drivers/STM32F1xx_HAL_Driver/Inc/stm32f1xx_hal_uart.h:749:19: note: declared here
  749 | HAL_StatusTypeDef HAL_UART_Transmit(UART_HandleTypeDef *huart, const uint8_t *pData, uint16_t Size, uint32_t Timeout);
      |                   ^~~~~~~~~~~~~~~~~
../Core/Src/main.c:129:19: error: expected ';' before '}' token
  129 |    HAL_Delay(500);
      |                   ^
      |                   ;
......
  133 |   }
      |   ~                
make: *** [Core/Src/subdir.mk:40: Core/Src/main.o] Error 1
"make -j8 all" terminated with exit code 2. Build might be incomplete.
10:50:42 **** Incremental Build of configuration Debug for project lab5_uart ****
make -j8 all 
arm-none-eabi-gcc "../Core/Src/main.c" -mcpu=cortex-m3 -std=gnu11 -g3 -DDEBUG -DUSE_HAL_DRIVER -DSTM32F103x6 -c -I../Core/Inc -I../Drivers/STM32F1xx_HAL_Driver/Inc -I../Drivers/STM32F1xx_HAL_Driver/Inc/Legacy -I../Drivers/CMSIS/Device/ST/STM32F1xx/Include -I../Drivers/CMSIS/Include -O0 -ffunction-sections -fdata-sections -Wall -fstack-usage -MMD -MP -MF"Core/Src/main.d" -MT"Core/Src/main.o" --specs=nano.specs -mfloat-abi=soft -mthumb -o "Core/Src/main.o"
../Core/Src/main.c: In function 'main':
../Core/Src/main.c:127:45: warning: pointer targets in passing argument 1 of 'sprintf' differ in signedness [-Wpointer-sign]
  127 |    HAL_UART_Transmit(&huart2, data, sprintf(data, "%lu\r", HAL_ADC_GetValue(&hadc1)), 50);
      |                                             ^~~~
      |                                             |
      |                                             uint8_t * {aka unsigned char *}
In file included from ../Core/Inc/process_uart.h:12,
                 from ../Core/Src/main.c:26:
e:\stm32\stm32cubeide_1.7.0\stm32cubeide\plugins\com.st.stm32cube.ide.mcu.externaltools.gnu-tools-for-stm32.9-2020-q2-update.win32_2.0.0.202105311346\tools\arm-none-eabi\include\stdio.h:244:14: note: expected 'char * restrict' but argument is of type 'uint8_t *' {aka 'unsigned char *'}
  244 | int sprintf (char *__restrict, const char *__restrict, ...)
      |              ^
../Core/Src/main.c:127:37: warning: 'data' is used uninitialized in this function [-Wuninitialized]
  127 |    HAL_UART_Transmit(&huart2, data, sprintf(data, "%lu\r", HAL_ADC_GetValue(&hadc1)), 50);
      |                                     ^~~~~~~~~~~~~~~~~~~~~~~~~~~~~~~~~~~~~~~~~~~~~~~~
arm-none-eabi-gcc -o "lab5_uart.elf" @"objects.list"   -mcpu=cortex-m3 -T"E:\Microcontroller\lab5_microcontroller\lab5_uart\STM32F103C6TX_FLASH.ld" --specs=nosys.specs -Wl,-Map="lab5_uart.map" -Wl,--gc-sections -static --specs=nano.specs -mfloat-abi=soft -mthumb -Wl,--start-group -lc -lm -Wl,--end-group
Finished building target: lab5_uart.elf
 
arm-none-eabi-size   lab5_uart.elf 
arm-none-eabi-objdump -h -S  lab5_uart.elf  > "lab5_uart.list"
arm-none-eabi-objcopy  -O ihex  lab5_uart.elf  "lab5_uart.hex"
arm-none-eabi-objcopy  -O binary  lab5_uart.elf  "lab5_uart.bin"
   text	   data	    bss	    dec	    hex	filename
  15024	    120	   1792	  16936	   4228	lab5_uart.elf
Finished building: default.size.stdout
 
Finished building: lab5_uart.bin
Finished building: lab5_uart.hex
 
 
Finished building: lab5_uart.list
 
10:53:03 **** Incremental Build of configuration Debug for project lab5_uart ****
make -j8 all 
arm-none-eabi-gcc "../Core/Src/main.c" -mcpu=cortex-m3 -std=gnu11 -g3 -DDEBUG -DUSE_HAL_DRIVER -DSTM32F103x6 -c -I../Core/Inc -I../Drivers/STM32F1xx_HAL_Driver/Inc -I../Drivers/STM32F1xx_HAL_Driver/Inc/Legacy -I../Drivers/CMSIS/Device/ST/STM32F1xx/Include -I../Drivers/CMSIS/Include -O0 -ffunction-sections -fdata-sections -Wall -fstack-usage -MMD -MP -MF"Core/Src/main.d" -MT"Core/Src/main.o" --specs=nano.specs -mfloat-abi=soft -mthumb -o "Core/Src/main.o"
../Core/Src/main.c: In function 'main':
../Core/Src/main.c:127:53: warning: pointer targets in passing argument 1 of 'sprintf' differ in signedness [-Wpointer-sign]
  127 |    HAL_UART_Transmit(&huart2, (void *)data, sprintf(data, "%lu\r", HAL_ADC_GetValue(&hadc1)), 50);
      |                                                     ^~~~
      |                                                     |
      |                                                     uint8_t * {aka unsigned char *}
In file included from ../Core/Inc/process_uart.h:12,
                 from ../Core/Src/main.c:26:
e:\stm32\stm32cubeide_1.7.0\stm32cubeide\plugins\com.st.stm32cube.ide.mcu.externaltools.gnu-tools-for-stm32.9-2020-q2-update.win32_2.0.0.202105311346\tools\arm-none-eabi\include\stdio.h:244:14: note: expected 'char * restrict' but argument is of type 'uint8_t *' {aka 'unsigned char *'}
  244 | int sprintf (char *__restrict, const char *__restrict, ...)
      |              ^
arm-none-eabi-gcc -o "lab5_uart.elf" @"objects.list"   -mcpu=cortex-m3 -T"E:\Microcontroller\lab5_microcontroller\lab5_uart\STM32F103C6TX_FLASH.ld" --specs=nosys.specs -Wl,-Map="lab5_uart.map" -Wl,--gc-sections -static --specs=nano.specs -mfloat-abi=soft -mthumb -Wl,--start-group -lc -lm -Wl,--end-group
Finished building target: lab5_uart.elf
 
arm-none-eabi-size   lab5_uart.elf 
arm-none-eabi-objdump -h -S  lab5_uart.elf  > "lab5_uart.list"
arm-none-eabi-objcopy  -O ihex  lab5_uart.elf  "lab5_uart.hex"
arm-none-eabi-objcopy  -O binary  lab5_uart.elf  "lab5_uart.bin"
   text	   data	    bss	    dec	    hex	filename
  15024	    120	   1792	  16936	   4228	lab5_uart.elf
Finished building: default.size.stdout
 
Finished building: lab5_uart.hex
Finished building: lab5_uart.bin
 
 
Finished building: lab5_uart.list
 
10:54:32 **** Incremental Build of configuration Debug for project lab5_uart ****
make -j8 all 
arm-none-eabi-size   lab5_uart.elf 
   text	   data	    bss	    dec	    hex	filename
  15024	    120	   1792	  16936	   4228	lab5_uart.elf
Finished building: default.size.stdout
 
10:59:47 **** Incremental Build of configuration Debug for project lab5_uart ****
make -j8 all 
arm-none-eabi-gcc "../Core/Src/main.c" -mcpu=cortex-m3 -std=gnu11 -g3 -DDEBUG -DUSE_HAL_DRIVER -DSTM32F103x6 -c -I../Core/Inc -I../Drivers/STM32F1xx_HAL_Driver/Inc -I../Drivers/STM32F1xx_HAL_Driver/Inc/Legacy -I../Drivers/CMSIS/Device/ST/STM32F1xx/Include -I../Drivers/CMSIS/Include -O0 -ffunction-sections -fdata-sections -Wall -fstack-usage -MMD -MP -MF"Core/Src/main.d" -MT"Core/Src/main.o" --specs=nano.specs -mfloat-abi=soft -mthumb -o "Core/Src/main.o"
../Core/Src/main.c: In function 'main':
../Core/Src/main.c:127:53: warning: pointer targets in passing argument 1 of 'sprintf' differ in signedness [-Wpointer-sign]
  127 |    HAL_UART_Transmit(&huart2, (void *)data, sprintf(data, "%lu\r", HAL_ADC_GetValue(&hadc1)), 50);
      |                                                     ^~~~
      |                                                     |
      |                                                     uint8_t * {aka unsigned char *}
In file included from ../Core/Inc/process_uart.h:12,
                 from ../Core/Src/main.c:26:
e:\stm32\stm32cubeide_1.7.0\stm32cubeide\plugins\com.st.stm32cube.ide.mcu.externaltools.gnu-tools-for-stm32.9-2020-q2-update.win32_2.0.0.202105311346\tools\arm-none-eabi\include\stdio.h:244:14: note: expected 'char * restrict' but argument is of type 'uint8_t *' {aka 'unsigned char *'}
  244 | int sprintf (char *__restrict, const char *__restrict, ...)
      |              ^
arm-none-eabi-gcc -o "lab5_uart.elf" @"objects.list"   -mcpu=cortex-m3 -T"E:\Microcontroller\lab5_microcontroller\lab5_uart\STM32F103C6TX_FLASH.ld" --specs=nosys.specs -Wl,-Map="lab5_uart.map" -Wl,--gc-sections -static --specs=nano.specs -mfloat-abi=soft -mthumb -Wl,--start-group -lc -lm -Wl,--end-group
Finished building target: lab5_uart.elf
 
arm-none-eabi-size   lab5_uart.elf 
arm-none-eabi-objdump -h -S  lab5_uart.elf  > "lab5_uart.list"
arm-none-eabi-objcopy  -O ihex  lab5_uart.elf  "lab5_uart.hex"
   text	   data	    bss	    dec	    hex	filename
  15556	    120	   1792	  17468	   443c	lab5_uart.elf
arm-none-eabi-objcopy  -O binary  lab5_uart.elf  "lab5_uart.bin"
Finished building: default.size.stdout
 
Finished building: lab5_uart.hex
Finished building: lab5_uart.bin
 
 
Finished building: lab5_uart.list
 
10:59:56 **** Incremental Build of configuration Debug for project lab5_uart ****
make -j8 all 
arm-none-eabi-size   lab5_uart.elf 
   text	   data	    bss	    dec	    hex	filename
  15556	    120	   1792	  17468	   443c	lab5_uart.elf
Finished building: default.size.stdout
 
01:29:19 **** Build of configuration Debug for project lab5_uart ****
make -j8 all 
arm-none-eabi-gcc "../Core/Src/process_uart.c" -mcpu=cortex-m3 -std=gnu11 -g3 -DDEBUG -DUSE_HAL_DRIVER -DSTM32F103x6 -c -I../Core/Inc -I../Drivers/STM32F1xx_HAL_Driver/Inc -I../Drivers/STM32F1xx_HAL_Driver/Inc/Legacy -I../Drivers/CMSIS/Device/ST/STM32F1xx/Include -I../Drivers/CMSIS/Include -O0 -ffunction-sections -fdata-sections -Wall -fstack-usage -MMD -MP -MF"Core/Src/process_uart.d" -MT"Core/Src/process_uart.o" --specs=nano.specs -mfloat-abi=soft -mthumb -o "Core/Src/process_uart.o"
../Core/Src/process_uart.c: In function 'fsm_RST':
../Core/Src/process_uart.c:52:7: error: 'bff' undeclared (first use in this function)
   52 |   if (bff)
      |       ^~~
../Core/Src/process_uart.c:52:7: note: each undeclared identifier is reported only once for each function it appears in
../Core/Src/process_uart.c: At top level:
../Core/Src/process_uart.c:74:16: error: unknown type name 'uint8_'; did you mean 'uint8_t'?
   74 | uint8_t fsm_OK(uint8_ state_OK)
      |                ^~~~~~
      |                uint8_t
../Core/Src/process_uart.c: In function 'fsm_RST':
../Core/Src/process_uart.c:67:1: warning: control reaches end of non-void function [-Wreturn-type]
   67 | }
      | ^
make: *** [Core/Src/subdir.mk:40: Core/Src/process_uart.o] Error 1
"make -j8 all" terminated with exit code 2. Build might be incomplete.
01:30:11 **** Incremental Build of configuration Debug for project lab5_uart ****
make -j8 all 
arm-none-eabi-gcc "../Core/Src/process_uart.c" -mcpu=cortex-m3 -std=gnu11 -g3 -DDEBUG -DUSE_HAL_DRIVER -DSTM32F103x6 -c -I../Core/Inc -I../Drivers/STM32F1xx_HAL_Driver/Inc -I../Drivers/STM32F1xx_HAL_Driver/Inc/Legacy -I../Drivers/CMSIS/Device/ST/STM32F1xx/Include -I../Drivers/CMSIS/Include -O0 -ffunction-sections -fdata-sections -Wall -fstack-usage -MMD -MP -MF"Core/Src/process_uart.d" -MT"Core/Src/process_uart.o" --specs=nano.specs -mfloat-abi=soft -mthumb -o "Core/Src/process_uart.o"
../Core/Src/process_uart.c:81:16: error: unknown type name 'uint8_'; did you mean 'uint8_t'?
   81 | uint8_t fsm_OK(uint8_ state_OK)
      |                ^~~~~~
      |                uint8_t
../Core/Src/process_uart.c: In function 'fsm_RST':
../Core/Src/process_uart.c:74:1: warning: control reaches end of non-void function [-Wreturn-type]
   74 | }
      | ^
make: *** [Core/Src/subdir.mk:40: Core/Src/process_uart.o] Error 1
"make -j8 all" terminated with exit code 2. Build might be incomplete.
01:30:54 **** Incremental Build of configuration Debug for project lab5_uart ****
make -j8 all 
arm-none-eabi-gcc "../Core/Src/process_uart.c" -mcpu=cortex-m3 -std=gnu11 -g3 -DDEBUG -DUSE_HAL_DRIVER -DSTM32F103x6 -c -I../Core/Inc -I../Drivers/STM32F1xx_HAL_Driver/Inc -I../Drivers/STM32F1xx_HAL_Driver/Inc/Legacy -I../Drivers/CMSIS/Device/ST/STM32F1xx/Include -I../Drivers/CMSIS/Include -O0 -ffunction-sections -fdata-sections -Wall -fstack-usage -MMD -MP -MF"Core/Src/process_uart.d" -MT"Core/Src/process_uart.o" --specs=nano.specs -mfloat-abi=soft -mthumb -o "Core/Src/process_uart.o"
../Core/Src/process_uart.c: In function 'fsm_RST':
../Core/Src/process_uart.c:74:1: warning: control reaches end of non-void function [-Wreturn-type]
   74 | }
      | ^
../Core/Src/process_uart.c: In function 'fsm_OK':
../Core/Src/process_uart.c:84:1: warning: control reaches end of non-void function [-Wreturn-type]
   84 | }
      | ^
arm-none-eabi-gcc -o "lab5_uart.elf" @"objects.list"   -mcpu=cortex-m3 -T"E:\Microcontroller\lab5_microcontroller\lab5_uart\STM32F103C6TX_FLASH.ld" --specs=nosys.specs -Wl,-Map="lab5_uart.map" -Wl,--gc-sections -static --specs=nano.specs -mfloat-abi=soft -mthumb -Wl,--start-group -lc -lm -Wl,--end-group
Finished building target: lab5_uart.elf
 
arm-none-eabi-size   lab5_uart.elf 
arm-none-eabi-objdump -h -S  lab5_uart.elf  > "lab5_uart.list"
arm-none-eabi-objcopy  -O ihex  lab5_uart.elf  "lab5_uart.hex"
arm-none-eabi-objcopy  -O binary  lab5_uart.elf  "lab5_uart.bin"
   text	   data	    bss	    dec	    hex	filename
  15556	    120	   1792	  17468	   443c	lab5_uart.elf
Finished building: default.size.stdout
 
Finished building: lab5_uart.hex
Finished building: lab5_uart.bin
 
 
Finished building: lab5_uart.list
 
01:37:38 **** Incremental Build of configuration Debug for project lab5_uart ****
make -j8 all 
arm-none-eabi-gcc "../Core/Src/process_uart.c" -mcpu=cortex-m3 -std=gnu11 -g3 -DDEBUG -DUSE_HAL_DRIVER -DSTM32F103x6 -c -I../Core/Inc -I../Drivers/STM32F1xx_HAL_Driver/Inc -I../Drivers/STM32F1xx_HAL_Driver/Inc/Legacy -I../Drivers/CMSIS/Device/ST/STM32F1xx/Include -I../Drivers/CMSIS/Include -O0 -ffunction-sections -fdata-sections -Wall -fstack-usage -MMD -MP -MF"Core/Src/process_uart.d" -MT"Core/Src/process_uart.o" --specs=nano.specs -mfloat-abi=soft -mthumb -o "Core/Src/process_uart.o"
arm-none-eabi-gcc -o "lab5_uart.elf" @"objects.list"   -mcpu=cortex-m3 -T"E:\Microcontroller\lab5_microcontroller\lab5_uart\STM32F103C6TX_FLASH.ld" --specs=nosys.specs -Wl,-Map="lab5_uart.map" -Wl,--gc-sections -static --specs=nano.specs -mfloat-abi=soft -mthumb -Wl,--start-group -lc -lm -Wl,--end-group
Finished building target: lab5_uart.elf
 
arm-none-eabi-size   lab5_uart.elf 
arm-none-eabi-objdump -h -S  lab5_uart.elf  > "lab5_uart.list"
arm-none-eabi-objcopy  -O ihex  lab5_uart.elf  "lab5_uart.hex"
   text	   data	    bss	    dec	    hex	filename
  15556	    120	   1792	  17468	   443c	lab5_uart.elf
arm-none-eabi-objcopy  -O binary  lab5_uart.elf  "lab5_uart.bin"
Finished building: default.size.stdout
 
Finished building: lab5_uart.hex
Finished building: lab5_uart.bin
 
 
Finished building: lab5_uart.list
 
01:37:42 **** Incremental Build of configuration Debug for project lab5_uart ****
make -j8 all 
arm-none-eabi-size   lab5_uart.elf 
   text	   data	    bss	    dec	    hex	filename
  15556	    120	   1792	  17468	   443c	lab5_uart.elf
Finished building: default.size.stdout
 
01:37:50 **** Incremental Build of configuration Debug for project lab5_uart ****
make -j8 all 
arm-none-eabi-size   lab5_uart.elf 
   text	   data	    bss	    dec	    hex	filename
  15556	    120	   1792	  17468	   443c	lab5_uart.elf
Finished building: default.size.stdout
 
01:41:42 **** Incremental Build of configuration Debug for project lab5_uart ****
make -j8 all 
arm-none-eabi-gcc "../Core/Src/process_uart.c" -mcpu=cortex-m3 -std=gnu11 -g3 -DDEBUG -DUSE_HAL_DRIVER -DSTM32F103x6 -c -I../Core/Inc -I../Drivers/STM32F1xx_HAL_Driver/Inc -I../Drivers/STM32F1xx_HAL_Driver/Inc/Legacy -I../Drivers/CMSIS/Device/ST/STM32F1xx/Include -I../Drivers/CMSIS/Include -O0 -ffunction-sections -fdata-sections -Wall -fstack-usage -MMD -MP -MF"Core/Src/process_uart.d" -MT"Core/Src/process_uart.o" --specs=nano.specs -mfloat-abi=soft -mthumb -o "Core/Src/process_uart.o"
arm-none-eabi-gcc -o "lab5_uart.elf" @"objects.list"   -mcpu=cortex-m3 -T"E:\Microcontroller\lab5_microcontroller\lab5_uart\STM32F103C6TX_FLASH.ld" --specs=nosys.specs -Wl,-Map="lab5_uart.map" -Wl,--gc-sections -static --specs=nano.specs -mfloat-abi=soft -mthumb -Wl,--start-group -lc -lm -Wl,--end-group
Finished building target: lab5_uart.elf
 
arm-none-eabi-size   lab5_uart.elf 
arm-none-eabi-objdump -h -S  lab5_uart.elf  > "lab5_uart.list"
arm-none-eabi-objcopy  -O ihex  lab5_uart.elf  "lab5_uart.hex"
   text	   data	    bss	    dec	    hex	filename
  15556	    120	   1792	  17468	   443c	lab5_uart.elf
arm-none-eabi-objcopy  -O binary  lab5_uart.elf  "lab5_uart.bin"
Finished building: default.size.stdout
 
Finished building: lab5_uart.hex
Finished building: lab5_uart.bin
 
 
Finished building: lab5_uart.list
 
11:37:07 **** Incremental Build of configuration Debug for project lab5_uart ****
make -j8 all 
arm-none-eabi-gcc "../Core/Src/main.c" -mcpu=cortex-m3 -std=gnu11 -g3 -DDEBUG -DUSE_HAL_DRIVER -DSTM32F103x6 -c -I../Core/Inc -I../Drivers/STM32F1xx_HAL_Driver/Inc -I../Drivers/STM32F1xx_HAL_Driver/Inc/Legacy -I../Drivers/CMSIS/Device/ST/STM32F1xx/Include -I../Drivers/CMSIS/Include -O0 -ffunction-sections -fdata-sections -Wall -fstack-usage -MMD -MP -MF"Core/Src/main.d" -MT"Core/Src/main.o" --specs=nano.specs -mfloat-abi=soft -mthumb -o "Core/Src/main.o"
arm-none-eabi-gcc "../Core/Src/process_uart.c" -mcpu=cortex-m3 -std=gnu11 -g3 -DDEBUG -DUSE_HAL_DRIVER -DSTM32F103x6 -c -I../Core/Inc -I../Drivers/STM32F1xx_HAL_Driver/Inc -I../Drivers/STM32F1xx_HAL_Driver/Inc/Legacy -I../Drivers/CMSIS/Device/ST/STM32F1xx/Include -I../Drivers/CMSIS/Include -O0 -ffunction-sections -fdata-sections -Wall -fstack-usage -MMD -MP -MF"Core/Src/process_uart.d" -MT"Core/Src/process_uart.o" --specs=nano.specs -mfloat-abi=soft -mthumb -o "Core/Src/process_uart.o"
../Core/Src/process_uart.c: In function 'get_input':
../Core/Src/process_uart.c:38:24: error: 'characteer' undeclared (first use in this function); did you mean 'character'?
   38 |  buffer[indexBuffer] = characteer;
      |                        ^~~~~~~~~~
      |                        character
../Core/Src/process_uart.c:38:24: note: each undeclared identifier is reported only once for each function it appears in
../Core/Src/main.c: In function 'main':
../Core/Src/main.c:117:3: warning: implicit declaration of function 'init_uart' [-Wimplicit-function-declaration]
  117 |   init_uart();
      |   ^~~~~~~~~
../Core/Src/main.c:126:53: warning: pointer targets in passing argument 1 of 'sprintf' differ in signedness [-Wpointer-sign]
  126 |    HAL_UART_Transmit(&huart2, (void *)data, sprintf(data, "%lu\r", HAL_ADC_GetValue(&hadc1)), 50);
      |                                                     ^~~~
      |                                                     |
      |                                                     uint8_t * {aka unsigned char *}
In file included from ../Core/Inc/process_uart.h:12,
                 from ../Core/Src/main.c:26:
e:\stm32\stm32cubeide_1.7.0\stm32cubeide\plugins\com.st.stm32cube.ide.mcu.externaltools.gnu-tools-for-stm32.9-2020-q2-update.win32_2.0.0.202105311346\tools\arm-none-eabi\include\stdio.h:244:14: note: expected 'char * restrict' but argument is of type 'uint8_t *' {aka 'unsigned char *'}
  244 | int sprintf (char *__restrict, const char *__restrict, ...)
      |              ^
make: *** [Core/Src/subdir.mk:40: Core/Src/process_uart.o] Error 1
make: *** Waiting for unfinished jobs....
"make -j8 all" terminated with exit code 2. Build might be incomplete.
11:37:32 **** Incremental Build of configuration Debug for project lab5_uart ****
make -j8 all 
arm-none-eabi-gcc "../Core/Src/process_uart.c" -mcpu=cortex-m3 -std=gnu11 -g3 -DDEBUG -DUSE_HAL_DRIVER -DSTM32F103x6 -c -I../Core/Inc -I../Drivers/STM32F1xx_HAL_Driver/Inc -I../Drivers/STM32F1xx_HAL_Driver/Inc/Legacy -I../Drivers/CMSIS/Device/ST/STM32F1xx/Include -I../Drivers/CMSIS/Include -O0 -ffunction-sections -fdata-sections -Wall -fstack-usage -MMD -MP -MF"Core/Src/process_uart.d" -MT"Core/Src/process_uart.o" --specs=nano.specs -mfloat-abi=soft -mthumb -o "Core/Src/process_uart.o"
arm-none-eabi-gcc -o "lab5_uart.elf" @"objects.list"   -mcpu=cortex-m3 -T"E:\Microcontroller\lab5_microcontroller\lab5_uart\STM32F103C6TX_FLASH.ld" --specs=nosys.specs -Wl,-Map="lab5_uart.map" -Wl,--gc-sections -static --specs=nano.specs -mfloat-abi=soft -mthumb -Wl,--start-group -lc -lm -Wl,--end-group
e:\stm32\stm32cubeide_1.7.0\stm32cubeide\plugins\com.st.stm32cube.ide.mcu.externaltools.gnu-tools-for-stm32.9-2020-q2-update.win32_2.0.0.202105311346\tools\arm-none-eabi\bin\ld.exe: ./Core/Src/main.o: in function `main':
E:/Microcontroller/lab5_microcontroller/lab5_uart/Debug/../Core/Src/main.c:116: undefined reference to `init_button_state'
collect2.exe: error: ld returned 1 exit status
make: *** [makefile:68: lab5_uart.elf] Error 1
"make -j8 all" terminated with exit code 2. Build might be incomplete.
11:38:42 **** Incremental Build of configuration Debug for project lab5_uart ****
make -j8 all 
arm-none-eabi-gcc -o "lab5_uart.elf" @"objects.list"   -mcpu=cortex-m3 -T"E:\Microcontroller\lab5_microcontroller\lab5_uart\STM32F103C6TX_FLASH.ld" --specs=nosys.specs -Wl,-Map="lab5_uart.map" -Wl,--gc-sections -static --specs=nano.specs -mfloat-abi=soft -mthumb -Wl,--start-group -lc -lm -Wl,--end-group
e:\stm32\stm32cubeide_1.7.0\stm32cubeide\plugins\com.st.stm32cube.ide.mcu.externaltools.gnu-tools-for-stm32.9-2020-q2-update.win32_2.0.0.202105311346\tools\arm-none-eabi\bin\ld.exe: ./Core/Src/main.o: in function `main':
E:/Microcontroller/lab5_microcontroller/lab5_uart/Debug/../Core/Src/main.c:116: undefined reference to `init_button_state'
collect2.exe: error: ld returned 1 exit status
make: *** [makefile:68: lab5_uart.elf] Error 1
"make -j8 all" terminated with exit code 2. Build might be incomplete.
11:39:41 **** Incremental Build of configuration Debug for project lab5_uart ****
make -j8 all 
arm-none-eabi-gcc "../Core/Src/main.c" -mcpu=cortex-m3 -std=gnu11 -g3 -DDEBUG -DUSE_HAL_DRIVER -DSTM32F103x6 -c -I../Core/Inc -I../Drivers/STM32F1xx_HAL_Driver/Inc -I../Drivers/STM32F1xx_HAL_Driver/Inc/Legacy -I../Drivers/CMSIS/Device/ST/STM32F1xx/Include -I../Drivers/CMSIS/Include -O0 -ffunction-sections -fdata-sections -Wall -fstack-usage -MMD -MP -MF"Core/Src/main.d" -MT"Core/Src/main.o" --specs=nano.specs -mfloat-abi=soft -mthumb -o "Core/Src/main.o"
../Core/Src/main.c: In function 'main':
../Core/Src/main.c:117:3: warning: implicit declaration of function 'init_uart' [-Wimplicit-function-declaration]
  117 |   init_uart();
      |   ^~~~~~~~~
../Core/Src/main.c:126:53: warning: pointer targets in passing argument 1 of 'sprintf' differ in signedness [-Wpointer-sign]
  126 |    HAL_UART_Transmit(&huart2, (void *)data, sprintf(data, "%lu\r", HAL_ADC_GetValue(&hadc1)), 50);
      |                                                     ^~~~
      |                                                     |
      |                                                     uint8_t * {aka unsigned char *}
In file included from ../Core/Inc/process_uart.h:12,
                 from ../Core/Src/main.c:26:
e:\stm32\stm32cubeide_1.7.0\stm32cubeide\plugins\com.st.stm32cube.ide.mcu.externaltools.gnu-tools-for-stm32.9-2020-q2-update.win32_2.0.0.202105311346\tools\arm-none-eabi\include\stdio.h:244:14: note: expected 'char * restrict' but argument is of type 'uint8_t *' {aka 'unsigned char *'}
  244 | int sprintf (char *__restrict, const char *__restrict, ...)
      |              ^
arm-none-eabi-gcc -o "lab5_uart.elf" @"objects.list"   -mcpu=cortex-m3 -T"E:\Microcontroller\lab5_microcontroller\lab5_uart\STM32F103C6TX_FLASH.ld" --specs=nosys.specs -Wl,-Map="lab5_uart.map" -Wl,--gc-sections -static --specs=nano.specs -mfloat-abi=soft -mthumb -Wl,--start-group -lc -lm -Wl,--end-group
e:\stm32\stm32cubeide_1.7.0\stm32cubeide\plugins\com.st.stm32cube.ide.mcu.externaltools.gnu-tools-for-stm32.9-2020-q2-update.win32_2.0.0.202105311346\tools\arm-none-eabi\bin\ld.exe: ./Core/Src/main.o: in function `main':
E:/Microcontroller/lab5_microcontroller/lab5_uart/Debug/../Core/Src/main.c:116: undefined reference to `init_button_state'
collect2.exe: error: ld returned 1 exit status
make: *** [makefile:68: lab5_uart.elf] Error 1
"make -j8 all" terminated with exit code 2. Build might be incomplete.
11:41:32 **** Incremental Build of configuration Debug for project lab5_uart ****
make -j8 all 
arm-none-eabi-gcc "../Core/Src/main.c" -mcpu=cortex-m3 -std=gnu11 -g3 -DDEBUG -DUSE_HAL_DRIVER -DSTM32F103x6 -c -I../Core/Inc -I../Drivers/STM32F1xx_HAL_Driver/Inc -I../Drivers/STM32F1xx_HAL_Driver/Inc/Legacy -I../Drivers/CMSIS/Device/ST/STM32F1xx/Include -I../Drivers/CMSIS/Include -O0 -ffunction-sections -fdata-sections -Wall -fstack-usage -MMD -MP -MF"Core/Src/main.d" -MT"Core/Src/main.o" --specs=nano.specs -mfloat-abi=soft -mthumb -o "Core/Src/main.o"
../Core/Src/main.c: In function 'main':
../Core/Src/main.c:117:3: warning: implicit declaration of function 'init_uart' [-Wimplicit-function-declaration]
  117 |   init_uart();
      |   ^~~~~~~~~
../Core/Src/main.c:126:53: warning: pointer targets in passing argument 1 of 'sprintf' differ in signedness [-Wpointer-sign]
  126 |    HAL_UART_Transmit(&huart2, (void *)data, sprintf(data, "%lu\r", HAL_ADC_GetValue(&hadc1)), 50);
      |                                                     ^~~~
      |                                                     |
      |                                                     uint8_t * {aka unsigned char *}
In file included from ../Core/Inc/process_uart.h:12,
                 from ../Core/Src/main.c:26:
e:\stm32\stm32cubeide_1.7.0\stm32cubeide\plugins\com.st.stm32cube.ide.mcu.externaltools.gnu-tools-for-stm32.9-2020-q2-update.win32_2.0.0.202105311346\tools\arm-none-eabi\include\stdio.h:244:14: note: expected 'char * restrict' but argument is of type 'uint8_t *' {aka 'unsigned char *'}
  244 | int sprintf (char *__restrict, const char *__restrict, ...)
      |              ^
arm-none-eabi-gcc -o "lab5_uart.elf" @"objects.list"   -mcpu=cortex-m3 -T"E:\Microcontroller\lab5_microcontroller\lab5_uart\STM32F103C6TX_FLASH.ld" --specs=nosys.specs -Wl,-Map="lab5_uart.map" -Wl,--gc-sections -static --specs=nano.specs -mfloat-abi=soft -mthumb -Wl,--start-group -lc -lm -Wl,--end-group
e:\stm32\stm32cubeide_1.7.0\stm32cubeide\plugins\com.st.stm32cube.ide.mcu.externaltools.gnu-tools-for-stm32.9-2020-q2-update.win32_2.0.0.202105311346\tools\arm-none-eabi\bin\ld.exe: ./Core/Src/main.o: in function `main':
E:/Microcontroller/lab5_microcontroller/lab5_uart/Debug/../Core/Src/main.c:116: undefined reference to `init_button_state'
collect2.exe: error: ld returned 1 exit status
make: *** [makefile:68: lab5_uart.elf] Error 1
"make -j8 all" terminated with exit code 2. Build might be incomplete.
11:41:34 **** Incremental Build of configuration Debug for project lab5_uart ****
make -j8 all 
arm-none-eabi-gcc "../Core/Src/main.c" -mcpu=cortex-m3 -std=gnu11 -g3 -DDEBUG -DUSE_HAL_DRIVER -DSTM32F103x6 -c -I../Core/Inc -I../Drivers/STM32F1xx_HAL_Driver/Inc -I../Drivers/STM32F1xx_HAL_Driver/Inc/Legacy -I../Drivers/CMSIS/Device/ST/STM32F1xx/Include -I../Drivers/CMSIS/Include -O0 -ffunction-sections -fdata-sections -Wall -fstack-usage -MMD -MP -MF"Core/Src/main.d" -MT"Core/Src/main.o" --specs=nano.specs -mfloat-abi=soft -mthumb -o "Core/Src/main.o"
../Core/Src/main.c: In function 'main':
../Core/Src/main.c:116:23: warning: statement with no effect [-Wunused-value]
  116 |   init_button_state();init_button_state
      |                       ^~~~~~~~~~~~~~~~~
../Core/Src/main.c:116:40: error: expected ';' before 'init_uart'
  116 |   init_button_state();init_button_state
      |                                        ^
      |                                        ;
  117 |   init_uart();
      |   ~~~~~~~~~                             
../Core/Src/main.c:126:53: warning: pointer targets in passing argument 1 of 'sprintf' differ in signedness [-Wpointer-sign]
  126 |    HAL_UART_Transmit(&huart2, (void *)data, sprintf(data, "%lu\r", HAL_ADC_GetValue(&hadc1)), 50);
      |                                                     ^~~~
      |                                                     |
      |                                                     uint8_t * {aka unsigned char *}
In file included from ../Core/Inc/process_uart.h:12,
                 from ../Core/Src/main.c:26:
e:\stm32\stm32cubeide_1.7.0\stm32cubeide\plugins\com.st.stm32cube.ide.mcu.externaltools.gnu-tools-for-stm32.9-2020-q2-update.win32_2.0.0.202105311346\tools\arm-none-eabi\include\stdio.h:244:14: note: expected 'char * restrict' but argument is of type 'uint8_t *' {aka 'unsigned char *'}
  244 | int sprintf (char *__restrict, const char *__restrict, ...)
      |              ^
make: *** [Core/Src/subdir.mk:40: Core/Src/main.o] Error 1
"make -j8 all" terminated with exit code 2. Build might be incomplete.
11:41:36 **** Incremental Build of configuration Debug for project lab5_uart ****
make -j8 all 
arm-none-eabi-gcc "../Core/Src/main.c" -mcpu=cortex-m3 -std=gnu11 -g3 -DDEBUG -DUSE_HAL_DRIVER -DSTM32F103x6 -c -I../Core/Inc -I../Drivers/STM32F1xx_HAL_Driver/Inc -I../Drivers/STM32F1xx_HAL_Driver/Inc/Legacy -I../Drivers/CMSIS/Device/ST/STM32F1xx/Include -I../Drivers/CMSIS/Include -O0 -ffunction-sections -fdata-sections -Wall -fstack-usage -MMD -MP -MF"Core/Src/main.d" -MT"Core/Src/main.o" --specs=nano.specs -mfloat-abi=soft -mthumb -o "Core/Src/main.o"
../Core/Src/main.c: In function 'main':
../Core/Src/main.c:117:3: warning: implicit declaration of function 'init_uart' [-Wimplicit-function-declaration]
  117 |   init_uart();
      |   ^~~~~~~~~
../Core/Src/main.c:126:53: warning: pointer targets in passing argument 1 of 'sprintf' differ in signedness [-Wpointer-sign]
  126 |    HAL_UART_Transmit(&huart2, (void *)data, sprintf(data, "%lu\r", HAL_ADC_GetValue(&hadc1)), 50);
      |                                                     ^~~~
      |                                                     |
      |                                                     uint8_t * {aka unsigned char *}
In file included from ../Core/Inc/process_uart.h:12,
                 from ../Core/Src/main.c:26:
e:\stm32\stm32cubeide_1.7.0\stm32cubeide\plugins\com.st.stm32cube.ide.mcu.externaltools.gnu-tools-for-stm32.9-2020-q2-update.win32_2.0.0.202105311346\tools\arm-none-eabi\include\stdio.h:244:14: note: expected 'char * restrict' but argument is of type 'uint8_t *' {aka 'unsigned char *'}
  244 | int sprintf (char *__restrict, const char *__restrict, ...)
      |              ^
arm-none-eabi-gcc -o "lab5_uart.elf" @"objects.list"   -mcpu=cortex-m3 -T"E:\Microcontroller\lab5_microcontroller\lab5_uart\STM32F103C6TX_FLASH.ld" --specs=nosys.specs -Wl,-Map="lab5_uart.map" -Wl,--gc-sections -static --specs=nano.specs -mfloat-abi=soft -mthumb -Wl,--start-group -lc -lm -Wl,--end-group
e:\stm32\stm32cubeide_1.7.0\stm32cubeide\plugins\com.st.stm32cube.ide.mcu.externaltools.gnu-tools-for-stm32.9-2020-q2-update.win32_2.0.0.202105311346\tools\arm-none-eabi\bin\ld.exe: ./Core/Src/main.o: in function `main':
E:/Microcontroller/lab5_microcontroller/lab5_uart/Debug/../Core/Src/main.c:116: undefined reference to `init_button_state'
collect2.exe: error: ld returned 1 exit status
make: *** [makefile:68: lab5_uart.elf] Error 1
"make -j8 all" terminated with exit code 2. Build might be incomplete.
11:41:38 **** Incremental Build of configuration Debug for project lab5_uart ****
make -j8 all 
arm-none-eabi-gcc -o "lab5_uart.elf" @"objects.list"   -mcpu=cortex-m3 -T"E:\Microcontroller\lab5_microcontroller\lab5_uart\STM32F103C6TX_FLASH.ld" --specs=nosys.specs -Wl,-Map="lab5_uart.map" -Wl,--gc-sections -static --specs=nano.specs -mfloat-abi=soft -mthumb -Wl,--start-group -lc -lm -Wl,--end-group
e:\stm32\stm32cubeide_1.7.0\stm32cubeide\plugins\com.st.stm32cube.ide.mcu.externaltools.gnu-tools-for-stm32.9-2020-q2-update.win32_2.0.0.202105311346\tools\arm-none-eabi\bin\ld.exe: ./Core/Src/main.o: in function `main':
E:/Microcontroller/lab5_microcontroller/lab5_uart/Debug/../Core/Src/main.c:116: undefined reference to `init_button_state'
collect2.exe: error: ld returned 1 exit status
make: *** [makefile:68: lab5_uart.elf] Error 1
"make -j8 all" terminated with exit code 2. Build might be incomplete.
11:41:54 **** Incremental Build of configuration Debug for project lab5_uart ****
make -j8 all 
arm-none-eabi-gcc "../Core/Src/main.c" -mcpu=cortex-m3 -std=gnu11 -g3 -DDEBUG -DUSE_HAL_DRIVER -DSTM32F103x6 -c -I../Core/Inc -I../Drivers/STM32F1xx_HAL_Driver/Inc -I../Drivers/STM32F1xx_HAL_Driver/Inc/Legacy -I../Drivers/CMSIS/Device/ST/STM32F1xx/Include -I../Drivers/CMSIS/Include -O0 -ffunction-sections -fdata-sections -Wall -fstack-usage -MMD -MP -MF"Core/Src/main.d" -MT"Core/Src/main.o" --specs=nano.specs -mfloat-abi=soft -mthumb -o "Core/Src/main.o"
../Core/Src/main.c: In function 'main':
../Core/Src/main.c:117:3: warning: implicit declaration of function 'init_uart' [-Wimplicit-function-declaration]
  117 |   init_uart();
      |   ^~~~~~~~~
../Core/Src/main.c:126:53: warning: pointer targets in passing argument 1 of 'sprintf' differ in signedness [-Wpointer-sign]
  126 |    HAL_UART_Transmit(&huart2, (void *)data, sprintf(data, "%lu\r", HAL_ADC_GetValue(&hadc1)), 50);
      |                                                     ^~~~
      |                                                     |
      |                                                     uint8_t * {aka unsigned char *}
In file included from ../Core/Inc/process_uart.h:12,
                 from ../Core/Src/main.c:26:
e:\stm32\stm32cubeide_1.7.0\stm32cubeide\plugins\com.st.stm32cube.ide.mcu.externaltools.gnu-tools-for-stm32.9-2020-q2-update.win32_2.0.0.202105311346\tools\arm-none-eabi\include\stdio.h:244:14: note: expected 'char * restrict' but argument is of type 'uint8_t *' {aka 'unsigned char *'}
  244 | int sprintf (char *__restrict, const char *__restrict, ...)
      |              ^
arm-none-eabi-gcc -o "lab5_uart.elf" @"objects.list"   -mcpu=cortex-m3 -T"E:\Microcontroller\lab5_microcontroller\lab5_uart\STM32F103C6TX_FLASH.ld" --specs=nosys.specs -Wl,-Map="lab5_uart.map" -Wl,--gc-sections -static --specs=nano.specs -mfloat-abi=soft -mthumb -Wl,--start-group -lc -lm -Wl,--end-group
Finished building target: lab5_uart.elf
 
arm-none-eabi-size   lab5_uart.elf 
arm-none-eabi-objdump -h -S  lab5_uart.elf  > "lab5_uart.list"
arm-none-eabi-objcopy  -O ihex  lab5_uart.elf  "lab5_uart.hex"
arm-none-eabi-objcopy  -O binary  lab5_uart.elf  "lab5_uart.bin"
   text	   data	    bss	    dec	    hex	filename
  16364	    120	   1832	  18316	   478c	lab5_uart.elf
Finished building: default.size.stdout
 
Finished building: lab5_uart.bin
Finished building: lab5_uart.hex
 
 
Finished building: lab5_uart.list
 
11:41:57 **** Incremental Build of configuration Debug for project lab5_uart ****
make -j8 all 
arm-none-eabi-size   lab5_uart.elf 
   text	   data	    bss	    dec	    hex	filename
  16364	    120	   1832	  18316	   478c	lab5_uart.elf
Finished building: default.size.stdout
 
11:42:47 **** Incremental Build of configuration Debug for project lab5_uart ****
make -j8 all 
arm-none-eabi-gcc "../Core/Src/main.c" -mcpu=cortex-m3 -std=gnu11 -g3 -DDEBUG -DUSE_HAL_DRIVER -DSTM32F103x6 -c -I../Core/Inc -I../Drivers/STM32F1xx_HAL_Driver/Inc -I../Drivers/STM32F1xx_HAL_Driver/Inc/Legacy -I../Drivers/CMSIS/Device/ST/STM32F1xx/Include -I../Drivers/CMSIS/Include -O0 -ffunction-sections -fdata-sections -Wall -fstack-usage -MMD -MP -MF"Core/Src/main.d" -MT"Core/Src/main.o" --specs=nano.specs -mfloat-abi=soft -mthumb -o "Core/Src/main.o"
../Core/Src/main.c: In function 'main':
../Core/Src/main.c:118:3: warning: implicit declaration of function 'init_uart' [-Wimplicit-function-declaration]
  118 |   init_uart();
      |   ^~~~~~~~~
../Core/Src/main.c:127:53: warning: pointer targets in passing argument 1 of 'sprintf' differ in signedness [-Wpointer-sign]
  127 |    HAL_UART_Transmit(&huart2, (void *)data, sprintf(data, "%lu\r", HAL_ADC_GetValue(&hadc1)), 50);
      |                                                     ^~~~
      |                                                     |
      |                                                     uint8_t * {aka unsigned char *}
In file included from ../Core/Inc/process_uart.h:12,
                 from ../Core/Src/main.c:26:
e:\stm32\stm32cubeide_1.7.0\stm32cubeide\plugins\com.st.stm32cube.ide.mcu.externaltools.gnu-tools-for-stm32.9-2020-q2-update.win32_2.0.0.202105311346\tools\arm-none-eabi\include\stdio.h:244:14: note: expected 'char * restrict' but argument is of type 'uint8_t *' {aka 'unsigned char *'}
  244 | int sprintf (char *__restrict, const char *__restrict, ...)
      |              ^
../Core/Src/main.c: In function 'HAL_TIM_PeriodElapsedCallback':
../Core/Src/main.c:353:3: warning: implicit declaration of function 'get_key'; did you mean 'getKey'? [-Wimplicit-function-declaration]
  353 |   get_key();
      |   ^~~~~~~
      |   getKey
[...]
arm-none-eabi-gcc "../Drivers/STM32F1xx_HAL_Driver/Src/stm32f1xx_hal_flash.c" -mcpu=cortex-m3 -std=gnu11 -g3 -DDEBUG -DUSE_HAL_DRIVER -DSTM32F103x6 -c -I../Core/Inc -I../Drivers/STM32F1xx_HAL_Driver/Inc -I../Drivers/STM32F1xx_HAL_Driver/Inc/Legacy -I../Drivers/CMSIS/Device/ST/STM32F1xx/Include -I../Drivers/CMSIS/Include -O0 -ffunction-sections -fdata-sections -Wall -fstack-usage -MMD -MP -MF"Drivers/STM32F1xx_HAL_Driver/Src/stm32f1xx_hal_flash.d" -MT"Drivers/STM32F1xx_HAL_Driver/Src/stm32f1xx_hal_flash.o" --specs=nano.specs -mfloat-abi=soft -mthumb -o "Drivers/STM32F1xx_HAL_Driver/Src/stm32f1xx_hal_flash.o"
arm-none-eabi-gcc "../Drivers/STM32F1xx_HAL_Driver/Src/stm32f1xx_hal_flash_ex.c" -mcpu=cortex-m3 -std=gnu11 -g3 -DDEBUG -DUSE_HAL_DRIVER -DSTM32F103x6 -c -I../Core/Inc -I../Drivers/STM32F1xx_HAL_Driver/Inc -I../Drivers/STM32F1xx_HAL_Driver/Inc/Legacy -I../Drivers/CMSIS/Device/ST/STM32F1xx/Include -I../Drivers/CMSIS/Include -O0 -ffunction-sections -fdata-sections -Wall -fstack-usage -MMD -MP -MF"Drivers/STM32F1xx_HAL_Driver/Src/stm32f1xx_hal_flash_ex.d" -MT"Drivers/STM32F1xx_HAL_Driver/Src/stm32f1xx_hal_flash_ex.o" --specs=nano.specs -mfloat-abi=soft -mthumb -o "Drivers/STM32F1xx_HAL_Driver/Src/stm32f1xx_hal_flash_ex.o"
arm-none-eabi-gcc "../Drivers/STM32F1xx_HAL_Driver/Src/stm32f1xx_hal_gpio.c" -mcpu=cortex-m3 -std=gnu11 -g3 -DDEBUG -DUSE_HAL_DRIVER -DSTM32F103x6 -c -I../Core/Inc -I../Drivers/STM32F1xx_HAL_Driver/Inc -I../Drivers/STM32F1xx_HAL_Driver/Inc/Legacy -I../Drivers/CMSIS/Device/ST/STM32F1xx/Include -I../Drivers/CMSIS/Include -O0 -ffunction-sections -fdata-sections -Wall -fstack-usage -MMD -MP -MF"Drivers/STM32F1xx_HAL_Driver/Src/stm32f1xx_hal_gpio.d" -MT"Drivers/STM32F1xx_HAL_Driver/Src/stm32f1xx_hal_gpio.o" --specs=nano.specs -mfloat-abi=soft -mthumb -o "Drivers/STM32F1xx_HAL_Driver/Src/stm32f1xx_hal_gpio.o"
arm-none-eabi-gcc "../Drivers/STM32F1xx_HAL_Driver/Src/stm32f1xx_hal_gpio_ex.c" -mcpu=cortex-m3 -std=gnu11 -g3 -DDEBUG -DUSE_HAL_DRIVER -DSTM32F103x6 -c -I../Core/Inc -I../Drivers/STM32F1xx_HAL_Driver/Inc -I../Drivers/STM32F1xx_HAL_Driver/Inc/Legacy -I../Drivers/CMSIS/Device/ST/STM32F1xx/Include -I../Drivers/CMSIS/Include -O0 -ffunction-sections -fdata-sections -Wall -fstack-usage -MMD -MP -MF"Drivers/STM32F1xx_HAL_Driver/Src/stm32f1xx_hal_gpio_ex.d" -MT"Drivers/STM32F1xx_HAL_Driver/Src/stm32f1xx_hal_gpio_ex.o" --specs=nano.specs -mfloat-abi=soft -mthumb -o "Drivers/STM32F1xx_HAL_Driver/Src/stm32f1xx_hal_gpio_ex.o"
arm-none-eabi-gcc "../Drivers/STM32F1xx_HAL_Driver/Src/stm32f1xx_hal_pwr.c" -mcpu=cortex-m3 -std=gnu11 -g3 -DDEBUG -DUSE_HAL_DRIVER -DSTM32F103x6 -c -I../Core/Inc -I../Drivers/STM32F1xx_HAL_Driver/Inc -I../Drivers/STM32F1xx_HAL_Driver/Inc/Legacy -I../Drivers/CMSIS/Device/ST/STM32F1xx/Include -I../Drivers/CMSIS/Include -O0 -ffunction-sections -fdata-sections -Wall -fstack-usage -MMD -MP -MF"Drivers/STM32F1xx_HAL_Driver/Src/stm32f1xx_hal_pwr.d" -MT"Drivers/STM32F1xx_HAL_Driver/Src/stm32f1xx_hal_pwr.o" --specs=nano.specs -mfloat-abi=soft -mthumb -o "Drivers/STM32F1xx_HAL_Driver/Src/stm32f1xx_hal_pwr.o"
arm-none-eabi-gcc "../Drivers/STM32F1xx_HAL_Driver/Src/stm32f1xx_hal_rcc.c" -mcpu=cortex-m3 -std=gnu11 -g3 -DDEBUG -DUSE_HAL_DRIVER -DSTM32F103x6 -c -I../Core/Inc -I../Drivers/STM32F1xx_HAL_Driver/Inc -I../Drivers/STM32F1xx_HAL_Driver/Inc/Legacy -I../Drivers/CMSIS/Device/ST/STM32F1xx/Include -I../Drivers/CMSIS/Include -O0 -ffunction-sections -fdata-sections -Wall -fstack-usage -MMD -MP -MF"Drivers/STM32F1xx_HAL_Driver/Src/stm32f1xx_hal_rcc.d" -MT"Drivers/STM32F1xx_HAL_Driver/Src/stm32f1xx_hal_rcc.o" --specs=nano.specs -mfloat-abi=soft -mthumb -o "Drivers/STM32F1xx_HAL_Driver/Src/stm32f1xx_hal_rcc.o"
arm-none-eabi-gcc "../Drivers/STM32F1xx_HAL_Driver/Src/stm32f1xx_hal_rcc_ex.c" -mcpu=cortex-m3 -std=gnu11 -g3 -DDEBUG -DUSE_HAL_DRIVER -DSTM32F103x6 -c -I../Core/Inc -I../Drivers/STM32F1xx_HAL_Driver/Inc -I../Drivers/STM32F1xx_HAL_Driver/Inc/Legacy -I../Drivers/CMSIS/Device/ST/STM32F1xx/Include -I../Drivers/CMSIS/Include -O0 -ffunction-sections -fdata-sections -Wall -fstack-usage -MMD -MP -MF"Drivers/STM32F1xx_HAL_Driver/Src/stm32f1xx_hal_rcc_ex.d" -MT"Drivers/STM32F1xx_HAL_Driver/Src/stm32f1xx_hal_rcc_ex.o" --specs=nano.specs -mfloat-abi=soft -mthumb -o "Drivers/STM32F1xx_HAL_Driver/Src/stm32f1xx_hal_rcc_ex.o"
arm-none-eabi-gcc "../Drivers/STM32F1xx_HAL_Driver/Src/stm32f1xx_hal_tim.c" -mcpu=cortex-m3 -std=gnu11 -g3 -DDEBUG -DUSE_HAL_DRIVER -DSTM32F103x6 -c -I../Core/Inc -I../Drivers/STM32F1xx_HAL_Driver/Inc -I../Drivers/STM32F1xx_HAL_Driver/Inc/Legacy -I../Drivers/CMSIS/Device/ST/STM32F1xx/Include -I../Drivers/CMSIS/Include -O0 -ffunction-sections -fdata-sections -Wall -fstack-usage -MMD -MP -MF"Drivers/STM32F1xx_HAL_Driver/Src/stm32f1xx_hal_tim.d" -MT"Drivers/STM32F1xx_HAL_Driver/Src/stm32f1xx_hal_tim.o" --specs=nano.specs -mfloat-abi=soft -mthumb -o "Drivers/STM32F1xx_HAL_Driver/Src/stm32f1xx_hal_tim.o"
arm-none-eabi-gcc "../Drivers/STM32F1xx_HAL_Driver/Src/stm32f1xx_hal_tim_ex.c" -mcpu=cortex-m3 -std=gnu11 -g3 -DDEBUG -DUSE_HAL_DRIVER -DSTM32F103x6 -c -I../Core/Inc -I../Drivers/STM32F1xx_HAL_Driver/Inc -I../Drivers/STM32F1xx_HAL_Driver/Inc/Legacy -I../Drivers/CMSIS/Device/ST/STM32F1xx/Include -I../Drivers/CMSIS/Include -O0 -ffunction-sections -fdata-sections -Wall -fstack-usage -MMD -MP -MF"Drivers/STM32F1xx_HAL_Driver/Src/stm32f1xx_hal_tim_ex.d" -MT"Drivers/STM32F1xx_HAL_Driver/Src/stm32f1xx_hal_tim_ex.o" --specs=nano.specs -mfloat-abi=soft -mthumb -o "Drivers/STM32F1xx_HAL_Driver/Src/stm32f1xx_hal_tim_ex.o"
arm-none-eabi-gcc "../Drivers/STM32F1xx_HAL_Driver/Src/stm32f1xx_hal_uart.c" -mcpu=cortex-m3 -std=gnu11 -g3 -DDEBUG -DUSE_HAL_DRIVER -DSTM32F103x6 -c -I../Core/Inc -I../Drivers/STM32F1xx_HAL_Driver/Inc -I../Drivers/STM32F1xx_HAL_Driver/Inc/Legacy -I../Drivers/CMSIS/Device/ST/STM32F1xx/Include -I../Drivers/CMSIS/Include -O0 -ffunction-sections -fdata-sections -Wall -fstack-usage -MMD -MP -MF"Drivers/STM32F1xx_HAL_Driver/Src/stm32f1xx_hal_uart.d" -MT"Drivers/STM32F1xx_HAL_Driver/Src/stm32f1xx_hal_uart.o" --specs=nano.specs -mfloat-abi=soft -mthumb -o "Drivers/STM32F1xx_HAL_Driver/Src/stm32f1xx_hal_uart.o"
arm-none-eabi-gcc "../Core/Src/button.c" -mcpu=cortex-m3 -std=gnu11 -g3 -DDEBUG -DUSE_HAL_DRIVER -DSTM32F103x6 -c -I../Core/Inc -I../Drivers/STM32F1xx_HAL_Driver/Inc -I../Drivers/STM32F1xx_HAL_Driver/Inc/Legacy -I../Drivers/CMSIS/Device/ST/STM32F1xx/Include -I../Drivers/CMSIS/Include -O0 -ffunction-sections -fdata-sections -Wall -fstack-usage -MMD -MP -MF"Core/Src/button.d" -MT"Core/Src/button.o" --specs=nano.specs -mfloat-abi=soft -mthumb -o "Core/Src/button.o"
arm-none-eabi-gcc "../Core/Src/main.c" -mcpu=cortex-m3 -std=gnu11 -g3 -DDEBUG -DUSE_HAL_DRIVER -DSTM32F103x6 -c -I../Core/Inc -I../Drivers/STM32F1xx_HAL_Driver/Inc -I../Drivers/STM32F1xx_HAL_Driver/Inc/Legacy -I../Drivers/CMSIS/Device/ST/STM32F1xx/Include -I../Drivers/CMSIS/Include -O0 -ffunction-sections -fdata-sections -Wall -fstack-usage -MMD -MP -MF"Core/Src/main.d" -MT"Core/Src/main.o" --specs=nano.specs -mfloat-abi=soft -mthumb -o "Core/Src/main.o"
arm-none-eabi-gcc "../Core/Src/process_uart.c" -mcpu=cortex-m3 -std=gnu11 -g3 -DDEBUG -DUSE_HAL_DRIVER -DSTM32F103x6 -c -I../Core/Inc -I../Drivers/STM32F1xx_HAL_Driver/Inc -I../Drivers/STM32F1xx_HAL_Driver/Inc/Legacy -I../Drivers/CMSIS/Device/ST/STM32F1xx/Include -I../Drivers/CMSIS/Include -O0 -ffunction-sections -fdata-sections -Wall -fstack-usage -MMD -MP -MF"Core/Src/process_uart.d" -MT"Core/Src/process_uart.o" --specs=nano.specs -mfloat-abi=soft -mthumb -o "Core/Src/process_uart.o"
arm-none-eabi-gcc "../Core/Src/stm32f1xx_hal_msp.c" -mcpu=cortex-m3 -std=gnu11 -g3 -DDEBUG -DUSE_HAL_DRIVER -DSTM32F103x6 -c -I../Core/Inc -I../Drivers/STM32F1xx_HAL_Driver/Inc -I../Drivers/STM32F1xx_HAL_Driver/Inc/Legacy -I../Drivers/CMSIS/Device/ST/STM32F1xx/Include -I../Drivers/CMSIS/Include -O0 -ffunction-sections -fdata-sections -Wall -fstack-usage -MMD -MP -MF"Core/Src/stm32f1xx_hal_msp.d" -MT"Core/Src/stm32f1xx_hal_msp.o" --specs=nano.specs -mfloat-abi=soft -mthumb -o "Core/Src/stm32f1xx_hal_msp.o"
arm-none-eabi-gcc "../Core/Src/stm32f1xx_it.c" -mcpu=cortex-m3 -std=gnu11 -g3 -DDEBUG -DUSE_HAL_DRIVER -DSTM32F103x6 -c -I../Core/Inc -I../Drivers/STM32F1xx_HAL_Driver/Inc -I../Drivers/STM32F1xx_HAL_Driver/Inc/Legacy -I../Drivers/CMSIS/Device/ST/STM32F1xx/Include -I../Drivers/CMSIS/Include -O0 -ffunction-sections -fdata-sections -Wall -fstack-usage -MMD -MP -MF"Core/Src/stm32f1xx_it.d" -MT"Core/Src/stm32f1xx_it.o" --specs=nano.specs -mfloat-abi=soft -mthumb -o "Core/Src/stm32f1xx_it.o"
../Core/Src/main.c: In function 'main':
../Core/Src/main.c:118:3: warning: implicit declaration of function 'init_uart' [-Wimplicit-function-declaration]
  118 |   init_uart();
      |   ^~~~~~~~~
../Core/Src/main.c:127:53: warning: pointer targets in passing argument 1 of 'sprintf' differ in signedness [-Wpointer-sign]
  127 |    HAL_UART_Transmit(&huart2, (void *)data, sprintf(data, "%lu\r", HAL_ADC_GetValue(&hadc1)), 50);
      |                                                     ^~~~
      |                                                     |
      |                                                     uint8_t * {aka unsigned char *}
In file included from ../Core/Inc/process_uart.h:12,
                 from ../Core/Src/main.c:26:
e:\stm32\stm32cubeide_1.7.0\stm32cubeide\plugins\com.st.stm32cube.ide.mcu.externaltools.gnu-tools-for-stm32.9-2020-q2-update.win32_2.0.0.202105311346\tools\arm-none-eabi\include\stdio.h:244:14: note: expected 'char * restrict' but argument is of type 'uint8_t *' {aka 'unsigned char *'}
  244 | int sprintf (char *__restrict, const char *__restrict, ...)
      |              ^
arm-none-eabi-gcc "../Core/Src/system_stm32f1xx.c" -mcpu=cortex-m3 -std=gnu11 -g3 -DDEBUG -DUSE_HAL_DRIVER -DSTM32F103x6 -c -I../Core/Inc -I../Drivers/STM32F1xx_HAL_Driver/Inc -I../Drivers/STM32F1xx_HAL_Driver/Inc/Legacy -I../Drivers/CMSIS/Device/ST/STM32F1xx/Include -I../Drivers/CMSIS/Include -O0 -ffunction-sections -fdata-sections -Wall -fstack-usage -MMD -MP -MF"Core/Src/system_stm32f1xx.d" -MT"Core/Src/system_stm32f1xx.o" --specs=nano.specs -mfloat-abi=soft -mthumb -o "Core/Src/system_stm32f1xx.o"
arm-none-eabi-gcc -o "lab5_uart.elf" @"objects.list"   -mcpu=cortex-m3 -T"E:\Microcontroller\lab5_microcontroller\lab5_uart\STM32F103C6TX_FLASH.ld" --specs=nosys.specs -Wl,-Map="lab5_uart.map" -Wl,--gc-sections -static --specs=nano.specs -mfloat-abi=soft -mthumb -Wl,--start-group -lc -lm -Wl,--end-group
Finished building target: lab5_uart.elf
 
arm-none-eabi-size   lab5_uart.elf 
arm-none-eabi-objdump -h -S  lab5_uart.elf  > "lab5_uart.list"
arm-none-eabi-objcopy  -O ihex  lab5_uart.elf  "lab5_uart.hex"
   text	   data	    bss	    dec	    hex	filename
  16748	    120	   1848	  18716	   491c	lab5_uart.elf
arm-none-eabi-objcopy  -O binary  lab5_uart.elf  "lab5_uart.bin"
Finished building: default.size.stdout
 
Finished building: lab5_uart.hex
Finished building: lab5_uart.bin
 
 
Finished building: lab5_uart.list
 
11:45:02 **** Incremental Build of configuration Debug for project lab5_uart ****
make -j8 all 
arm-none-eabi-gcc "../Core/Src/main.c" -mcpu=cortex-m3 -std=gnu11 -g3 -DDEBUG -DUSE_HAL_DRIVER -DSTM32F103x6 -c -I../Core/Inc -I../Drivers/STM32F1xx_HAL_Driver/Inc -I../Drivers/STM32F1xx_HAL_Driver/Inc/Legacy -I../Drivers/CMSIS/Device/ST/STM32F1xx/Include -I../Drivers/CMSIS/Include -O0 -ffunction-sections -fdata-sections -Wall -fstack-usage -MMD -MP -MF"Core/Src/main.d" -MT"Core/Src/main.o" --specs=nano.specs -mfloat-abi=soft -mthumb -o "Core/Src/main.o"
../Core/Src/main.c: In function 'main':
../Core/Src/main.c:118:3: warning: implicit declaration of function 'init_uart' [-Wimplicit-function-declaration]
  118 |   init_uart();
      |   ^~~~~~~~~
../Core/Src/main.c:127:53: warning: pointer targets in passing argument 1 of 'sprintf' differ in signedness [-Wpointer-sign]
  127 |    HAL_UART_Transmit(&huart2, (void *)data, sprintf(data, "%lu\r", HAL_ADC_GetValue(&hadc1)), 50);
      |                                                     ^~~~
      |                                                     |
      |                                                     uint8_t * {aka unsigned char *}
In file included from ../Core/Inc/process_uart.h:12,
                 from ../Core/Src/main.c:26:
e:\stm32\stm32cubeide_1.7.0\stm32cubeide\plugins\com.st.stm32cube.ide.mcu.externaltools.gnu-tools-for-stm32.9-2020-q2-update.win32_2.0.0.202105311346\tools\arm-none-eabi\include\stdio.h:244:14: note: expected 'char * restrict' but argument is of type 'uint8_t *' {aka 'unsigned char *'}
  244 | int sprintf (char *__restrict, const char *__restrict, ...)
      |              ^
arm-none-eabi-gcc -o "lab5_uart.elf" @"objects.list"   -mcpu=cortex-m3 -T"E:\Microcontroller\lab5_microcontroller\lab5_uart\STM32F103C6TX_FLASH.ld" --specs=nosys.specs -Wl,-Map="lab5_uart.map" -Wl,--gc-sections -static --specs=nano.specs -mfloat-abi=soft -mthumb -Wl,--start-group -lc -lm -Wl,--end-group
Finished building target: lab5_uart.elf
 
arm-none-eabi-size   lab5_uart.elf 
arm-none-eabi-objdump -h -S  lab5_uart.elf  > "lab5_uart.list"
arm-none-eabi-objcopy  -O ihex  lab5_uart.elf  "lab5_uart.hex"
   text	   data	    bss	    dec	    hex	filename
  16856	    120	   1848	  18824	   4988	lab5_uart.elf
arm-none-eabi-objcopy  -O binary  lab5_uart.elf  "lab5_uart.bin"
Finished building: default.size.stdout
 
Finished building: lab5_uart.hex
Finished building: lab5_uart.bin
 
 
Finished building: lab5_uart.list
 
11:45:06 **** Incremental Build of configuration Debug for project lab5_uart ****
make -j8 all 
arm-none-eabi-size   lab5_uart.elf 
   text	   data	    bss	    dec	    hex	filename
  16856	    120	   1848	  18824	   4988	lab5_uart.elf
Finished building: default.size.stdout
 
11:45:11 **** Incremental Build of configuration Debug for project lab5_uart ****
make -j8 all 
arm-none-eabi-gcc "../Core/Src/main.c" -mcpu=cortex-m3 -std=gnu11 -g3 -DDEBUG -DUSE_HAL_DRIVER -DSTM32F103x6 -c -I../Core/Inc -I../Drivers/STM32F1xx_HAL_Driver/Inc -I../Drivers/STM32F1xx_HAL_Driver/Inc/Legacy -I../Drivers/CMSIS/Device/ST/STM32F1xx/Include -I../Drivers/CMSIS/Include -O0 -ffunction-sections -fdata-sections -Wall -fstack-usage -MMD -MP -MF"Core/Src/main.d" -MT"Core/Src/main.o" --specs=nano.specs -mfloat-abi=soft -mthumb -o "Core/Src/main.o"
../Core/Src/main.c: In function 'main':
../Core/Src/main.c:117:3: warning: implicit declaration of function 'init_uart' [-Wimplicit-function-declaration]
  117 |   init_uart();
      |   ^~~~~~~~~
../Core/Src/main.c:126:53: warning: pointer targets in passing argument 1 of 'sprintf' differ in signedness [-Wpointer-sign]
  126 |    HAL_UART_Transmit(&huart2, (void *)data, sprintf(data, "%lu\r", HAL_ADC_GetValue(&hadc1)), 50);
      |                                                     ^~~~
      |                                                     |
      |                                                     uint8_t * {aka unsigned char *}
In file included from ../Core/Inc/process_uart.h:12,
                 from ../Core/Src/main.c:26:
e:\stm32\stm32cubeide_1.7.0\stm32cubeide\plugins\com.st.stm32cube.ide.mcu.externaltools.gnu-tools-for-stm32.9-2020-q2-update.win32_2.0.0.202105311346\tools\arm-none-eabi\include\stdio.h:244:14: note: expected 'char * restrict' but argument is of type 'uint8_t *' {aka 'unsigned char *'}
  244 | int sprintf (char *__restrict, const char *__restrict, ...)
      |              ^
arm-none-eabi-gcc -o "lab5_uart.elf" @"objects.list"   -mcpu=cortex-m3 -T"E:\Microcontroller\lab5_microcontroller\lab5_uart\STM32F103C6TX_FLASH.ld" --specs=nosys.specs -Wl,-Map="lab5_uart.map" -Wl,--gc-sections -static --specs=nano.specs -mfloat-abi=soft -mthumb -Wl,--start-group -lc -lm -Wl,--end-group
Finished building target: lab5_uart.elf
 
arm-none-eabi-size   lab5_uart.elf 
arm-none-eabi-objdump -h -S  lab5_uart.elf  > "lab5_uart.list"
arm-none-eabi-objcopy  -O ihex  lab5_uart.elf  "lab5_uart.hex"
   text	   data	    bss	    dec	    hex	filename
  16856	    120	   1848	  18824	   4988	lab5_uart.elf
arm-none-eabi-objcopy  -O binary  lab5_uart.elf  "lab5_uart.bin"
Finished building: default.size.stdout
 
Finished building: lab5_uart.hex
Finished building: lab5_uart.bin
 
 
Finished building: lab5_uart.list
 
11:45:15 **** Incremental Build of configuration Debug for project lab5_uart ****
make -j8 all 
arm-none-eabi-size   lab5_uart.elf 
   text	   data	    bss	    dec	    hex	filename
  16856	    120	   1848	  18824	   4988	lab5_uart.elf
Finished building: default.size.stdout
 
11:48:30 **** Incremental Build of configuration Debug for project lab5_uart ****
make -j8 all 
arm-none-eabi-gcc "../Core/Src/main.c" -mcpu=cortex-m3 -std=gnu11 -g3 -DDEBUG -DUSE_HAL_DRIVER -DSTM32F103x6 -c -I../Core/Inc -I../Drivers/STM32F1xx_HAL_Driver/Inc -I../Drivers/STM32F1xx_HAL_Driver/Inc/Legacy -I../Drivers/CMSIS/Device/ST/STM32F1xx/Include -I../Drivers/CMSIS/Include -O0 -ffunction-sections -fdata-sections -Wall -fstack-usage -MMD -MP -MF"Core/Src/main.d" -MT"Core/Src/main.o" --specs=nano.specs -mfloat-abi=soft -mthumb -o "Core/Src/main.o"
arm-none-eabi-gcc "../Core/Src/process_uart.c" -mcpu=cortex-m3 -std=gnu11 -g3 -DDEBUG -DUSE_HAL_DRIVER -DSTM32F103x6 -c -I../Core/Inc -I../Drivers/STM32F1xx_HAL_Driver/Inc -I../Drivers/STM32F1xx_HAL_Driver/Inc/Legacy -I../Drivers/CMSIS/Device/ST/STM32F1xx/Include -I../Drivers/CMSIS/Include -O0 -ffunction-sections -fdata-sections -Wall -fstack-usage -MMD -MP -MF"Core/Src/process_uart.d" -MT"Core/Src/process_uart.o" --specs=nano.specs -mfloat-abi=soft -mthumb -o "Core/Src/process_uart.o"
../Core/Src/main.c: In function 'main':
../Core/Src/main.c:117:3: warning: implicit declaration of function 'init_uart' [-Wimplicit-function-declaration]
  117 |   init_uart();
      |   ^~~~~~~~~
../Core/Src/main.c:126:53: warning: pointer targets in passing argument 1 of 'sprintf' differ in signedness [-Wpointer-sign]
  126 |    HAL_UART_Transmit(&huart2, (void *)data, sprintf(data, "%lu\r", HAL_ADC_GetValue(&hadc1)), 50);
      |                                                     ^~~~
      |                                                     |
      |                                                     uint8_t * {aka unsigned char *}
In file included from ../Core/Inc/process_uart.h:12,
                 from ../Core/Src/main.c:26:
e:\stm32\stm32cubeide_1.7.0\stm32cubeide\plugins\com.st.stm32cube.ide.mcu.externaltools.gnu-tools-for-stm32.9-2020-q2-update.win32_2.0.0.202105311346\tools\arm-none-eabi\include\stdio.h:244:14: note: expected 'char * restrict' but argument is of type 'uint8_t *' {aka 'unsigned char *'}
  244 | int sprintf (char *__restrict, const char *__restrict, ...)
      |              ^
arm-none-eabi-gcc -o "lab5_uart.elf" @"objects.list"   -mcpu=cortex-m3 -T"E:\Microcontroller\lab5_microcontroller\lab5_uart\STM32F103C6TX_FLASH.ld" --specs=nosys.specs -Wl,-Map="lab5_uart.map" -Wl,--gc-sections -static --specs=nano.specs -mfloat-abi=soft -mthumb -Wl,--start-group -lc -lm -Wl,--end-group
Finished building target: lab5_uart.elf
 
arm-none-eabi-size   lab5_uart.elf 
arm-none-eabi-objdump -h -S  lab5_uart.elf  > "lab5_uart.list"
arm-none-eabi-objcopy  -O ihex  lab5_uart.elf  "lab5_uart.hex"
   text	   data	    bss	    dec	    hex	filename
  16856	    120	   1848	  18824	   4988	lab5_uart.elf
arm-none-eabi-objcopy  -O binary  lab5_uart.elf  "lab5_uart.bin"
Finished building: default.size.stdout
 
Finished building: lab5_uart.hex
Finished building: lab5_uart.bin
 
 
Finished building: lab5_uart.list
 
